129. Printing statistics.

=== sar_algo ===

        +----------Local Count, excluding submodules.
        |        +-Local Area, excluding submodules.
        |        | 
      126        - wires
      145        - wire bits
       22        - public wires
       41        - public wire bits
       14        - ports
       33        - port bits
      137 2.53E+03 cells
        3   38.102   sg13g2_a21o_1
        6   54.432   sg13g2_a21oi_1
        1   10.849   sg13g2_a22oi_1
        2   18.144   sg13g2_and2_1
        1    7.258   sg13g2_buf_1
       32 1.57E+03   sg13g2_dfrbpq_1
       37  201.398   sg13g2_inv_1
       15   272.16   sg13g2_mux2_1
        3   21.773   sg13g2_nand2_1
        4   36.288   sg13g2_nand2b_1
        1    9.072   sg13g2_nand3_1
        1   12.701   sg13g2_nand3b_1
        1   10.886   sg13g2_nand4_1
        9   65.318   sg13g2_nor2_1
        3   27.216   sg13g2_nor2b_1
        8   72.576   sg13g2_nor3_1
        7   63.504   sg13g2_o21ai_1
        1    9.072   sg13g2_or2_1
        1   14.515   sg13g2_xnor2_1
        1   14.515   sg13g2_xor2_1

   Chip area for module '\sar_algo': 2527.421400
     of which used for sequential elements: 1567.641600 (62.03%)

