
===========================================================================
report_checks -path_delay min (Hold)
============================================================================
======================= nom_typ_1p20V_25C Corner ===================================

Startpoint: _235_ (rising edge-triggered flip-flop clocked by fclk_in)
Endpoint: _235_ (rising edge-triggered flip-flop clocked by fclk_in)
Path Group: fclk_in
Path Type: min

Fanout         Cap        Slew       Delay        Time   Description
---------------------------------------------------------------------------------------------
                                  0.000000    0.000000   clock fclk_in (rise edge)
                                  0.000000    0.000000   clock source latency
     2    0.051639    0.066110    0.044048    0.044048 ^ fclk_in (in)
                                                         fclk_in (net)
                      0.066763    0.000000    0.044048 ^ clkbuf_regs_0_fclk_in/A (sg13g2_buf_16)
     1    0.021639    0.021578    0.083177    0.127225 ^ clkbuf_regs_0_fclk_in/X (sg13g2_buf_16)
                                                         fclk_in_regs (net)
                      0.021598    0.001247    0.128472 ^ clkbuf_0_fclk_in_regs/A (sg13g2_buf_16)
     2    0.042195    0.024067    0.065175    0.193647 ^ clkbuf_0_fclk_in_regs/X (sg13g2_buf_16)
                                                         clknet_0_fclk_in_regs (net)
                      0.024099    0.001548    0.195195 ^ clkbuf_1_0__f_fclk_in_regs/A (sg13g2_buf_16)
     3    0.016729    0.018417    0.061698    0.256893 ^ clkbuf_1_0__f_fclk_in_regs/X (sg13g2_buf_16)
                                                         clknet_1_0__leaf_fclk_in_regs (net)
                      0.018418    0.000285    0.257178 ^ _235_/CLK (sg13g2_dfrbpq_1)
     2    0.008480    0.034892    0.172390    0.429568 v _235_/Q (sg13g2_dfrbpq_1)
                                                         cnt[0] (net)
                      0.034892    0.000163    0.429731 v hold50/A (sg13g2_dlygate4sd3_1)
     3    0.017959    0.084720    0.426767    0.856498 v hold50/X (sg13g2_dlygate4sd3_1)
                                                         net50 (net)
                      0.084721    0.000358    0.856856 v _116_/B (sg13g2_xor2_1)
     1    0.002362    0.027123    0.070370    0.927226 v _116_/X (sg13g2_xor2_1)
                                                         _061_ (net)
                      0.027123    0.000034    0.927260 v _235_/D (sg13g2_dfrbpq_1)
                                              0.927260   data arrival time

                                  0.000000    0.000000   clock fclk_in (rise edge)
                                  0.000000    0.000000   clock source latency
     2    0.051639    0.066110    0.044048    0.044048 ^ fclk_in (in)
                                                         fclk_in (net)
                      0.066763    0.000000    0.044048 ^ clkbuf_regs_0_fclk_in/A (sg13g2_buf_16)
     1    0.021639    0.021578    0.083177    0.127225 ^ clkbuf_regs_0_fclk_in/X (sg13g2_buf_16)
                                                         fclk_in_regs (net)
                      0.021598    0.001247    0.128472 ^ clkbuf_0_fclk_in_regs/A (sg13g2_buf_16)
     2    0.042195    0.024067    0.065175    0.193647 ^ clkbuf_0_fclk_in_regs/X (sg13g2_buf_16)
                                                         clknet_0_fclk_in_regs (net)
                      0.024099    0.001548    0.195195 ^ clkbuf_1_0__f_fclk_in_regs/A (sg13g2_buf_16)
     3    0.016729    0.018417    0.061698    0.256893 ^ clkbuf_1_0__f_fclk_in_regs/X (sg13g2_buf_16)
                                                         clknet_1_0__leaf_fclk_in_regs (net)
                      0.018418    0.000285    0.257178 ^ _235_/CLK (sg13g2_dfrbpq_1)
                                  0.250000    0.507178   clock uncertainty
                                  0.000000    0.507178   clock reconvergence pessimism
                                 -0.036971    0.470207   library hold time
                                              0.470207   data required time
---------------------------------------------------------------------------------------------
                                              0.470207   data required time
                                             -0.927260   data arrival time
---------------------------------------------------------------------------------------------
                                              0.457053   slack (MET)


Startpoint: _235_ (rising edge-triggered flip-flop clocked by fclk_in)
Endpoint: _239_ (rising edge-triggered flip-flop clocked by fclk_in)
Path Group: fclk_in
Path Type: min

Fanout         Cap        Slew       Delay        Time   Description
---------------------------------------------------------------------------------------------
                                  0.000000    0.000000   clock fclk_in (rise edge)
                                  0.000000    0.000000   clock source latency
     2    0.051639    0.066110    0.044048    0.044048 ^ fclk_in (in)
                                                         fclk_in (net)
                      0.066763    0.000000    0.044048 ^ clkbuf_regs_0_fclk_in/A (sg13g2_buf_16)
     1    0.021639    0.021578    0.083177    0.127225 ^ clkbuf_regs_0_fclk_in/X (sg13g2_buf_16)
                                                         fclk_in_regs (net)
                      0.021598    0.001247    0.128472 ^ clkbuf_0_fclk_in_regs/A (sg13g2_buf_16)
     2    0.042195    0.024067    0.065175    0.193647 ^ clkbuf_0_fclk_in_regs/X (sg13g2_buf_16)
                                                         clknet_0_fclk_in_regs (net)
                      0.024099    0.001548    0.195195 ^ clkbuf_1_0__f_fclk_in_regs/A (sg13g2_buf_16)
     3    0.016729    0.018417    0.061698    0.256893 ^ clkbuf_1_0__f_fclk_in_regs/X (sg13g2_buf_16)
                                                         clknet_1_0__leaf_fclk_in_regs (net)
                      0.018418    0.000285    0.257178 ^ _235_/CLK (sg13g2_dfrbpq_1)
     2    0.008480    0.034892    0.172390    0.429568 v _235_/Q (sg13g2_dfrbpq_1)
                                                         cnt[0] (net)
                      0.034893    0.000276    0.429844 v _111_/D (sg13g2_nand4_1)
     2    0.009495    0.063492    0.066903    0.496746 ^ _111_/Y (sg13g2_nand4_1)
                                                         _070_ (net)
                      0.063492    0.000184    0.496930 ^ _117_/C (sg13g2_nor3_1)
     1    0.005522    0.033407    0.049968    0.546898 v _117_/Y (sg13g2_nor3_1)
                                                         _000_ (net)
                      0.033407    0.000212    0.547110 v hold45/A (sg13g2_dlygate4sd3_1)
     2    0.005874    0.044274    0.384090    0.931200 v hold45/X (sg13g2_dlygate4sd3_1)
                                                         net45 (net)
                      0.044274    0.000060    0.931260 v _239_/D (sg13g2_dfrbpq_1)
                                              0.931260   data arrival time

                                  0.000000    0.000000   clock fclk_in (rise edge)
                                  0.000000    0.000000   clock source latency
     2    0.051639    0.066110    0.044048    0.044048 ^ fclk_in (in)
                                                         fclk_in (net)
                      0.066763    0.000000    0.044048 ^ clkbuf_regs_0_fclk_in/A (sg13g2_buf_16)
     1    0.021639    0.021578    0.083177    0.127225 ^ clkbuf_regs_0_fclk_in/X (sg13g2_buf_16)
                                                         fclk_in_regs (net)
                      0.021598    0.001247    0.128472 ^ clkbuf_0_fclk_in_regs/A (sg13g2_buf_16)
     2    0.042195    0.024067    0.065175    0.193647 ^ clkbuf_0_fclk_in_regs/X (sg13g2_buf_16)
                                                         clknet_0_fclk_in_regs (net)
                      0.024096    0.001474    0.195121 ^ clkbuf_1_1__f_fclk_in_regs/A (sg13g2_buf_16)
     3    0.016802    0.018431    0.061664    0.256785 ^ clkbuf_1_1__f_fclk_in_regs/X (sg13g2_buf_16)
                                                         clknet_1_1__leaf_fclk_in_regs (net)
                      0.018439    0.000787    0.257572 ^ _239_/CLK (sg13g2_dfrbpq_1)
                                  0.250000    0.507572   clock uncertainty
                                  0.000000    0.507572   clock reconvergence pessimism
                                 -0.042400    0.465171   library hold time
                                              0.465171   data required time
---------------------------------------------------------------------------------------------
                                              0.465171   data required time
                                             -0.931260   data arrival time
---------------------------------------------------------------------------------------------
                                              0.466088   slack (MET)


Startpoint: _238_ (rising edge-triggered flip-flop clocked by fclk_in)
Endpoint: _238_ (rising edge-triggered flip-flop clocked by fclk_in)
Path Group: fclk_in
Path Type: min

Fanout         Cap        Slew       Delay        Time   Description
---------------------------------------------------------------------------------------------
                                  0.000000    0.000000   clock fclk_in (rise edge)
                                  0.000000    0.000000   clock source latency
     2    0.051639    0.066110    0.044048    0.044048 ^ fclk_in (in)
                                                         fclk_in (net)
                      0.066763    0.000000    0.044048 ^ clkbuf_regs_0_fclk_in/A (sg13g2_buf_16)
     1    0.021639    0.021578    0.083177    0.127225 ^ clkbuf_regs_0_fclk_in/X (sg13g2_buf_16)
                                                         fclk_in_regs (net)
                      0.021598    0.001247    0.128472 ^ clkbuf_0_fclk_in_regs/A (sg13g2_buf_16)
     2    0.042195    0.024067    0.065175    0.193647 ^ clkbuf_0_fclk_in_regs/X (sg13g2_buf_16)
                                                         clknet_0_fclk_in_regs (net)
                      0.024096    0.001474    0.195121 ^ clkbuf_1_1__f_fclk_in_regs/A (sg13g2_buf_16)
     3    0.016802    0.018431    0.061664    0.256785 ^ clkbuf_1_1__f_fclk_in_regs/X (sg13g2_buf_16)
                                                         clknet_1_1__leaf_fclk_in_regs (net)
                      0.018438    0.000729    0.257514 ^ _238_/CLK (sg13g2_dfrbpq_1)
     1    0.004448    0.023593    0.162605    0.420120 v _238_/Q (sg13g2_dfrbpq_1)
                                                         cnt[3] (net)
                      0.023593    0.000143    0.420263 v hold44/A (sg13g2_dlygate4sd3_1)
     3    0.017593    0.083404    0.419269    0.839531 v hold44/X (sg13g2_dlygate4sd3_1)
                                                         net44 (net)
                      0.083406    0.000409    0.839941 v _112_/A (sg13g2_and2_1)
     1    0.005647    0.028763    0.096030    0.935971 v _112_/X (sg13g2_and2_1)
                                                         _064_ (net)
                      0.028765    0.000224    0.936194 v _238_/D (sg13g2_dfrbpq_1)
                                              0.936194   data arrival time

                                  0.000000    0.000000   clock fclk_in (rise edge)
                                  0.000000    0.000000   clock source latency
     2    0.051639    0.066110    0.044048    0.044048 ^ fclk_in (in)
                                                         fclk_in (net)
                      0.066763    0.000000    0.044048 ^ clkbuf_regs_0_fclk_in/A (sg13g2_buf_16)
     1    0.021639    0.021578    0.083177    0.127225 ^ clkbuf_regs_0_fclk_in/X (sg13g2_buf_16)
                                                         fclk_in_regs (net)
                      0.021598    0.001247    0.128472 ^ clkbuf_0_fclk_in_regs/A (sg13g2_buf_16)
     2    0.042195    0.024067    0.065175    0.193647 ^ clkbuf_0_fclk_in_regs/X (sg13g2_buf_16)
                                                         clknet_0_fclk_in_regs (net)
                      0.024096    0.001474    0.195121 ^ clkbuf_1_1__f_fclk_in_regs/A (sg13g2_buf_16)
     3    0.016802    0.018431    0.061664    0.256785 ^ clkbuf_1_1__f_fclk_in_regs/X (sg13g2_buf_16)
                                                         clknet_1_1__leaf_fclk_in_regs (net)
                      0.018438    0.000729    0.257514 ^ _238_/CLK (sg13g2_dfrbpq_1)
                                  0.250000    0.507514   clock uncertainty
                                  0.000000    0.507514   clock reconvergence pessimism
                                 -0.037487    0.470028   library hold time
                                              0.470028   data required time
---------------------------------------------------------------------------------------------
                                              0.470028   data required time
                                             -0.936194   data arrival time
---------------------------------------------------------------------------------------------
                                              0.466167   slack (MET)


Startpoint: _238_ (rising edge-triggered flip-flop clocked by fclk_in)
Endpoint: _234_ (rising edge-triggered flip-flop clocked by fclk_in)
Path Group: fclk_in
Path Type: min

Fanout         Cap        Slew       Delay        Time   Description
---------------------------------------------------------------------------------------------
                                  0.000000    0.000000   clock fclk_in (rise edge)
                                  0.000000    0.000000   clock source latency
     2    0.051639    0.066110    0.044048    0.044048 ^ fclk_in (in)
                                                         fclk_in (net)
                      0.066763    0.000000    0.044048 ^ clkbuf_regs_0_fclk_in/A (sg13g2_buf_16)
     1    0.021639    0.021578    0.083177    0.127225 ^ clkbuf_regs_0_fclk_in/X (sg13g2_buf_16)
                                                         fclk_in_regs (net)
                      0.021598    0.001247    0.128472 ^ clkbuf_0_fclk_in_regs/A (sg13g2_buf_16)
     2    0.042195    0.024067    0.065175    0.193647 ^ clkbuf_0_fclk_in_regs/X (sg13g2_buf_16)
                                                         clknet_0_fclk_in_regs (net)
                      0.024096    0.001474    0.195121 ^ clkbuf_1_1__f_fclk_in_regs/A (sg13g2_buf_16)
     3    0.016802    0.018431    0.061664    0.256785 ^ clkbuf_1_1__f_fclk_in_regs/X (sg13g2_buf_16)
                                                         clknet_1_1__leaf_fclk_in_regs (net)
                      0.018438    0.000729    0.257514 ^ _238_/CLK (sg13g2_dfrbpq_1)
     1    0.004411    0.029332    0.166130    0.423644 ^ _238_/Q (sg13g2_dfrbpq_1)
                                                         cnt[3] (net)
                      0.029332    0.000141    0.423785 ^ hold44/A (sg13g2_dlygate4sd3_1)
     3    0.017700    0.090178    0.408473    0.832258 ^ hold44/X (sg13g2_dlygate4sd3_1)
                                                         net44 (net)
                      0.090178    0.000357    0.832615 ^ _118_/A1 (sg13g2_o21ai_1)
     1    0.006030    0.049436    0.093998    0.926613 v _118_/Y (sg13g2_o21ai_1)
                                                         _072_ (net)
                      0.049436    0.000192    0.926805 v _119_/B_N (sg13g2_nor2b_1)
     1    0.004399    0.025350    0.080363    1.007169 v _119_/Y (sg13g2_nor2b_1)
                                                         _060_ (net)
                      0.025351    0.000142    1.007310 v _234_/D (sg13g2_dfrbpq_1)
                                              1.007310   data arrival time

                                  0.000000    0.000000   clock fclk_in (rise edge)
                                  0.000000    0.000000   clock source latency
     2    0.051639    0.066110    0.044048    0.044048 ^ fclk_in (in)
                                                         fclk_in (net)
                      0.066763    0.000000    0.044048 ^ clkbuf_regs_0_fclk_in/A (sg13g2_buf_16)
     1    0.021639    0.021578    0.083177    0.127225 ^ clkbuf_regs_0_fclk_in/X (sg13g2_buf_16)
                                                         fclk_in_regs (net)
                      0.021598    0.001247    0.128472 ^ clkbuf_0_fclk_in_regs/A (sg13g2_buf_16)
     2    0.042195    0.024067    0.065175    0.193647 ^ clkbuf_0_fclk_in_regs/X (sg13g2_buf_16)
                                                         clknet_0_fclk_in_regs (net)
                      0.024096    0.001474    0.195121 ^ clkbuf_1_1__f_fclk_in_regs/A (sg13g2_buf_16)
     3    0.016802    0.018431    0.061664    0.256785 ^ clkbuf_1_1__f_fclk_in_regs/X (sg13g2_buf_16)
                                                         clknet_1_1__leaf_fclk_in_regs (net)
                      0.018442    0.000901    0.257686 ^ _234_/CLK (sg13g2_dfrbpq_1)
                                  0.250000    0.507686   clock uncertainty
                                  0.000000    0.507686   clock reconvergence pessimism
                                 -0.036404    0.471282   library hold time
                                              0.471282   data required time
---------------------------------------------------------------------------------------------
                                              0.471282   data required time
                                             -1.007310   data arrival time
---------------------------------------------------------------------------------------------
                                              0.536029   slack (MET)


Startpoint: _236_ (rising edge-triggered flip-flop clocked by fclk_in)
Endpoint: _236_ (rising edge-triggered flip-flop clocked by fclk_in)
Path Group: fclk_in
Path Type: min

Fanout         Cap        Slew       Delay        Time   Description
---------------------------------------------------------------------------------------------
                                  0.000000    0.000000   clock fclk_in (rise edge)
                                  0.000000    0.000000   clock source latency
     2    0.051639    0.066110    0.044048    0.044048 ^ fclk_in (in)
                                                         fclk_in (net)
                      0.066763    0.000000    0.044048 ^ clkbuf_regs_0_fclk_in/A (sg13g2_buf_16)
     1    0.021639    0.021578    0.083177    0.127225 ^ clkbuf_regs_0_fclk_in/X (sg13g2_buf_16)
                                                         fclk_in_regs (net)
                      0.021598    0.001247    0.128472 ^ clkbuf_0_fclk_in_regs/A (sg13g2_buf_16)
     2    0.042195    0.024067    0.065175    0.193647 ^ clkbuf_0_fclk_in_regs/X (sg13g2_buf_16)
                                                         clknet_0_fclk_in_regs (net)
                      0.024099    0.001548    0.195195 ^ clkbuf_1_0__f_fclk_in_regs/A (sg13g2_buf_16)
     3    0.016729    0.018417    0.061698    0.256893 ^ clkbuf_1_0__f_fclk_in_regs/X (sg13g2_buf_16)
                                                         clknet_1_0__leaf_fclk_in_regs (net)
                      0.018419    0.000357    0.257250 ^ _236_/CLK (sg13g2_dfrbpq_1)
     1    0.003877    0.022096    0.161214    0.418464 v _236_/Q (sg13g2_dfrbpq_1)
                                                         cnt[1] (net)
                      0.022096    0.000094    0.418558 v hold48/A (sg13g2_dlygate4sd3_1)
     3    0.018050    0.085144    0.419863    0.838421 v hold48/X (sg13g2_dlygate4sd3_1)
                                                         net48 (net)
                      0.085149    0.000671    0.839092 v _114_/B1 (sg13g2_a21o_1)
     1    0.003226    0.024984    0.099329    0.938421 v _114_/X (sg13g2_a21o_1)
                                                         _071_ (net)
                      0.024984    0.000043    0.938464 v _115_/B (sg13g2_and2_1)
     1    0.003559    0.022346    0.070830    1.009293 v _115_/X (sg13g2_and2_1)
                                                         _062_ (net)
                      0.022346    0.000090    1.009383 v _236_/D (sg13g2_dfrbpq_1)
                                              1.009383   data arrival time

                                  0.000000    0.000000   clock fclk_in (rise edge)
                                  0.000000    0.000000   clock source latency
     2    0.051639    0.066110    0.044048    0.044048 ^ fclk_in (in)
                                                         fclk_in (net)
                      0.066763    0.000000    0.044048 ^ clkbuf_regs_0_fclk_in/A (sg13g2_buf_16)
     1    0.021639    0.021578    0.083177    0.127225 ^ clkbuf_regs_0_fclk_in/X (sg13g2_buf_16)
                                                         fclk_in_regs (net)
                      0.021598    0.001247    0.128472 ^ clkbuf_0_fclk_in_regs/A (sg13g2_buf_16)
     2    0.042195    0.024067    0.065175    0.193647 ^ clkbuf_0_fclk_in_regs/X (sg13g2_buf_16)
                                                         clknet_0_fclk_in_regs (net)
                      0.024099    0.001548    0.195195 ^ clkbuf_1_0__f_fclk_in_regs/A (sg13g2_buf_16)
     3    0.016729    0.018417    0.061698    0.256893 ^ clkbuf_1_0__f_fclk_in_regs/X (sg13g2_buf_16)
                                                         clknet_1_0__leaf_fclk_in_regs (net)
                      0.018419    0.000357    0.257250 ^ _236_/CLK (sg13g2_dfrbpq_1)
                                  0.250000    0.507250   clock uncertainty
                                  0.000000    0.507250   clock reconvergence pessimism
                                 -0.035457    0.471793   library hold time
                                              0.471793   data required time
---------------------------------------------------------------------------------------------
                                              0.471793   data required time
                                             -1.009383   data arrival time
---------------------------------------------------------------------------------------------
                                              0.537590   slack (MET)


Startpoint: _237_ (rising edge-triggered flip-flop clocked by fclk_in)
Endpoint: _237_ (rising edge-triggered flip-flop clocked by fclk_in)
Path Group: fclk_in
Path Type: min

Fanout         Cap        Slew       Delay        Time   Description
---------------------------------------------------------------------------------------------
                                  0.000000    0.000000   clock fclk_in (rise edge)
                                  0.000000    0.000000   clock source latency
     2    0.051639    0.066110    0.044048    0.044048 ^ fclk_in (in)
                                                         fclk_in (net)
                      0.066763    0.000000    0.044048 ^ clkbuf_regs_0_fclk_in/A (sg13g2_buf_16)
     1    0.021639    0.021578    0.083177    0.127225 ^ clkbuf_regs_0_fclk_in/X (sg13g2_buf_16)
                                                         fclk_in_regs (net)
                      0.021598    0.001247    0.128472 ^ clkbuf_0_fclk_in_regs/A (sg13g2_buf_16)
     2    0.042195    0.024067    0.065175    0.193647 ^ clkbuf_0_fclk_in_regs/X (sg13g2_buf_16)
                                                         clknet_0_fclk_in_regs (net)
                      0.024099    0.001548    0.195195 ^ clkbuf_1_0__f_fclk_in_regs/A (sg13g2_buf_16)
     3    0.016729    0.018417    0.061698    0.256893 ^ clkbuf_1_0__f_fclk_in_regs/X (sg13g2_buf_16)
                                                         clknet_1_0__leaf_fclk_in_regs (net)
                      0.018421    0.000519    0.257411 ^ _237_/CLK (sg13g2_dfrbpq_1)
     1    0.004411    0.029336    0.166126    0.423537 ^ _237_/Q (sg13g2_dfrbpq_1)
                                                         cnt[2] (net)
                      0.029336    0.000129    0.423666 ^ hold46/A (sg13g2_dlygate4sd3_1)
     2    0.015102    0.079780    0.399435    0.823101 ^ hold46/X (sg13g2_dlygate4sd3_1)
                                                         net46 (net)
                      0.079781    0.000459    0.823559 ^ _113_/A (sg13g2_xnor2_1)
     1    0.003832    0.038353    0.083794    0.907353 v _113_/Y (sg13g2_xnor2_1)
                                                         _063_ (net)
                      0.038353    0.000091    0.907443 v hold47/A (sg13g2_dlygate4sd3_1)
     1    0.002600    0.035860    0.375430    1.282873 v hold47/X (sg13g2_dlygate4sd3_1)
                                                         net47 (net)
                      0.035860    0.000044    1.282916 v _237_/D (sg13g2_dfrbpq_1)
                                              1.282916   data arrival time

                                  0.000000    0.000000   clock fclk_in (rise edge)
                                  0.000000    0.000000   clock source latency
     2    0.051639    0.066110    0.044048    0.044048 ^ fclk_in (in)
                                                         fclk_in (net)
                      0.066763    0.000000    0.044048 ^ clkbuf_regs_0_fclk_in/A (sg13g2_buf_16)
     1    0.021639    0.021578    0.083177    0.127225 ^ clkbuf_regs_0_fclk_in/X (sg13g2_buf_16)
                                                         fclk_in_regs (net)
                      0.021598    0.001247    0.128472 ^ clkbuf_0_fclk_in_regs/A (sg13g2_buf_16)
     2    0.042195    0.024067    0.065175    0.193647 ^ clkbuf_0_fclk_in_regs/X (sg13g2_buf_16)
                                                         clknet_0_fclk_in_regs (net)
                      0.024099    0.001548    0.195195 ^ clkbuf_1_0__f_fclk_in_regs/A (sg13g2_buf_16)
     3    0.016729    0.018417    0.061698    0.256893 ^ clkbuf_1_0__f_fclk_in_regs/X (sg13g2_buf_16)
                                                         clknet_1_0__leaf_fclk_in_regs (net)
                      0.018421    0.000519    0.257411 ^ _237_/CLK (sg13g2_dfrbpq_1)
                                  0.250000    0.507411   clock uncertainty
                                  0.000000    0.507411   clock reconvergence pessimism
                                 -0.039738    0.467673   library hold time
                                              0.467673   data required time
---------------------------------------------------------------------------------------------
                                              0.467673   data required time
                                             -1.282916   data arrival time
---------------------------------------------------------------------------------------------
                                              0.815243   slack (MET)


Startpoint: rst (input port clocked by fclk_in)
Endpoint: _238_ (removal check against rising-edge clock fclk_in)
Path Group: asynchronous
Path Type: min

Fanout         Cap        Slew       Delay        Time   Description
---------------------------------------------------------------------------------------------
                                  0.000000    0.000000   clock fclk_in (rise edge)
                                  0.000000    0.000000   clock network delay (propagated)
                                 12.500000   12.500000 v input external delay
     1    0.007499    0.020307    0.005497   12.505497 v rst (in)
                                                         rst (net)
                      0.020308    0.000000   12.505497 v input5/A (sg13g2_buf_1)
     1    0.006845    0.030328    0.067709   12.573206 v input5/X (sg13g2_buf_1)
                                                         net5 (net)
                      0.030331    0.000312   12.573518 v fanout39/A (sg13g2_buf_1)
     4    0.028639    0.094697    0.123893   12.697411 v fanout39/X (sg13g2_buf_1)
                                                         net39 (net)
                      0.094698    0.000217   12.697627 v fanout36/A (sg13g2_buf_1)
     4    0.026937    0.089836    0.148632   12.846259 v fanout36/X (sg13g2_buf_1)
                                                         net36 (net)
                      0.089845    0.000949   12.847209 v _206_/A (sg13g2_inv_1)
     1    0.008918    0.055326    0.068196   12.915405 ^ _206_/Y (sg13g2_inv_1)
                                                         _032_ (net)
                      0.055331    0.000400   12.915805 ^ _238_/RESET_B (sg13g2_dfrbpq_1)
                                             12.915805   data arrival time

                                  0.000000    0.000000   clock fclk_in (rise edge)
                                  0.000000    0.000000   clock source latency
     2    0.051639    0.066110    0.044048    0.044048 ^ fclk_in (in)
                                                         fclk_in (net)
                      0.066763    0.000000    0.044048 ^ clkbuf_regs_0_fclk_in/A (sg13g2_buf_16)
     1    0.021639    0.021578    0.083177    0.127225 ^ clkbuf_regs_0_fclk_in/X (sg13g2_buf_16)
                                                         fclk_in_regs (net)
                      0.021598    0.001247    0.128472 ^ clkbuf_0_fclk_in_regs/A (sg13g2_buf_16)
     2    0.042195    0.024067    0.065175    0.193647 ^ clkbuf_0_fclk_in_regs/X (sg13g2_buf_16)
                                                         clknet_0_fclk_in_regs (net)
                      0.024096    0.001474    0.195121 ^ clkbuf_1_1__f_fclk_in_regs/A (sg13g2_buf_16)
     3    0.016802    0.018431    0.061664    0.256785 ^ clkbuf_1_1__f_fclk_in_regs/X (sg13g2_buf_16)
                                                         clknet_1_1__leaf_fclk_in_regs (net)
                      0.018438    0.000729    0.257514 ^ _238_/CLK (sg13g2_dfrbpq_1)
                                  0.250000    0.507514   clock uncertainty
                                  0.000000    0.507514   clock reconvergence pessimism
                                 -0.111275    0.396240   library removal time
                                              0.396240   data required time
---------------------------------------------------------------------------------------------
                                              0.396240   data required time
                                            -12.915805   data arrival time
---------------------------------------------------------------------------------------------
                                             12.519566   slack (MET)


Startpoint: rst (input port clocked by fclk_in)
Endpoint: _234_ (removal check against rising-edge clock fclk_in)
Path Group: asynchronous
Path Type: min

Fanout         Cap        Slew       Delay        Time   Description
---------------------------------------------------------------------------------------------
                                  0.000000    0.000000   clock fclk_in (rise edge)
                                  0.000000    0.000000   clock network delay (propagated)
                                 12.500000   12.500000 v input external delay
     1    0.007499    0.020307    0.005497   12.505497 v rst (in)
                                                         rst (net)
                      0.020308    0.000000   12.505497 v input5/A (sg13g2_buf_1)
     1    0.006845    0.030328    0.067709   12.573206 v input5/X (sg13g2_buf_1)
                                                         net5 (net)
                      0.030331    0.000312   12.573518 v fanout39/A (sg13g2_buf_1)
     4    0.028639    0.094697    0.123893   12.697411 v fanout39/X (sg13g2_buf_1)
                                                         net39 (net)
                      0.094698    0.000217   12.697627 v fanout36/A (sg13g2_buf_1)
     4    0.026937    0.089836    0.148632   12.846259 v fanout36/X (sg13g2_buf_1)
                                                         net36 (net)
                      0.089845    0.000966   12.847226 v _202_/A (sg13g2_inv_1)
     1    0.009237    0.056565    0.069393   12.916619 ^ _202_/Y (sg13g2_inv_1)
                                                         _028_ (net)
                      0.056570    0.000442   12.917062 ^ _234_/RESET_B (sg13g2_dfrbpq_1)
                                             12.917062   data arrival time

                                  0.000000    0.000000   clock fclk_in (rise edge)
                                  0.000000    0.000000   clock source latency
     2    0.051639    0.066110    0.044048    0.044048 ^ fclk_in (in)
                                                         fclk_in (net)
                      0.066763    0.000000    0.044048 ^ clkbuf_regs_0_fclk_in/A (sg13g2_buf_16)
     1    0.021639    0.021578    0.083177    0.127225 ^ clkbuf_regs_0_fclk_in/X (sg13g2_buf_16)
                                                         fclk_in_regs (net)
                      0.021598    0.001247    0.128472 ^ clkbuf_0_fclk_in_regs/A (sg13g2_buf_16)
     2    0.042195    0.024067    0.065175    0.193647 ^ clkbuf_0_fclk_in_regs/X (sg13g2_buf_16)
                                                         clknet_0_fclk_in_regs (net)
                      0.024096    0.001474    0.195121 ^ clkbuf_1_1__f_fclk_in_regs/A (sg13g2_buf_16)
     3    0.016802    0.018431    0.061664    0.256785 ^ clkbuf_1_1__f_fclk_in_regs/X (sg13g2_buf_16)
                                                         clknet_1_1__leaf_fclk_in_regs (net)
                      0.018442    0.000901    0.257686 ^ _234_/CLK (sg13g2_dfrbpq_1)
                                  0.250000    0.507686   clock uncertainty
                                  0.000000    0.507686   clock reconvergence pessimism
                                 -0.111645    0.396041   library removal time
                                              0.396041   data required time
---------------------------------------------------------------------------------------------
                                              0.396041   data required time
                                            -12.917062   data arrival time
---------------------------------------------------------------------------------------------
                                             12.521021   slack (MET)


Startpoint: rst (input port clocked by fclk_in)
Endpoint: _239_ (removal check against rising-edge clock fclk_in)
Path Group: asynchronous
Path Type: min

Fanout         Cap        Slew       Delay        Time   Description
---------------------------------------------------------------------------------------------
                                  0.000000    0.000000   clock fclk_in (rise edge)
                                  0.000000    0.000000   clock network delay (propagated)
                                 12.500000   12.500000 v input external delay
     1    0.007499    0.020307    0.005497   12.505497 v rst (in)
                                                         rst (net)
                      0.020308    0.000000   12.505497 v input5/A (sg13g2_buf_1)
     1    0.006845    0.030328    0.067709   12.573206 v input5/X (sg13g2_buf_1)
                                                         net5 (net)
                      0.030331    0.000312   12.573518 v fanout39/A (sg13g2_buf_1)
     4    0.028639    0.094697    0.123893   12.697411 v fanout39/X (sg13g2_buf_1)
                                                         net39 (net)
                      0.094698    0.000217   12.697627 v fanout36/A (sg13g2_buf_1)
     4    0.026937    0.089836    0.148632   12.846259 v fanout36/X (sg13g2_buf_1)
                                                         net36 (net)
                      0.089851    0.001179   12.847438 v _207_/A (sg13g2_inv_1)
     1    0.009258    0.056628    0.069506   12.916945 ^ _207_/Y (sg13g2_inv_1)
                                                         _033_ (net)
                      0.056632    0.000382   12.917326 ^ _239_/RESET_B (sg13g2_dfrbpq_1)
                                             12.917326   data arrival time

                                  0.000000    0.000000   clock fclk_in (rise edge)
                                  0.000000    0.000000   clock source latency
     2    0.051639    0.066110    0.044048    0.044048 ^ fclk_in (in)
                                                         fclk_in (net)
                      0.066763    0.000000    0.044048 ^ clkbuf_regs_0_fclk_in/A (sg13g2_buf_16)
     1    0.021639    0.021578    0.083177    0.127225 ^ clkbuf_regs_0_fclk_in/X (sg13g2_buf_16)
                                                         fclk_in_regs (net)
                      0.021598    0.001247    0.128472 ^ clkbuf_0_fclk_in_regs/A (sg13g2_buf_16)
     2    0.042195    0.024067    0.065175    0.193647 ^ clkbuf_0_fclk_in_regs/X (sg13g2_buf_16)
                                                         clknet_0_fclk_in_regs (net)
                      0.024096    0.001474    0.195121 ^ clkbuf_1_1__f_fclk_in_regs/A (sg13g2_buf_16)
     3    0.016802    0.018431    0.061664    0.256785 ^ clkbuf_1_1__f_fclk_in_regs/X (sg13g2_buf_16)
                                                         clknet_1_1__leaf_fclk_in_regs (net)
                      0.018439    0.000787    0.257572 ^ _239_/CLK (sg13g2_dfrbpq_1)
                                  0.250000    0.507572   clock uncertainty
                                  0.000000    0.507572   clock reconvergence pessimism
                                 -0.111664    0.395907   library removal time
                                              0.395907   data required time
---------------------------------------------------------------------------------------------
                                              0.395907   data required time
                                            -12.917326   data arrival time
---------------------------------------------------------------------------------------------
                                             12.521419   slack (MET)


Startpoint: rst (input port clocked by fclk_in)
Endpoint: _237_ (removal check against rising-edge clock fclk_in)
Path Group: asynchronous
Path Type: min

Fanout         Cap        Slew       Delay        Time   Description
---------------------------------------------------------------------------------------------
                                  0.000000    0.000000   clock fclk_in (rise edge)
                                  0.000000    0.000000   clock network delay (propagated)
                                 12.500000   12.500000 v input external delay
     1    0.007499    0.020307    0.005497   12.505497 v rst (in)
                                                         rst (net)
                      0.020308    0.000000   12.505497 v input5/A (sg13g2_buf_1)
     1    0.006845    0.030328    0.067709   12.573206 v input5/X (sg13g2_buf_1)
                                                         net5 (net)
                      0.030331    0.000312   12.573518 v fanout39/A (sg13g2_buf_1)
     4    0.028639    0.094697    0.123893   12.697411 v fanout39/X (sg13g2_buf_1)
                                                         net39 (net)
                      0.094698    0.000217   12.697627 v fanout36/A (sg13g2_buf_1)
     4    0.026937    0.089836    0.148632   12.846259 v fanout36/X (sg13g2_buf_1)
                                                         net36 (net)
                      0.089837    0.000488   12.846747 v _205_/A (sg13g2_inv_1)
     1    0.010269    0.060610    0.073244   12.919991 ^ _205_/Y (sg13g2_inv_1)
                                                         _031_ (net)
                      0.060619    0.000591   12.920582 ^ _237_/RESET_B (sg13g2_dfrbpq_1)
                                             12.920582   data arrival time

                                  0.000000    0.000000   clock fclk_in (rise edge)
                                  0.000000    0.000000   clock source latency
     2    0.051639    0.066110    0.044048    0.044048 ^ fclk_in (in)
                                                         fclk_in (net)
                      0.066763    0.000000    0.044048 ^ clkbuf_regs_0_fclk_in/A (sg13g2_buf_16)
     1    0.021639    0.021578    0.083177    0.127225 ^ clkbuf_regs_0_fclk_in/X (sg13g2_buf_16)
                                                         fclk_in_regs (net)
                      0.021598    0.001247    0.128472 ^ clkbuf_0_fclk_in_regs/A (sg13g2_buf_16)
     2    0.042195    0.024067    0.065175    0.193647 ^ clkbuf_0_fclk_in_regs/X (sg13g2_buf_16)
                                                         clknet_0_fclk_in_regs (net)
                      0.024099    0.001548    0.195195 ^ clkbuf_1_0__f_fclk_in_regs/A (sg13g2_buf_16)
     3    0.016729    0.018417    0.061698    0.256893 ^ clkbuf_1_0__f_fclk_in_regs/X (sg13g2_buf_16)
                                                         clknet_1_0__leaf_fclk_in_regs (net)
                      0.018421    0.000519    0.257411 ^ _237_/CLK (sg13g2_dfrbpq_1)
                                  0.250000    0.507411   clock uncertainty
                                  0.000000    0.507411   clock reconvergence pessimism
                                 -0.112861    0.394551   library removal time
                                              0.394551   data required time
---------------------------------------------------------------------------------------------
                                              0.394551   data required time
                                            -12.920582   data arrival time
---------------------------------------------------------------------------------------------
                                             12.526031   slack (MET)


Startpoint: fclk_in (clock source 'fclk_in')
Endpoint: fclk_comp (output port clocked by fclk_in)
Path Group: fclk_in
Path Type: min

Fanout         Cap        Slew       Delay        Time   Description
---------------------------------------------------------------------------------------------
                                  0.000000    0.000000   clock fclk_in (rise edge)
                                  0.000000    0.000000   clock source latency
     2    0.051639    0.066110    0.044245    0.044245 ^ fclk_in (in)
                                                         fclk_in (net)
                      0.066815    0.000000    0.044245 ^ clkbuf_0_fclk_in/A (sg13g2_buf_16)
     1    0.022354    0.021747    0.083313    0.127557 ^ clkbuf_0_fclk_in/X (sg13g2_buf_16)
                                                         clknet_0_fclk_in (net)
                      0.021776    0.001477    0.129034 ^ clkbuf_1_0__f_fclk_in/A (sg13g2_buf_16)
     1    0.006225    0.015820    0.058529    0.187563 ^ clkbuf_1_0__f_fclk_in/X (sg13g2_buf_16)
                                                         clknet_1_0__leaf_fclk_in (net)
                      0.015820    0.000246    0.187809 ^ _240_/A (sg13g2_buf_1)
     1    0.004971    0.029404    0.060095    0.247904 ^ _240_/X (sg13g2_buf_1)
                                                         net28 (net)
                      0.029405    0.000144    0.248048 ^ output28/A (sg13g2_buf_1)
     1    0.009951    0.049111    0.080327    0.328375 ^ output28/X (sg13g2_buf_1)
                                                         fclk_comp (net)
                      0.049116    0.000491    0.328866 ^ fclk_comp (out)
                                              0.328866   data arrival time

                                  0.000000    0.000000   clock fclk_in (rise edge)
                                  0.000000    0.000000   clock network delay (propagated)
                                  0.250000    0.250000   clock uncertainty
                                  0.000000    0.250000   clock reconvergence pessimism
                                -12.500000  -12.250000   output external delay
                                            -12.250000   data required time
---------------------------------------------------------------------------------------------
                                            -12.250000   data required time
                                             -0.328866   data arrival time
---------------------------------------------------------------------------------------------
                                             12.578865   slack (MET)


Startpoint: _239_ (rising edge-triggered flip-flop clocked by fclk_in)
Endpoint: fdac_clk (output port clocked by fclk_in)
Path Group: fclk_in
Path Type: min

Fanout         Cap        Slew       Delay        Time   Description
---------------------------------------------------------------------------------------------
                                  0.000000    0.000000   clock fclk_in (rise edge)
                                  0.000000    0.000000   clock source latency
     2    0.051639    0.066110    0.044048    0.044048 ^ fclk_in (in)
                                                         fclk_in (net)
                      0.066763    0.000000    0.044048 ^ clkbuf_regs_0_fclk_in/A (sg13g2_buf_16)
     1    0.021639    0.021578    0.083177    0.127225 ^ clkbuf_regs_0_fclk_in/X (sg13g2_buf_16)
                                                         fclk_in_regs (net)
                      0.021598    0.001247    0.128472 ^ clkbuf_0_fclk_in_regs/A (sg13g2_buf_16)
     2    0.042195    0.024067    0.065175    0.193647 ^ clkbuf_0_fclk_in_regs/X (sg13g2_buf_16)
                                                         clknet_0_fclk_in_regs (net)
                      0.024096    0.001474    0.195121 ^ clkbuf_1_1__f_fclk_in_regs/A (sg13g2_buf_16)
     3    0.016802    0.018431    0.061664    0.256785 ^ clkbuf_1_1__f_fclk_in_regs/X (sg13g2_buf_16)
                                                         clknet_1_1__leaf_fclk_in_regs (net)
                      0.018439    0.000787    0.257572 ^ _239_/CLK (sg13g2_dfrbpq_1)
     1    0.006738    0.029852    0.168141    0.425712 v _239_/Q (sg13g2_dfrbpq_1)
                                                         net30 (net)
                      0.029852    0.000300    0.426013 v output30/A (sg13g2_buf_1)
     1    0.012300    0.046838    0.084915    0.510928 v output30/X (sg13g2_buf_1)
                                                         fdac_clk (net)
                      0.046856    0.000887    0.511814 v fdac_clk (out)
                                              0.511814   data arrival time

                                  0.000000    0.000000   clock fclk_in (rise edge)
                                  0.000000    0.000000   clock network delay (propagated)
                                  0.250000    0.250000   clock uncertainty
                                  0.000000    0.250000   clock reconvergence pessimism
                                -12.500000  -12.250000   output external delay
                                            -12.250000   data required time
---------------------------------------------------------------------------------------------
                                            -12.250000   data required time
                                             -0.511814   data arrival time
---------------------------------------------------------------------------------------------
                                             12.761814   slack (MET)


Startpoint: rst (input port clocked by fclk_in)
Endpoint: _236_ (removal check against rising-edge clock fclk_in)
Path Group: asynchronous
Path Type: min

Fanout         Cap        Slew       Delay        Time   Description
---------------------------------------------------------------------------------------------
                                  0.000000    0.000000   clock fclk_in (rise edge)
                                  0.000000    0.000000   clock network delay (propagated)
                                 12.500000   12.500000 v input external delay
     1    0.007499    0.020307    0.005497   12.505497 v rst (in)
                                                         rst (net)
                      0.020308    0.000000   12.505497 v input5/A (sg13g2_buf_1)
     1    0.006845    0.030328    0.067709   12.573206 v input5/X (sg13g2_buf_1)
                                                         net5 (net)
                      0.030331    0.000312   12.573518 v fanout39/A (sg13g2_buf_1)
     4    0.028639    0.094697    0.123893   12.697411 v fanout39/X (sg13g2_buf_1)
                                                         net39 (net)
                      0.094698    0.000241   12.697651 v fanout35/A (sg13g2_buf_1)
     8    0.050419    0.160839    0.199980   12.897631 v fanout35/X (sg13g2_buf_1)
                                                         net35 (net)
                      0.160902    0.001330   12.898961 v fanout34/A (sg13g2_buf_1)
     8    0.047099    0.151712    0.209724   13.108685 v fanout34/X (sg13g2_buf_1)
                                                         net34 (net)
                      0.152029    0.005731   13.114416 v _204_/A (sg13g2_inv_1)
     1    0.006050    0.054694    0.070296   13.184712 ^ _204_/Y (sg13g2_inv_1)
                                                         _030_ (net)
                      0.054694    0.000101   13.184813 ^ _236_/RESET_B (sg13g2_dfrbpq_1)
                                             13.184813   data arrival time

                                  0.000000    0.000000   clock fclk_in (rise edge)
                                  0.000000    0.000000   clock source latency
     2    0.051639    0.066110    0.044048    0.044048 ^ fclk_in (in)
                                                         fclk_in (net)
                      0.066763    0.000000    0.044048 ^ clkbuf_regs_0_fclk_in/A (sg13g2_buf_16)
     1    0.021639    0.021578    0.083177    0.127225 ^ clkbuf_regs_0_fclk_in/X (sg13g2_buf_16)
                                                         fclk_in_regs (net)
                      0.021598    0.001247    0.128472 ^ clkbuf_0_fclk_in_regs/A (sg13g2_buf_16)
     2    0.042195    0.024067    0.065175    0.193647 ^ clkbuf_0_fclk_in_regs/X (sg13g2_buf_16)
                                                         clknet_0_fclk_in_regs (net)
                      0.024099    0.001548    0.195195 ^ clkbuf_1_0__f_fclk_in_regs/A (sg13g2_buf_16)
     3    0.016729    0.018417    0.061698    0.256893 ^ clkbuf_1_0__f_fclk_in_regs/X (sg13g2_buf_16)
                                                         clknet_1_0__leaf_fclk_in_regs (net)
                      0.018419    0.000357    0.257250 ^ _236_/CLK (sg13g2_dfrbpq_1)
                                  0.250000    0.507250   clock uncertainty
                                  0.000000    0.507250   clock reconvergence pessimism
                                 -0.111086    0.396164   library removal time
                                              0.396164   data required time
---------------------------------------------------------------------------------------------
                                              0.396164   data required time
                                            -13.184813   data arrival time
---------------------------------------------------------------------------------------------
                                             12.788650   slack (MET)


Startpoint: rst (input port clocked by fclk_in)
Endpoint: _235_ (removal check against rising-edge clock fclk_in)
Path Group: asynchronous
Path Type: min

Fanout         Cap        Slew       Delay        Time   Description
---------------------------------------------------------------------------------------------
                                  0.000000    0.000000   clock fclk_in (rise edge)
                                  0.000000    0.000000   clock network delay (propagated)
                                 12.500000   12.500000 v input external delay
     1    0.007499    0.020307    0.005497   12.505497 v rst (in)
                                                         rst (net)
                      0.020308    0.000000   12.505497 v input5/A (sg13g2_buf_1)
     1    0.006845    0.030328    0.067709   12.573206 v input5/X (sg13g2_buf_1)
                                                         net5 (net)
                      0.030331    0.000312   12.573518 v fanout39/A (sg13g2_buf_1)
     4    0.028639    0.094697    0.123893   12.697411 v fanout39/X (sg13g2_buf_1)
                                                         net39 (net)
                      0.094698    0.000241   12.697651 v fanout35/A (sg13g2_buf_1)
     8    0.050419    0.160839    0.199980   12.897631 v fanout35/X (sg13g2_buf_1)
                                                         net35 (net)
                      0.160902    0.001330   12.898961 v fanout34/A (sg13g2_buf_1)
     8    0.047099    0.151712    0.209724   13.108685 v fanout34/X (sg13g2_buf_1)
                                                         net34 (net)
                      0.152027    0.005715   13.114400 v _203_/A (sg13g2_inv_1)
     1    0.007925    0.062060    0.078962   13.193361 ^ _203_/Y (sg13g2_inv_1)
                                                         _029_ (net)
                      0.062061    0.000302   13.193664 ^ _235_/RESET_B (sg13g2_dfrbpq_1)
                                             13.193664   data arrival time

                                  0.000000    0.000000   clock fclk_in (rise edge)
                                  0.000000    0.000000   clock source latency
     2    0.051639    0.066110    0.044048    0.044048 ^ fclk_in (in)
                                                         fclk_in (net)
                      0.066763    0.000000    0.044048 ^ clkbuf_regs_0_fclk_in/A (sg13g2_buf_16)
     1    0.021639    0.021578    0.083177    0.127225 ^ clkbuf_regs_0_fclk_in/X (sg13g2_buf_16)
                                                         fclk_in_regs (net)
                      0.021598    0.001247    0.128472 ^ clkbuf_0_fclk_in_regs/A (sg13g2_buf_16)
     2    0.042195    0.024067    0.065175    0.193647 ^ clkbuf_0_fclk_in_regs/X (sg13g2_buf_16)
                                                         clknet_0_fclk_in_regs (net)
                      0.024099    0.001548    0.195195 ^ clkbuf_1_0__f_fclk_in_regs/A (sg13g2_buf_16)
     3    0.016729    0.018417    0.061698    0.256893 ^ clkbuf_1_0__f_fclk_in_regs/X (sg13g2_buf_16)
                                                         clknet_1_0__leaf_fclk_in_regs (net)
                      0.018418    0.000285    0.257178 ^ _235_/CLK (sg13g2_dfrbpq_1)
                                  0.250000    0.507178   clock uncertainty
                                  0.000000    0.507178   clock reconvergence pessimism
                                 -0.113293    0.393885   library removal time
                                              0.393885   data required time
---------------------------------------------------------------------------------------------
                                              0.393885   data required time
                                            -13.193664   data arrival time
---------------------------------------------------------------------------------------------
                                             12.799779   slack (MET)


Startpoint: _234_ (rising edge-triggered flip-flop clocked by fclk_in)
Endpoint: fclk_samp (output port clocked by fclk_in)
Path Group: fclk_in
Path Type: min

Fanout         Cap        Slew       Delay        Time   Description
---------------------------------------------------------------------------------------------
                                  0.000000    0.000000   clock fclk_in (rise edge)
                                  0.000000    0.000000   clock source latency
     2    0.051639    0.066110    0.044048    0.044048 ^ fclk_in (in)
                                                         fclk_in (net)
                      0.066763    0.000000    0.044048 ^ clkbuf_regs_0_fclk_in/A (sg13g2_buf_16)
     1    0.021639    0.021578    0.083177    0.127225 ^ clkbuf_regs_0_fclk_in/X (sg13g2_buf_16)
                                                         fclk_in_regs (net)
                      0.021598    0.001247    0.128472 ^ clkbuf_0_fclk_in_regs/A (sg13g2_buf_16)
     2    0.042195    0.024067    0.065175    0.193647 ^ clkbuf_0_fclk_in_regs/X (sg13g2_buf_16)
                                                         clknet_0_fclk_in_regs (net)
                      0.024096    0.001474    0.195121 ^ clkbuf_1_1__f_fclk_in_regs/A (sg13g2_buf_16)
     3    0.016802    0.018431    0.061664    0.256785 ^ clkbuf_1_1__f_fclk_in_regs/X (sg13g2_buf_16)
                                                         clknet_1_1__leaf_fclk_in_regs (net)
                      0.018442    0.000901    0.257686 ^ _234_/CLK (sg13g2_dfrbpq_1)
     2    0.010486    0.051907    0.183729    0.441415 ^ _234_/Q (sg13g2_dfrbpq_1)
                                                         _001_ (net)
                      0.051907    0.000188    0.441603 ^ hold51/A (sg13g2_dlygate4sd3_1)
     1    0.004078    0.038301    0.373081    0.814685 ^ hold51/X (sg13g2_dlygate4sd3_1)
                                                         net51 (net)
                      0.038301    0.000075    0.814759 ^ _104_/A (sg13g2_inv_1)
     5    0.032869    0.106202    0.104274    0.919033 v _104_/Y (sg13g2_inv_1)
                                                         net29 (net)
                      0.106230    0.001464    0.920497 v output29/A (sg13g2_buf_1)
     1    0.009824    0.041199    0.110113    1.030609 v output29/X (sg13g2_buf_1)
                                                         fclk_samp (net)
                      0.041204    0.000472    1.031082 v fclk_samp (out)
                                              1.031082   data arrival time

                                  0.000000    0.000000   clock fclk_in (rise edge)
                                  0.000000    0.000000   clock network delay (propagated)
                                  0.250000    0.250000   clock uncertainty
                                  0.000000    0.250000   clock reconvergence pessimism
                                -12.500000  -12.250000   output external delay
                                            -12.250000   data required time
---------------------------------------------------------------------------------------------
                                            -12.250000   data required time
                                             -1.031082   data arrival time
---------------------------------------------------------------------------------------------
                                             13.281081   slack (MET)



