
===========================================================================
 report_power
============================================================================
======================= nom_typ_1p20V_25C Corner ===================================

Group                    Internal    Switching      Leakage        Total
                            Power        Power        Power        Power (Watts)
------------------------------------------------------------------------
Sequential           1.740632e-05 5.399843e-06 1.577065e-08 2.282193e-05  38.4%
Combinational        1.005144e-05 9.101643e-06 1.946560e-08 1.917255e-05  32.2%
Clock                1.422445e-05 3.245580e-06 8.532961e-09 1.747856e-05  29.4%
Macro                0.000000e+00 0.000000e+00 0.000000e+00 0.000000e+00   0.0%
Pad                  0.000000e+00 0.000000e+00 0.000000e+00 0.000000e+00   0.0%
------------------------------------------------------------------------
Total                4.168220e-05 1.774707e-05 4.376921e-08 5.947304e-05 100.0%
                            70.1%        29.8%         0.1%
Writing metric power__internal__total: 4.168220402789302e-5
Writing metric power__switching__total: 1.774706834112294e-5
Writing metric power__leakage__total: 4.376920870186041e-8
Writing metric power__total: 5.947304089204408e-5

