
===========================================================================
report_checks -path_delay max (Setup)
============================================================================
======================= nom_fast_1p32V_m40C Corner ===================================

Startpoint: fclk_in (clock source 'fclk_in')
Endpoint: fclk_comp (output port clocked by fclk_in)
Path Group: fclk_in
Path Type: max

Fanout         Cap        Slew       Delay        Time   Description
---------------------------------------------------------------------------------------------
                                 31.250000   31.250000   clock fclk_in (fall edge)
                                  0.000000   31.250000   clock source latency
     2    0.047024    0.034026    0.023523   31.273523 v fclk_in (in)
                                                         fclk_in (net)
                      0.035064    0.000000   31.273523 v clkbuf_0_fclk_in/A (sg13g2_buf_16)
     1    0.019432    0.014098    0.052879   31.326403 v clkbuf_0_fclk_in/X (sg13g2_buf_16)
                                                         clknet_0_fclk_in (net)
                      0.014111    0.000870   31.327272 v clkbuf_1_0__f_fclk_in/A (sg13g2_buf_16)
     1    0.004215    0.011236    0.043372   31.370644 v clkbuf_1_0__f_fclk_in/X (sg13g2_buf_16)
                                                         clknet_1_0__leaf_fclk_in (net)
                      0.011236    0.000270   31.370914 v _240_/A (sg13g2_buf_1)
     1    0.003578    0.014154    0.039055   31.409969 v _240_/X (sg13g2_buf_1)
                                                         net28 (net)
                      0.014156    0.000238   31.410208 v output28/A (sg13g2_buf_1)
     1    0.007704    0.022196    0.046750   31.456957 v output28/X (sg13g2_buf_1)
                                                         fclk_comp (net)
                      0.022198    0.000206   31.457163 v fclk_comp (out)
                                             31.457163   data arrival time

                                 62.500000   62.500000   clock fclk_in (rise edge)
                                  0.000000   62.500000   clock network delay (propagated)
                                 -0.250000   62.250004   clock uncertainty
                                  0.000000   62.250004   clock reconvergence pessimism
                                -12.500000   49.750004   output external delay
                                             49.750004   data required time
---------------------------------------------------------------------------------------------
                                             49.750004   data required time
                                            -31.457163   data arrival time
---------------------------------------------------------------------------------------------
                                             18.292841   slack (MET)


Startpoint: _234_ (rising edge-triggered flip-flop clocked by fclk_in)
Endpoint: fclk_samp (output port clocked by fclk_in)
Path Group: fclk_in
Path Type: max

Fanout         Cap        Slew       Delay        Time   Description
---------------------------------------------------------------------------------------------
                                  0.000000    0.000000   clock fclk_in (rise edge)
                                  0.000000    0.000000   clock source latency
     2    0.047923    0.041459    0.027539    0.027539 ^ fclk_in (in)
                                                         fclk_in (net)
                      0.042290    0.000000    0.027539 ^ clkbuf_regs_0_fclk_in/A (sg13g2_buf_16)
     1    0.019542    0.014394    0.052195    0.079733 ^ clkbuf_regs_0_fclk_in/X (sg13g2_buf_16)
                                                         fclk_in_regs (net)
                      0.014408    0.000856    0.080589 ^ clkbuf_0_fclk_in_regs/A (sg13g2_buf_16)
     2    0.040401    0.016063    0.044219    0.124808 ^ clkbuf_0_fclk_in_regs/X (sg13g2_buf_16)
                                                         clknet_0_fclk_in_regs (net)
                      0.016133    0.001698    0.126506 ^ clkbuf_1_1__f_fclk_in_regs/A (sg13g2_buf_16)
     3    0.013733    0.012217    0.041743    0.168249 ^ clkbuf_1_1__f_fclk_in_regs/X (sg13g2_buf_16)
                                                         clknet_1_1__leaf_fclk_in_regs (net)
                      0.012228    0.000781    0.169030 ^ _234_/CLK (sg13g2_dfrbpq_1)
     2    0.007731    0.022459    0.114487    0.283518 v _234_/Q (sg13g2_dfrbpq_1)
                                                         _001_ (net)
                      0.022482    0.000391    0.283908 v hold51/A (sg13g2_dlygate4sd3_1)
     1    0.003115    0.025878    0.250815    0.534724 v hold51/X (sg13g2_dlygate4sd3_1)
                                                         net51 (net)
                      0.025878    0.000124    0.534848 v _104_/A (sg13g2_inv_1)
     5    0.029949    0.081338    0.071680    0.606528 ^ _104_/Y (sg13g2_inv_1)
                                                         net29 (net)
                      0.081376    0.001449    0.607977 ^ output29/A (sg13g2_buf_1)
     1    0.007379    0.027539    0.067562    0.675538 ^ output29/X (sg13g2_buf_1)
                                                         fclk_samp (net)
                      0.027539    0.000191    0.675729 ^ fclk_samp (out)
                                              0.675729   data arrival time

                                 62.500000   62.500000   clock fclk_in (rise edge)
                                  0.000000   62.500000   clock network delay (propagated)
                                 -0.250000   62.250004   clock uncertainty
                                  0.000000   62.250004   clock reconvergence pessimism
                                -12.500000   49.750004   output external delay
                                             49.750004   data required time
---------------------------------------------------------------------------------------------
                                             49.750004   data required time
                                             -0.675729   data arrival time
---------------------------------------------------------------------------------------------
                                             49.074276   slack (MET)


Startpoint: En (input port clocked by fclk_in)
Endpoint: _234_ (rising edge-triggered flip-flop clocked by fclk_in)
Path Group: fclk_in
Path Type: max

Fanout         Cap        Slew       Delay        Time   Description
---------------------------------------------------------------------------------------------
                                  0.000000    0.000000   clock fclk_in (rise edge)
                                  0.000000    0.000000   clock network delay (propagated)
                                 12.500000   12.500000 ^ input external delay
     1    0.005225    0.015023    0.002927   12.502926 ^ En (in)
                                                         En (net)
                      0.015023    0.000000   12.502926 ^ input1/A (sg13g2_buf_1)
     7    0.033743    0.092082    0.094722   12.597648 ^ input1/X (sg13g2_buf_1)
                                                         net1 (net)
                      0.092104    0.001194   12.598842 ^ _111_/A (sg13g2_nand4_1)
     2    0.007193    0.088315    0.097794   12.696635 v _111_/Y (sg13g2_nand4_1)
                                                         _070_ (net)
                      0.088318    0.000557   12.697192 v hold49/A (sg13g2_dlygate4sd3_1)
     2    0.009834    0.039405    0.298812   12.996004 v hold49/X (sg13g2_dlygate4sd3_1)
                                                         net49 (net)
                      0.039405    0.000617   12.996621 v _118_/A2 (sg13g2_o21ai_1)
     1    0.004582    0.056830    0.063598   13.060219 ^ _118_/Y (sg13g2_o21ai_1)
                                                         _072_ (net)
                      0.056831    0.000286   13.060505 ^ _119_/B_N (sg13g2_nor2b_1)
     1    0.003067    0.030695    0.070041   13.130546 ^ _119_/Y (sg13g2_nor2b_1)
                                                         _060_ (net)
                      0.030695    0.000116   13.130662 ^ _234_/D (sg13g2_dfrbpq_1)
                                             13.130662   data arrival time

                                 62.500000   62.500000   clock fclk_in (rise edge)
                                  0.000000   62.500000   clock source latency
     2    0.047923    0.041459    0.027541   62.527542 ^ fclk_in (in)
                                                         fclk_in (net)
                      0.042290    0.000000   62.527542 ^ clkbuf_regs_0_fclk_in/A (sg13g2_buf_16)
     1    0.019542    0.014394    0.052189   62.579731 ^ clkbuf_regs_0_fclk_in/X (sg13g2_buf_16)
                                                         fclk_in_regs (net)
                      0.014408    0.000860   62.580593 ^ clkbuf_0_fclk_in_regs/A (sg13g2_buf_16)
     2    0.040401    0.016063    0.044217   62.624809 ^ clkbuf_0_fclk_in_regs/X (sg13g2_buf_16)
                                                         clknet_0_fclk_in_regs (net)
                      0.016133    0.001698   62.626507 ^ clkbuf_1_1__f_fclk_in_regs/A (sg13g2_buf_16)
     3    0.013733    0.012217    0.041744   62.668251 ^ clkbuf_1_1__f_fclk_in_regs/X (sg13g2_buf_16)
                                                         clknet_1_1__leaf_fclk_in_regs (net)
                      0.012228    0.000782   62.669033 ^ _234_/CLK (sg13g2_dfrbpq_1)
                                 -0.250000   62.419037   clock uncertainty
                                  0.000000   62.419037   clock reconvergence pessimism
                                 -0.079459   62.339577   library setup time
                                             62.339577   data required time
---------------------------------------------------------------------------------------------
                                             62.339577   data required time
                                            -13.130662   data arrival time
---------------------------------------------------------------------------------------------
                                             49.208912   slack (MET)


Startpoint: En (input port clocked by fclk_in)
Endpoint: _238_ (rising edge-triggered flip-flop clocked by fclk_in)
Path Group: fclk_in
Path Type: max

Fanout         Cap        Slew       Delay        Time   Description
---------------------------------------------------------------------------------------------
                                  0.000000    0.000000   clock fclk_in (rise edge)
                                  0.000000    0.000000   clock network delay (propagated)
                                 12.500000   12.500000 ^ input external delay
     1    0.005225    0.015023    0.002927   12.502926 ^ En (in)
                                                         En (net)
                      0.015023    0.000000   12.502926 ^ input1/A (sg13g2_buf_1)
     7    0.033743    0.092082    0.094722   12.597648 ^ input1/X (sg13g2_buf_1)
                                                         net1 (net)
                      0.092104    0.001194   12.598842 ^ _111_/A (sg13g2_nand4_1)
     2    0.007193    0.088315    0.097794   12.696635 v _111_/Y (sg13g2_nand4_1)
                                                         _070_ (net)
                      0.088318    0.000557   12.697192 v hold49/A (sg13g2_dlygate4sd3_1)
     2    0.009834    0.039405    0.298812   12.996004 v hold49/X (sg13g2_dlygate4sd3_1)
                                                         net49 (net)
                      0.039405    0.000561   12.996565 v _112_/B (sg13g2_and2_1)
     1    0.002871    0.014764    0.053500   13.050065 v _112_/X (sg13g2_and2_1)
                                                         _064_ (net)
                      0.014764    0.000167   13.050232 v _238_/D (sg13g2_dfrbpq_1)
                                             13.050232   data arrival time

                                 62.500000   62.500000   clock fclk_in (rise edge)
                                  0.000000   62.500000   clock source latency
     2    0.047923    0.041459    0.027541   62.527542 ^ fclk_in (in)
                                                         fclk_in (net)
                      0.042290    0.000000   62.527542 ^ clkbuf_regs_0_fclk_in/A (sg13g2_buf_16)
     1    0.019542    0.014394    0.052189   62.579731 ^ clkbuf_regs_0_fclk_in/X (sg13g2_buf_16)
                                                         fclk_in_regs (net)
                      0.014408    0.000860   62.580593 ^ clkbuf_0_fclk_in_regs/A (sg13g2_buf_16)
     2    0.040401    0.016063    0.044217   62.624809 ^ clkbuf_0_fclk_in_regs/X (sg13g2_buf_16)
                                                         clknet_0_fclk_in_regs (net)
                      0.016133    0.001698   62.626507 ^ clkbuf_1_1__f_fclk_in_regs/A (sg13g2_buf_16)
     3    0.013733    0.012217    0.041744   62.668251 ^ clkbuf_1_1__f_fclk_in_regs/X (sg13g2_buf_16)
                                                         clknet_1_1__leaf_fclk_in_regs (net)
                      0.012227    0.000739   62.668991 ^ _238_/CLK (sg13g2_dfrbpq_1)
                                 -0.250000   62.418991   clock uncertainty
                                  0.000000   62.418991   clock reconvergence pessimism
                                 -0.068630   62.350361   library setup time
                                             62.350361   data required time
---------------------------------------------------------------------------------------------
                                             62.350361   data required time
                                            -13.050232   data arrival time
---------------------------------------------------------------------------------------------
                                             49.300129   slack (MET)


Startpoint: En (input port clocked by fclk_in)
Endpoint: _239_ (rising edge-triggered flip-flop clocked by fclk_in)
Path Group: fclk_in
Path Type: max

Fanout         Cap        Slew       Delay        Time   Description
---------------------------------------------------------------------------------------------
                                  0.000000    0.000000   clock fclk_in (rise edge)
                                  0.000000    0.000000   clock network delay (propagated)
                                 12.500000   12.500000 ^ input external delay
     1    0.005225    0.015023    0.002927   12.502926 ^ En (in)
                                                         En (net)
                      0.015023    0.000000   12.502926 ^ input1/A (sg13g2_buf_1)
     7    0.033743    0.092082    0.094722   12.597648 ^ input1/X (sg13g2_buf_1)
                                                         net1 (net)
                      0.092104    0.001194   12.598842 ^ _111_/A (sg13g2_nand4_1)
     2    0.007193    0.088315    0.097794   12.696635 v _111_/Y (sg13g2_nand4_1)
                                                         _070_ (net)
                      0.088316    0.000487   12.697122 v _117_/C (sg13g2_nor3_1)
     1    0.003589    0.064397    0.069332   12.766454 ^ _117_/Y (sg13g2_nor3_1)
                                                         _000_ (net)
                      0.064397    0.000219   12.766673 ^ hold45/A (sg13g2_dlygate4sd3_1)
     2    0.005273    0.027717    0.269093   13.035767 ^ hold45/X (sg13g2_dlygate4sd3_1)
                                                         net45 (net)
                      0.027717    0.000139   13.035906 ^ _239_/D (sg13g2_dfrbpq_1)
                                             13.035906   data arrival time

                                 62.500000   62.500000   clock fclk_in (rise edge)
                                  0.000000   62.500000   clock source latency
     2    0.047923    0.041459    0.027541   62.527542 ^ fclk_in (in)
                                                         fclk_in (net)
                      0.042290    0.000000   62.527542 ^ clkbuf_regs_0_fclk_in/A (sg13g2_buf_16)
     1    0.019542    0.014394    0.052189   62.579731 ^ clkbuf_regs_0_fclk_in/X (sg13g2_buf_16)
                                                         fclk_in_regs (net)
                      0.014408    0.000860   62.580593 ^ clkbuf_0_fclk_in_regs/A (sg13g2_buf_16)
     2    0.040401    0.016063    0.044217   62.624809 ^ clkbuf_0_fclk_in_regs/X (sg13g2_buf_16)
                                                         clknet_0_fclk_in_regs (net)
                      0.016133    0.001698   62.626507 ^ clkbuf_1_1__f_fclk_in_regs/A (sg13g2_buf_16)
     3    0.013733    0.012217    0.041744   62.668251 ^ clkbuf_1_1__f_fclk_in_regs/X (sg13g2_buf_16)
                                                         clknet_1_1__leaf_fclk_in_regs (net)
                      0.012228    0.000789   62.669041 ^ _239_/CLK (sg13g2_dfrbpq_1)
                                 -0.250000   62.419041   clock uncertainty
                                  0.000000   62.419041   clock reconvergence pessimism
                                 -0.078734   62.340305   library setup time
                                             62.340305   data required time
---------------------------------------------------------------------------------------------
                                             62.340305   data required time
                                            -13.035906   data arrival time
---------------------------------------------------------------------------------------------
                                             49.304401   slack (MET)


Startpoint: En (input port clocked by fclk_in)
Endpoint: _237_ (rising edge-triggered flip-flop clocked by fclk_in)
Path Group: fclk_in
Path Type: max

Fanout         Cap        Slew       Delay        Time   Description
---------------------------------------------------------------------------------------------
                                  0.000000    0.000000   clock fclk_in (rise edge)
                                  0.000000    0.000000   clock network delay (propagated)
                                 12.500000   12.500000 ^ input external delay
     1    0.005225    0.015023    0.002927   12.502926 ^ En (in)
                                                         En (net)
                      0.015023    0.000000   12.502926 ^ input1/A (sg13g2_buf_1)
     7    0.033743    0.092082    0.094722   12.597648 ^ input1/X (sg13g2_buf_1)
                                                         net1 (net)
                      0.092083    0.000336   12.597983 ^ _110_/A (sg13g2_nand3_1)
     2    0.011977    0.092959    0.103109   12.701092 v _110_/Y (sg13g2_nand3_1)
                                                         _069_ (net)
                      0.092967    0.000733   12.701825 v _113_/B (sg13g2_xnor2_1)
     1    0.003735    0.032834    0.081113   12.782938 v _113_/Y (sg13g2_xnor2_1)
                                                         _063_ (net)
                      0.032834    0.000221   12.783159 v hold47/A (sg13g2_dlygate4sd3_1)
     1    0.001952    0.023633    0.253132   13.036290 v hold47/X (sg13g2_dlygate4sd3_1)
                                                         net47 (net)
                      0.023633    0.000074   13.036365 v _237_/D (sg13g2_dfrbpq_1)
                                             13.036365   data arrival time

                                 62.500000   62.500000   clock fclk_in (rise edge)
                                  0.000000   62.500000   clock source latency
     2    0.047923    0.041459    0.027541   62.527542 ^ fclk_in (in)
                                                         fclk_in (net)
                      0.042290    0.000000   62.527542 ^ clkbuf_regs_0_fclk_in/A (sg13g2_buf_16)
     1    0.019542    0.014394    0.052189   62.579731 ^ clkbuf_regs_0_fclk_in/X (sg13g2_buf_16)
                                                         fclk_in_regs (net)
                      0.014408    0.000860   62.580593 ^ clkbuf_0_fclk_in_regs/A (sg13g2_buf_16)
     2    0.040401    0.016063    0.044217   62.624809 ^ clkbuf_0_fclk_in_regs/X (sg13g2_buf_16)
                                                         clknet_0_fclk_in_regs (net)
                      0.016131    0.001684   62.626492 ^ clkbuf_1_0__f_fclk_in_regs/A (sg13g2_buf_16)
     3    0.012673    0.012052    0.041609   62.668102 ^ clkbuf_1_0__f_fclk_in_regs/X (sg13g2_buf_16)
                                                         clknet_1_0__leaf_fclk_in_regs (net)
                      0.012060    0.000725   62.668827 ^ _237_/CLK (sg13g2_dfrbpq_1)
                                 -0.250000   62.418831   clock uncertainty
                                  0.000000   62.418831   clock reconvergence pessimism
                                 -0.071039   62.347790   library setup time
                                             62.347790   data required time
---------------------------------------------------------------------------------------------
                                             62.347790   data required time
                                            -13.036365   data arrival time
---------------------------------------------------------------------------------------------
                                             49.311424   slack (MET)


Startpoint: _239_ (rising edge-triggered flip-flop clocked by fclk_in)
Endpoint: fdac_clk (output port clocked by fclk_in)
Path Group: fclk_in
Path Type: max

Fanout         Cap        Slew       Delay        Time   Description
---------------------------------------------------------------------------------------------
                                  0.000000    0.000000   clock fclk_in (rise edge)
                                  0.000000    0.000000   clock source latency
     2    0.047923    0.041459    0.027539    0.027539 ^ fclk_in (in)
                                                         fclk_in (net)
                      0.042290    0.000000    0.027539 ^ clkbuf_regs_0_fclk_in/A (sg13g2_buf_16)
     1    0.019542    0.014394    0.052195    0.079733 ^ clkbuf_regs_0_fclk_in/X (sg13g2_buf_16)
                                                         fclk_in_regs (net)
                      0.014408    0.000856    0.080589 ^ clkbuf_0_fclk_in_regs/A (sg13g2_buf_16)
     2    0.040401    0.016063    0.044219    0.124808 ^ clkbuf_0_fclk_in_regs/X (sg13g2_buf_16)
                                                         clknet_0_fclk_in_regs (net)
                      0.016133    0.001698    0.126506 ^ clkbuf_1_1__f_fclk_in_regs/A (sg13g2_buf_16)
     3    0.013733    0.012217    0.041743    0.168249 ^ clkbuf_1_1__f_fclk_in_regs/X (sg13g2_buf_16)
                                                         clknet_1_1__leaf_fclk_in_regs (net)
                      0.012228    0.000788    0.169038 ^ _239_/CLK (sg13g2_dfrbpq_1)
     1    0.005035    0.020735    0.110946    0.279983 ^ _239_/Q (sg13g2_dfrbpq_1)
                                                         net30 (net)
                      0.020735    0.000345    0.280328 ^ output30/A (sg13g2_buf_1)
     1    0.009547    0.030860    0.052446    0.332774 ^ output30/X (sg13g2_buf_1)
                                                         fdac_clk (net)
                      0.030863    0.000300    0.333075 ^ fdac_clk (out)
                                              0.333075   data arrival time

                                 62.500000   62.500000   clock fclk_in (rise edge)
                                  0.000000   62.500000   clock network delay (propagated)
                                 -0.250000   62.250004   clock uncertainty
                                  0.000000   62.250004   clock reconvergence pessimism
                                -12.500000   49.750004   output external delay
                                             49.750004   data required time
---------------------------------------------------------------------------------------------
                                             49.750004   data required time
                                             -0.333075   data arrival time
---------------------------------------------------------------------------------------------
                                             49.416931   slack (MET)


Startpoint: rst (input port clocked by fclk_in)
Endpoint: _236_ (recovery check against rising-edge clock fclk_in)
Path Group: asynchronous
Path Type: max

Fanout         Cap        Slew       Delay        Time   Description
---------------------------------------------------------------------------------------------
                                  0.000000    0.000000   clock fclk_in (rise edge)
                                  0.000000    0.000000   clock network delay (propagated)
                                 12.500000   12.500000 v input external delay
     1    0.004724    0.011951    0.002428   12.502428 v rst (in)
                                                         rst (net)
                      0.011952    0.000000   12.502428 v input5/A (sg13g2_buf_1)
     1    0.005355    0.017502    0.042164   12.544592 v input5/X (sg13g2_buf_1)
                                                         net5 (net)
                      0.017511    0.000347   12.544939 v fanout39/A (sg13g2_buf_1)
     4    0.026922    0.061205    0.077450   12.622389 v fanout39/X (sg13g2_buf_1)
                                                         net39 (net)
                      0.061326    0.002244   12.624633 v fanout35/A (sg13g2_buf_1)
     8    0.041963    0.092556    0.114320   12.738954 v fanout35/X (sg13g2_buf_1)
                                                         net35 (net)
                      0.092611    0.001889   12.740843 v fanout34/A (sg13g2_buf_1)
     8    0.037306    0.083376    0.117624   12.858467 v fanout34/X (sg13g2_buf_1)
                                                         net34 (net)
                      0.083497    0.002283   12.860749 v _204_/A (sg13g2_inv_1)
     1    0.006362    0.033526    0.039807   12.900557 ^ _204_/Y (sg13g2_inv_1)
                                                         _030_ (net)
                      0.033538    0.000486   12.901042 ^ _236_/RESET_B (sg13g2_dfrbpq_1)
                                             12.901042   data arrival time

                                 62.500000   62.500000   clock fclk_in (rise edge)
                                  0.000000   62.500000   clock source latency
     2    0.047923    0.041459    0.027541   62.527542 ^ fclk_in (in)
                                                         fclk_in (net)
                      0.042290    0.000000   62.527542 ^ clkbuf_regs_0_fclk_in/A (sg13g2_buf_16)
     1    0.019542    0.014394    0.052189   62.579731 ^ clkbuf_regs_0_fclk_in/X (sg13g2_buf_16)
                                                         fclk_in_regs (net)
                      0.014408    0.000860   62.580593 ^ clkbuf_0_fclk_in_regs/A (sg13g2_buf_16)
     2    0.040401    0.016063    0.044217   62.624809 ^ clkbuf_0_fclk_in_regs/X (sg13g2_buf_16)
                                                         clknet_0_fclk_in_regs (net)
                      0.016131    0.001684   62.626492 ^ clkbuf_1_0__f_fclk_in_regs/A (sg13g2_buf_16)
     3    0.012673    0.012052    0.041609   62.668102 ^ clkbuf_1_0__f_fclk_in_regs/X (sg13g2_buf_16)
                                                         clknet_1_0__leaf_fclk_in_regs (net)
                      0.012059    0.000668   62.668770 ^ _236_/CLK (sg13g2_dfrbpq_1)
                                 -0.250000   62.418774   clock uncertainty
                                  0.000000   62.418774   clock reconvergence pessimism
                                 -0.084912   62.333862   library recovery time
                                             62.333862   data required time
---------------------------------------------------------------------------------------------
                                             62.333862   data required time
                                            -12.901042   data arrival time
---------------------------------------------------------------------------------------------
                                             49.432823   slack (MET)


Startpoint: rst (input port clocked by fclk_in)
Endpoint: _235_ (recovery check against rising-edge clock fclk_in)
Path Group: asynchronous
Path Type: max

Fanout         Cap        Slew       Delay        Time   Description
---------------------------------------------------------------------------------------------
                                  0.000000    0.000000   clock fclk_in (rise edge)
                                  0.000000    0.000000   clock network delay (propagated)
                                 12.500000   12.500000 v input external delay
     1    0.004724    0.011951    0.002428   12.502428 v rst (in)
                                                         rst (net)
                      0.011952    0.000000   12.502428 v input5/A (sg13g2_buf_1)
     1    0.005355    0.017502    0.042164   12.544592 v input5/X (sg13g2_buf_1)
                                                         net5 (net)
                      0.017511    0.000347   12.544939 v fanout39/A (sg13g2_buf_1)
     4    0.026922    0.061205    0.077450   12.622389 v fanout39/X (sg13g2_buf_1)
                                                         net39 (net)
                      0.061326    0.002244   12.624633 v fanout35/A (sg13g2_buf_1)
     8    0.041963    0.092556    0.114320   12.738954 v fanout35/X (sg13g2_buf_1)
                                                         net35 (net)
                      0.092611    0.001889   12.740843 v fanout34/A (sg13g2_buf_1)
     8    0.037306    0.083376    0.117624   12.858467 v fanout34/X (sg13g2_buf_1)
                                                         net34 (net)
                      0.083492    0.002223   12.860690 v _203_/A (sg13g2_inv_1)
     1    0.005971    0.032482    0.038827   12.899516 ^ _203_/Y (sg13g2_inv_1)
                                                         _029_ (net)
                      0.032483    0.000242   12.899758 ^ _235_/RESET_B (sg13g2_dfrbpq_1)
                                             12.899758   data arrival time

                                 62.500000   62.500000   clock fclk_in (rise edge)
                                  0.000000   62.500000   clock source latency
     2    0.047923    0.041459    0.027541   62.527542 ^ fclk_in (in)
                                                         fclk_in (net)
                      0.042290    0.000000   62.527542 ^ clkbuf_regs_0_fclk_in/A (sg13g2_buf_16)
     1    0.019542    0.014394    0.052189   62.579731 ^ clkbuf_regs_0_fclk_in/X (sg13g2_buf_16)
                                                         fclk_in_regs (net)
                      0.014408    0.000860   62.580593 ^ clkbuf_0_fclk_in_regs/A (sg13g2_buf_16)
     2    0.040401    0.016063    0.044217   62.624809 ^ clkbuf_0_fclk_in_regs/X (sg13g2_buf_16)
                                                         clknet_0_fclk_in_regs (net)
                      0.016131    0.001684   62.626492 ^ clkbuf_1_0__f_fclk_in_regs/A (sg13g2_buf_16)
     3    0.012673    0.012052    0.041609   62.668102 ^ clkbuf_1_0__f_fclk_in_regs/X (sg13g2_buf_16)
                                                         clknet_1_0__leaf_fclk_in_regs (net)
                      0.012059    0.000682   62.668785 ^ _235_/CLK (sg13g2_dfrbpq_1)
                                 -0.250000   62.418785   clock uncertainty
                                  0.000000   62.418785   clock reconvergence pessimism
                                 -0.084666   62.334118   library recovery time
                                             62.334118   data required time
---------------------------------------------------------------------------------------------
                                             62.334118   data required time
                                            -12.899758   data arrival time
---------------------------------------------------------------------------------------------
                                             49.434361   slack (MET)


Startpoint: En (input port clocked by fclk_in)
Endpoint: _236_ (rising edge-triggered flip-flop clocked by fclk_in)
Path Group: fclk_in
Path Type: max

Fanout         Cap        Slew       Delay        Time   Description
---------------------------------------------------------------------------------------------
                                  0.000000    0.000000   clock fclk_in (rise edge)
                                  0.000000    0.000000   clock network delay (propagated)
                                 12.500000   12.500000 ^ input external delay
     1    0.005225    0.015023    0.002927   12.502926 ^ En (in)
                                                         En (net)
                      0.015023    0.000000   12.502926 ^ input1/A (sg13g2_buf_1)
     7    0.033743    0.092082    0.094722   12.597648 ^ input1/X (sg13g2_buf_1)
                                                         net1 (net)
                      0.092083    0.000336   12.597983 ^ _110_/A (sg13g2_nand3_1)
     2    0.011977    0.092959    0.103109   12.701092 v _110_/Y (sg13g2_nand3_1)
                                                         _069_ (net)
                      0.092967    0.000724   12.701816 v _115_/A (sg13g2_and2_1)
     1    0.002426    0.015636    0.065566   12.767383 v _115_/X (sg13g2_and2_1)
                                                         _062_ (net)
                      0.015636    0.000088   12.767470 v _236_/D (sg13g2_dfrbpq_1)
                                             12.767470   data arrival time

                                 62.500000   62.500000   clock fclk_in (rise edge)
                                  0.000000   62.500000   clock source latency
     2    0.047923    0.041459    0.027541   62.527542 ^ fclk_in (in)
                                                         fclk_in (net)
                      0.042290    0.000000   62.527542 ^ clkbuf_regs_0_fclk_in/A (sg13g2_buf_16)
     1    0.019542    0.014394    0.052189   62.579731 ^ clkbuf_regs_0_fclk_in/X (sg13g2_buf_16)
                                                         fclk_in_regs (net)
                      0.014408    0.000860   62.580593 ^ clkbuf_0_fclk_in_regs/A (sg13g2_buf_16)
     2    0.040401    0.016063    0.044217   62.624809 ^ clkbuf_0_fclk_in_regs/X (sg13g2_buf_16)
                                                         clknet_0_fclk_in_regs (net)
                      0.016131    0.001684   62.626492 ^ clkbuf_1_0__f_fclk_in_regs/A (sg13g2_buf_16)
     3    0.012673    0.012052    0.041609   62.668102 ^ clkbuf_1_0__f_fclk_in_regs/X (sg13g2_buf_16)
                                                         clknet_1_0__leaf_fclk_in_regs (net)
                      0.012059    0.000668   62.668770 ^ _236_/CLK (sg13g2_dfrbpq_1)
                                 -0.250000   62.418774   clock uncertainty
                                  0.000000   62.418774   clock reconvergence pessimism
                                 -0.068895   62.349876   library setup time
                                             62.349876   data required time
---------------------------------------------------------------------------------------------
                                             62.349876   data required time
                                            -12.767470   data arrival time
---------------------------------------------------------------------------------------------
                                             49.582409   slack (MET)


Startpoint: rst (input port clocked by fclk_in)
Endpoint: _234_ (recovery check against rising-edge clock fclk_in)
Path Group: asynchronous
Path Type: max

Fanout         Cap        Slew       Delay        Time   Description
---------------------------------------------------------------------------------------------
                                  0.000000    0.000000   clock fclk_in (rise edge)
                                  0.000000    0.000000   clock network delay (propagated)
                                 12.500000   12.500000 v input external delay
     1    0.004724    0.011951    0.002428   12.502428 v rst (in)
                                                         rst (net)
                      0.011952    0.000000   12.502428 v input5/A (sg13g2_buf_1)
     1    0.005355    0.017502    0.042164   12.544592 v input5/X (sg13g2_buf_1)
                                                         net5 (net)
                      0.017511    0.000347   12.544939 v fanout39/A (sg13g2_buf_1)
     4    0.026922    0.061205    0.077450   12.622389 v fanout39/X (sg13g2_buf_1)
                                                         net39 (net)
                      0.061271    0.001678   12.624066 v fanout36/A (sg13g2_buf_1)
     4    0.022125    0.053100    0.085083   12.709149 v fanout36/X (sg13g2_buf_1)
                                                         net36 (net)
                      0.053156    0.001180   12.710330 v _202_/A (sg13g2_inv_1)
     1    0.008570    0.033832    0.038036   12.748366 ^ _202_/Y (sg13g2_inv_1)
                                                         _028_ (net)
                      0.033849    0.000597   12.748963 ^ _234_/RESET_B (sg13g2_dfrbpq_1)
                                             12.748963   data arrival time

                                 62.500000   62.500000   clock fclk_in (rise edge)
                                  0.000000   62.500000   clock source latency
     2    0.047923    0.041459    0.027541   62.527542 ^ fclk_in (in)
                                                         fclk_in (net)
                      0.042290    0.000000   62.527542 ^ clkbuf_regs_0_fclk_in/A (sg13g2_buf_16)
     1    0.019542    0.014394    0.052189   62.579731 ^ clkbuf_regs_0_fclk_in/X (sg13g2_buf_16)
                                                         fclk_in_regs (net)
                      0.014408    0.000860   62.580593 ^ clkbuf_0_fclk_in_regs/A (sg13g2_buf_16)
     2    0.040401    0.016063    0.044217   62.624809 ^ clkbuf_0_fclk_in_regs/X (sg13g2_buf_16)
                                                         clknet_0_fclk_in_regs (net)
                      0.016133    0.001698   62.626507 ^ clkbuf_1_1__f_fclk_in_regs/A (sg13g2_buf_16)
     3    0.013733    0.012217    0.041744   62.668251 ^ clkbuf_1_1__f_fclk_in_regs/X (sg13g2_buf_16)
                                                         clknet_1_1__leaf_fclk_in_regs (net)
                      0.012228    0.000782   62.669033 ^ _234_/CLK (sg13g2_dfrbpq_1)
                                 -0.250000   62.419037   clock uncertainty
                                  0.000000   62.419037   clock reconvergence pessimism
                                 -0.084966   62.334068   library recovery time
                                             62.334068   data required time
---------------------------------------------------------------------------------------------
                                             62.334068   data required time
                                            -12.748963   data arrival time
---------------------------------------------------------------------------------------------
                                             49.585106   slack (MET)


Startpoint: rst (input port clocked by fclk_in)
Endpoint: _239_ (recovery check against rising-edge clock fclk_in)
Path Group: asynchronous
Path Type: max

Fanout         Cap        Slew       Delay        Time   Description
---------------------------------------------------------------------------------------------
                                  0.000000    0.000000   clock fclk_in (rise edge)
                                  0.000000    0.000000   clock network delay (propagated)
                                 12.500000   12.500000 v input external delay
     1    0.004724    0.011951    0.002428   12.502428 v rst (in)
                                                         rst (net)
                      0.011952    0.000000   12.502428 v input5/A (sg13g2_buf_1)
     1    0.005355    0.017502    0.042164   12.544592 v input5/X (sg13g2_buf_1)
                                                         net5 (net)
                      0.017511    0.000347   12.544939 v fanout39/A (sg13g2_buf_1)
     4    0.026922    0.061205    0.077450   12.622389 v fanout39/X (sg13g2_buf_1)
                                                         net39 (net)
                      0.061271    0.001678   12.624066 v fanout36/A (sg13g2_buf_1)
     4    0.022125    0.053100    0.085083   12.709149 v fanout36/X (sg13g2_buf_1)
                                                         net36 (net)
                      0.053189    0.001617   12.710767 v _207_/A (sg13g2_inv_1)
     1    0.007593    0.031342    0.035768   12.746535 ^ _207_/Y (sg13g2_inv_1)
                                                         _033_ (net)
                      0.031357    0.000546   12.747081 ^ _239_/RESET_B (sg13g2_dfrbpq_1)
                                             12.747081   data arrival time

                                 62.500000   62.500000   clock fclk_in (rise edge)
                                  0.000000   62.500000   clock source latency
     2    0.047923    0.041459    0.027541   62.527542 ^ fclk_in (in)
                                                         fclk_in (net)
                      0.042290    0.000000   62.527542 ^ clkbuf_regs_0_fclk_in/A (sg13g2_buf_16)
     1    0.019542    0.014394    0.052189   62.579731 ^ clkbuf_regs_0_fclk_in/X (sg13g2_buf_16)
                                                         fclk_in_regs (net)
                      0.014408    0.000860   62.580593 ^ clkbuf_0_fclk_in_regs/A (sg13g2_buf_16)
     2    0.040401    0.016063    0.044217   62.624809 ^ clkbuf_0_fclk_in_regs/X (sg13g2_buf_16)
                                                         clknet_0_fclk_in_regs (net)
                      0.016133    0.001698   62.626507 ^ clkbuf_1_1__f_fclk_in_regs/A (sg13g2_buf_16)
     3    0.013733    0.012217    0.041744   62.668251 ^ clkbuf_1_1__f_fclk_in_regs/X (sg13g2_buf_16)
                                                         clknet_1_1__leaf_fclk_in_regs (net)
                      0.012228    0.000789   62.669041 ^ _239_/CLK (sg13g2_dfrbpq_1)
                                 -0.250000   62.419041   clock uncertainty
                                  0.000000   62.419041   clock reconvergence pessimism
                                 -0.084383   62.334660   library recovery time
                                             62.334660   data required time
---------------------------------------------------------------------------------------------
                                             62.334660   data required time
                                            -12.747081   data arrival time
---------------------------------------------------------------------------------------------
                                             49.587578   slack (MET)


Startpoint: rst (input port clocked by fclk_in)
Endpoint: _237_ (recovery check against rising-edge clock fclk_in)
Path Group: asynchronous
Path Type: max

Fanout         Cap        Slew       Delay        Time   Description
---------------------------------------------------------------------------------------------
                                  0.000000    0.000000   clock fclk_in (rise edge)
                                  0.000000    0.000000   clock network delay (propagated)
                                 12.500000   12.500000 v input external delay
     1    0.004724    0.011951    0.002428   12.502428 v rst (in)
                                                         rst (net)
                      0.011952    0.000000   12.502428 v input5/A (sg13g2_buf_1)
     1    0.005355    0.017502    0.042164   12.544592 v input5/X (sg13g2_buf_1)
                                                         net5 (net)
                      0.017511    0.000347   12.544939 v fanout39/A (sg13g2_buf_1)
     4    0.026922    0.061205    0.077450   12.622389 v fanout39/X (sg13g2_buf_1)
                                                         net39 (net)
                      0.061271    0.001678   12.624066 v fanout36/A (sg13g2_buf_1)
     4    0.022125    0.053100    0.085083   12.709149 v fanout36/X (sg13g2_buf_1)
                                                         net36 (net)
                      0.053101    0.000311   12.709460 v _205_/A (sg13g2_inv_1)
     1    0.007919    0.032155    0.036510   12.745971 ^ _205_/Y (sg13g2_inv_1)
                                                         _031_ (net)
                      0.032171    0.000570   12.746541 ^ _237_/RESET_B (sg13g2_dfrbpq_1)
                                             12.746541   data arrival time

                                 62.500000   62.500000   clock fclk_in (rise edge)
                                  0.000000   62.500000   clock source latency
     2    0.047923    0.041459    0.027541   62.527542 ^ fclk_in (in)
                                                         fclk_in (net)
                      0.042290    0.000000   62.527542 ^ clkbuf_regs_0_fclk_in/A (sg13g2_buf_16)
     1    0.019542    0.014394    0.052189   62.579731 ^ clkbuf_regs_0_fclk_in/X (sg13g2_buf_16)
                                                         fclk_in_regs (net)
                      0.014408    0.000860   62.580593 ^ clkbuf_0_fclk_in_regs/A (sg13g2_buf_16)
     2    0.040401    0.016063    0.044217   62.624809 ^ clkbuf_0_fclk_in_regs/X (sg13g2_buf_16)
                                                         clknet_0_fclk_in_regs (net)
                      0.016131    0.001684   62.626492 ^ clkbuf_1_0__f_fclk_in_regs/A (sg13g2_buf_16)
     3    0.012673    0.012052    0.041609   62.668102 ^ clkbuf_1_0__f_fclk_in_regs/X (sg13g2_buf_16)
                                                         clknet_1_0__leaf_fclk_in_regs (net)
                      0.012060    0.000725   62.668827 ^ _237_/CLK (sg13g2_dfrbpq_1)
                                 -0.250000   62.418831   clock uncertainty
                                  0.000000   62.418831   clock reconvergence pessimism
                                 -0.084593   62.334240   library recovery time
                                             62.334240   data required time
---------------------------------------------------------------------------------------------
                                             62.334240   data required time
                                            -12.746541   data arrival time
---------------------------------------------------------------------------------------------
                                             49.587700   slack (MET)


Startpoint: rst (input port clocked by fclk_in)
Endpoint: _238_ (recovery check against rising-edge clock fclk_in)
Path Group: asynchronous
Path Type: max

Fanout         Cap        Slew       Delay        Time   Description
---------------------------------------------------------------------------------------------
                                  0.000000    0.000000   clock fclk_in (rise edge)
                                  0.000000    0.000000   clock network delay (propagated)
                                 12.500000   12.500000 v input external delay
     1    0.004724    0.011951    0.002428   12.502428 v rst (in)
                                                         rst (net)
                      0.011952    0.000000   12.502428 v input5/A (sg13g2_buf_1)
     1    0.005355    0.017502    0.042164   12.544592 v input5/X (sg13g2_buf_1)
                                                         net5 (net)
                      0.017511    0.000347   12.544939 v fanout39/A (sg13g2_buf_1)
     4    0.026922    0.061205    0.077450   12.622389 v fanout39/X (sg13g2_buf_1)
                                                         net39 (net)
                      0.061271    0.001678   12.624066 v fanout36/A (sg13g2_buf_1)
     4    0.022125    0.053100    0.085083   12.709149 v fanout36/X (sg13g2_buf_1)
                                                         net36 (net)
                      0.053177    0.001479   12.710629 v _206_/A (sg13g2_inv_1)
     1    0.007336    0.030691    0.035159   12.745787 ^ _206_/Y (sg13g2_inv_1)
                                                         _032_ (net)
                      0.030706    0.000534   12.746321 ^ _238_/RESET_B (sg13g2_dfrbpq_1)
                                             12.746321   data arrival time

                                 62.500000   62.500000   clock fclk_in (rise edge)
                                  0.000000   62.500000   clock source latency
     2    0.047923    0.041459    0.027541   62.527542 ^ fclk_in (in)
                                                         fclk_in (net)
                      0.042290    0.000000   62.527542 ^ clkbuf_regs_0_fclk_in/A (sg13g2_buf_16)
     1    0.019542    0.014394    0.052189   62.579731 ^ clkbuf_regs_0_fclk_in/X (sg13g2_buf_16)
                                                         fclk_in_regs (net)
                      0.014408    0.000860   62.580593 ^ clkbuf_0_fclk_in_regs/A (sg13g2_buf_16)
     2    0.040401    0.016063    0.044217   62.624809 ^ clkbuf_0_fclk_in_regs/X (sg13g2_buf_16)
                                                         clknet_0_fclk_in_regs (net)
                      0.016133    0.001698   62.626507 ^ clkbuf_1_1__f_fclk_in_regs/A (sg13g2_buf_16)
     3    0.013733    0.012217    0.041744   62.668251 ^ clkbuf_1_1__f_fclk_in_regs/X (sg13g2_buf_16)
                                                         clknet_1_1__leaf_fclk_in_regs (net)
                      0.012227    0.000739   62.668991 ^ _238_/CLK (sg13g2_dfrbpq_1)
                                 -0.250000   62.418991   clock uncertainty
                                  0.000000   62.418991   clock reconvergence pessimism
                                 -0.084231   62.334759   library recovery time
                                             62.334759   data required time
---------------------------------------------------------------------------------------------
                                             62.334759   data required time
                                            -12.746321   data arrival time
---------------------------------------------------------------------------------------------
                                             49.588436   slack (MET)


Startpoint: En (input port clocked by fclk_in)
Endpoint: _235_ (rising edge-triggered flip-flop clocked by fclk_in)
Path Group: fclk_in
Path Type: max

Fanout         Cap        Slew       Delay        Time   Description
---------------------------------------------------------------------------------------------
                                  0.000000    0.000000   clock fclk_in (rise edge)
                                  0.000000    0.000000   clock network delay (propagated)
                                 12.500000   12.500000 ^ input external delay
     1    0.005225    0.015023    0.002927   12.502926 ^ En (in)
                                                         En (net)
                      0.015023    0.000000   12.502926 ^ input1/A (sg13g2_buf_1)
     7    0.033743    0.092082    0.094722   12.597648 ^ input1/X (sg13g2_buf_1)
                                                         net1 (net)
                      0.092089    0.000679   12.598327 ^ _116_/A (sg13g2_xor2_1)
     1    0.002366    0.038624    0.082328   12.680655 ^ _116_/X (sg13g2_xor2_1)
                                                         _061_ (net)
                      0.038624    0.000090   12.680744 ^ _235_/D (sg13g2_dfrbpq_1)
                                             12.680744   data arrival time

                                 62.500000   62.500000   clock fclk_in (rise edge)
                                  0.000000   62.500000   clock source latency
     2    0.047923    0.041459    0.027541   62.527542 ^ fclk_in (in)
                                                         fclk_in (net)
                      0.042290    0.000000   62.527542 ^ clkbuf_regs_0_fclk_in/A (sg13g2_buf_16)
     1    0.019542    0.014394    0.052189   62.579731 ^ clkbuf_regs_0_fclk_in/X (sg13g2_buf_16)
                                                         fclk_in_regs (net)
                      0.014408    0.000860   62.580593 ^ clkbuf_0_fclk_in_regs/A (sg13g2_buf_16)
     2    0.040401    0.016063    0.044217   62.624809 ^ clkbuf_0_fclk_in_regs/X (sg13g2_buf_16)
                                                         clknet_0_fclk_in_regs (net)
                      0.016131    0.001684   62.626492 ^ clkbuf_1_0__f_fclk_in_regs/A (sg13g2_buf_16)
     3    0.012673    0.012052    0.041609   62.668102 ^ clkbuf_1_0__f_fclk_in_regs/X (sg13g2_buf_16)
                                                         clknet_1_0__leaf_fclk_in_regs (net)
                      0.012059    0.000682   62.668785 ^ _235_/CLK (sg13g2_dfrbpq_1)
                                 -0.250000   62.418785   clock uncertainty
                                  0.000000   62.418785   clock reconvergence pessimism
                                 -0.081410   62.337379   library setup time
                                             62.337379   data required time
---------------------------------------------------------------------------------------------
                                             62.337379   data required time
                                            -12.680744   data arrival time
---------------------------------------------------------------------------------------------
                                             49.656635   slack (MET)



