
===========================================================================
 report_power
============================================================================
======================= nom_fast_1p32V_m40C Corner ===================================

Group                    Internal    Switching      Leakage        Total
                            Power        Power        Power        Power (Watts)
------------------------------------------------------------------------
Sequential           2.145949e-05 4.948048e-06 3.326512e-08 2.644081e-05  37.6%
Combinational        1.265603e-05 8.872877e-06 4.324841e-08 2.157216e-05  30.7%
Clock                1.802994e-05 3.395966e-06 8.898664e-07 2.231578e-05  31.7%
Macro                0.000000e+00 0.000000e+00 0.000000e+00 0.000000e+00   0.0%
Pad                  0.000000e+00 0.000000e+00 0.000000e+00 0.000000e+00   0.0%
------------------------------------------------------------------------
Total                5.214547e-05 1.721689e-05 9.663794e-07 7.032874e-05 100.0%
                            74.1%        24.5%         1.4%

