
===========================================================================
 report_power
============================================================================
======================= nom_slow_1p08V_125C Corner ===================================

Group                    Internal    Switching      Leakage        Total
                            Power        Power        Power        Power (Watts)
------------------------------------------------------------------------
Sequential           1.388632e-05 2.692904e-06 7.378124e-08 1.665300e-05  70.8%
Combinational        4.366081e-06 2.186426e-06 4.833467e-08 6.600841e-06  28.1%
Clock                1.402984e-07 1.119744e-07 5.317120e-10 2.528046e-07   1.1%
Macro                0.000000e+00 0.000000e+00 0.000000e+00 0.000000e+00   0.0%
Pad                  0.000000e+00 0.000000e+00 0.000000e+00 0.000000e+00   0.0%
------------------------------------------------------------------------
Total                1.839270e-05 4.991307e-06 1.226476e-07 2.350665e-05 100.0%
                            78.2%        21.2%         0.5%

