
===========================================================================
 report_power
============================================================================
======================= nom_typ_1p20V_25C Corner ===================================

Group                    Internal    Switching      Leakage        Total
                            Power        Power        Power        Power (Watts)
------------------------------------------------------------------------
Sequential           1.739025e-05 3.437765e-06 1.577065e-08 2.084379e-05  38.7%
Combinational        1.005091e-05 6.186074e-06 1.946560e-08 1.625644e-05  30.2%
Clock                1.421402e-05 2.544942e-06 8.532961e-09 1.676750e-05  31.1%
Macro                0.000000e+00 0.000000e+00 0.000000e+00 0.000000e+00   0.0%
Pad                  0.000000e+00 0.000000e+00 0.000000e+00 0.000000e+00   0.0%
------------------------------------------------------------------------
Total                4.165519e-05 1.216878e-05 4.376921e-08 5.386774e-05 100.0%
                            77.3%        22.6%         0.1%
Writing metric power__internal__total: 4.1655192035250366e-5
Writing metric power__switching__total: 1.2168778084742371e-5
Writing metric power__leakage__total: 4.376920870186041e-8
Writing metric power__total: 5.3867737733526155e-5

