
===========================================================================
 report_power
============================================================================
======================= nom_slow_1p08V_125C Corner ===================================

Group                    Internal    Switching      Leakage        Total
                            Power        Power        Power        Power (Watts)
------------------------------------------------------------------------
Sequential           1.404168e-05 3.064488e-06 7.378124e-08 1.717995e-05  39.1%
Combinational        7.874438e-06 5.554232e-06 8.558095e-08 1.351425e-05  30.7%
Clock                1.116172e-05 2.037246e-06 1.002093e-07 1.329917e-05  30.2%
Macro                0.000000e+00 0.000000e+00 0.000000e+00 0.000000e+00   0.0%
Pad                  0.000000e+00 0.000000e+00 0.000000e+00 0.000000e+00   0.0%
------------------------------------------------------------------------
Total                3.307783e-05 1.065597e-05 2.595718e-07 4.399337e-05 100.0%
                            75.2%        24.2%         0.6%

