
===========================================================================
report_checks -path_delay min (Hold)
============================================================================
======================= nom_typ_1p20V_25C Corner ===================================

Startpoint: _238_ (rising edge-triggered flip-flop clocked by fclk_in)
Endpoint: _239_ (rising edge-triggered flip-flop clocked by fclk_in)
Path Group: fclk_in
Path Type: min

Fanout         Cap        Slew       Delay        Time   Description
---------------------------------------------------------------------------------------------
                      0.150000    0.000000    0.000000   clock fclk_in (rise edge)
                                  0.000000    0.000000   clock network delay (ideal)
                      0.150000    0.000000    0.000000 ^ _238_/CLK (sg13g2_dfrbpq_1)
     3    0.008979    0.047804    0.235007    0.235007 ^ _238_/Q (sg13g2_dfrbpq_1)
                                                         cnt[3] (net)
                      0.047804    0.000000    0.235007 ^ _117_/A (sg13g2_nor3_1)
     2    0.004279    0.029236    0.047801    0.282808 v _117_/Y (sg13g2_nor3_1)
                                                         _000_ (net)
                      0.029236    0.000000    0.282808 v _239_/D (sg13g2_dfrbpq_1)
                                              0.282808   data arrival time

                      0.150000    0.000000    0.000000   clock fclk_in (rise edge)
                                  0.000000    0.000000   clock network delay (ideal)
                                  0.250000    0.250000   clock uncertainty
                                  0.000000    0.250000   clock reconvergence pessimism
                                              0.250000 ^ _239_/CLK (sg13g2_dfrbpq_1)
                                 -0.010218    0.239782   library hold time
                                              0.239782   data required time
---------------------------------------------------------------------------------------------
                                              0.239782   data required time
                                             -0.282808   data arrival time
---------------------------------------------------------------------------------------------
                                              0.043026   slack (MET)


Startpoint: _237_ (rising edge-triggered flip-flop clocked by fclk_in)
Endpoint: _237_ (rising edge-triggered flip-flop clocked by fclk_in)
Path Group: fclk_in
Path Type: min

Fanout         Cap        Slew       Delay        Time   Description
---------------------------------------------------------------------------------------------
                      0.150000    0.000000    0.000000   clock fclk_in (rise edge)
                                  0.000000    0.000000   clock network delay (ideal)
                      0.150000    0.000000    0.000000 ^ _237_/CLK (sg13g2_dfrbpq_1)
     2    0.008502    0.036054    0.227738    0.227738 v _237_/Q (sg13g2_dfrbpq_1)
                                                         cnt[2] (net)
                      0.036054    0.000000    0.227738 v _113_/A (sg13g2_xnor2_1)
     1    0.001430    0.025824    0.056732    0.284469 v _113_/Y (sg13g2_xnor2_1)
                                                         _063_ (net)
                      0.025824    0.000000    0.284469 v _237_/D (sg13g2_dfrbpq_1)
                                              0.284469   data arrival time

                      0.150000    0.000000    0.000000   clock fclk_in (rise edge)
                                  0.000000    0.000000   clock network delay (ideal)
                                  0.250000    0.250000   clock uncertainty
                                  0.000000    0.250000   clock reconvergence pessimism
                                              0.250000 ^ _237_/CLK (sg13g2_dfrbpq_1)
                                 -0.009125    0.240875   library hold time
                                              0.240875   data required time
---------------------------------------------------------------------------------------------
                                              0.240875   data required time
                                             -0.284469   data arrival time
---------------------------------------------------------------------------------------------
                                              0.043595   slack (MET)


Startpoint: _238_ (rising edge-triggered flip-flop clocked by fclk_in)
Endpoint: _238_ (rising edge-triggered flip-flop clocked by fclk_in)
Path Group: fclk_in
Path Type: min

Fanout         Cap        Slew       Delay        Time   Description
---------------------------------------------------------------------------------------------
                      0.150000    0.000000    0.000000   clock fclk_in (rise edge)
                                  0.000000    0.000000   clock network delay (ideal)
                      0.150000    0.000000    0.000000 ^ _238_/CLK (sg13g2_dfrbpq_1)
     3    0.008871    0.037111    0.228643    0.228643 v _238_/Q (sg13g2_dfrbpq_1)
                                                         cnt[3] (net)
                      0.037111    0.000000    0.228643 v _112_/A (sg13g2_and2_1)
     1    0.001430    0.016627    0.065423    0.294066 v _112_/X (sg13g2_and2_1)
                                                         _064_ (net)
                      0.016627    0.000000    0.294066 v _238_/D (sg13g2_dfrbpq_1)
                                              0.294066   data arrival time

                      0.150000    0.000000    0.000000   clock fclk_in (rise edge)
                                  0.000000    0.000000   clock network delay (ideal)
                                  0.250000    0.250000   clock uncertainty
                                  0.000000    0.250000   clock reconvergence pessimism
                                              0.250000 ^ _238_/CLK (sg13g2_dfrbpq_1)
                                 -0.006182    0.243818   library hold time
                                              0.243818   data required time
---------------------------------------------------------------------------------------------
                                              0.243818   data required time
                                             -0.294066   data arrival time
---------------------------------------------------------------------------------------------
                                              0.050248   slack (MET)


Startpoint: _235_ (rising edge-triggered flip-flop clocked by fclk_in)
Endpoint: _235_ (rising edge-triggered flip-flop clocked by fclk_in)
Path Group: fclk_in
Path Type: min

Fanout         Cap        Slew       Delay        Time   Description
---------------------------------------------------------------------------------------------
                      0.150000    0.000000    0.000000   clock fclk_in (rise edge)
                                  0.000000    0.000000   clock network delay (ideal)
                      0.150000    0.000000    0.000000 ^ _235_/CLK (sg13g2_dfrbpq_1)
     4    0.013553    0.050514    0.240126    0.240126 v _235_/Q (sg13g2_dfrbpq_1)
                                                         cnt[0] (net)
                      0.050514    0.000000    0.240126 v _116_/B (sg13g2_xor2_1)
     1    0.001430    0.023269    0.052984    0.293110 v _116_/X (sg13g2_xor2_1)
                                                         _061_ (net)
                      0.023269    0.000000    0.293110 v _235_/D (sg13g2_dfrbpq_1)
                                              0.293110   data arrival time

                      0.150000    0.000000    0.000000   clock fclk_in (rise edge)
                                  0.000000    0.000000   clock network delay (ideal)
                                  0.250000    0.250000   clock uncertainty
                                  0.000000    0.250000   clock reconvergence pessimism
                                              0.250000 ^ _235_/CLK (sg13g2_dfrbpq_1)
                                 -0.008307    0.241693   library hold time
                                              0.241693   data required time
---------------------------------------------------------------------------------------------
                                              0.241693   data required time
                                             -0.293110   data arrival time
---------------------------------------------------------------------------------------------
                                              0.051417   slack (MET)


Startpoint: _238_ (rising edge-triggered flip-flop clocked by fclk_in)
Endpoint: _234_ (rising edge-triggered flip-flop clocked by fclk_in)
Path Group: fclk_in
Path Type: min

Fanout         Cap        Slew       Delay        Time   Description
---------------------------------------------------------------------------------------------
                      0.150000    0.000000    0.000000   clock fclk_in (rise edge)
                                  0.000000    0.000000   clock network delay (ideal)
                      0.150000    0.000000    0.000000 ^ _238_/CLK (sg13g2_dfrbpq_1)
     3    0.008979    0.047804    0.235007    0.235007 ^ _238_/Q (sg13g2_dfrbpq_1)
                                                         cnt[3] (net)
                      0.047804    0.000000    0.235007 ^ _118_/A1 (sg13g2_o21ai_1)
     1    0.002236    0.029558    0.061817    0.296824 v _118_/Y (sg13g2_o21ai_1)
                                                         _072_ (net)
                      0.029558    0.000000    0.296824 v _119_/B_N (sg13g2_nor2b_1)
     1    0.001430    0.019473    0.064659    0.361484 v _119_/Y (sg13g2_nor2b_1)
                                                         _060_ (net)
                      0.019473    0.000000    0.361484 v _234_/D (sg13g2_dfrbpq_1)
                                              0.361484   data arrival time

                      0.150000    0.000000    0.000000   clock fclk_in (rise edge)
                                  0.000000    0.000000   clock network delay (ideal)
                                  0.250000    0.250000   clock uncertainty
                                  0.000000    0.250000   clock reconvergence pessimism
                                              0.250000 ^ _234_/CLK (sg13g2_dfrbpq_1)
                                 -0.007092    0.242908   library hold time
                                              0.242908   data required time
---------------------------------------------------------------------------------------------
                                              0.242908   data required time
                                             -0.361484   data arrival time
---------------------------------------------------------------------------------------------
                                              0.118576   slack (MET)


Startpoint: _236_ (rising edge-triggered flip-flop clocked by fclk_in)
Endpoint: _236_ (rising edge-triggered flip-flop clocked by fclk_in)
Path Group: fclk_in
Path Type: min

Fanout         Cap        Slew       Delay        Time   Description
---------------------------------------------------------------------------------------------
                      0.150000    0.000000    0.000000   clock fclk_in (rise edge)
                                  0.000000    0.000000   clock network delay (ideal)
                      0.150000    0.000000    0.000000 ^ _236_/CLK (sg13g2_dfrbpq_1)
     3    0.008391    0.035736    0.227465    0.227465 v _236_/Q (sg13g2_dfrbpq_1)
                                                         cnt[1] (net)
                      0.035736    0.000000    0.227465 v _114_/B1 (sg13g2_a21o_1)
     1    0.002483    0.021964    0.076999    0.304464 v _114_/X (sg13g2_a21o_1)
                                                         _071_ (net)
                      0.021964    0.000000    0.304464 v _115_/B (sg13g2_and2_1)
     1    0.001430    0.016701    0.064079    0.368543 v _115_/X (sg13g2_and2_1)
                                                         _062_ (net)
                      0.016701    0.000000    0.368543 v _236_/D (sg13g2_dfrbpq_1)
                                              0.368543   data arrival time

                      0.150000    0.000000    0.000000   clock fclk_in (rise edge)
                                  0.000000    0.000000   clock network delay (ideal)
                                  0.250000    0.250000   clock uncertainty
                                  0.000000    0.250000   clock reconvergence pessimism
                                              0.250000 ^ _236_/CLK (sg13g2_dfrbpq_1)
                                 -0.006205    0.243795   library hold time
                                              0.243795   data required time
---------------------------------------------------------------------------------------------
                                              0.243795   data required time
                                             -0.368543   data arrival time
---------------------------------------------------------------------------------------------
                                              0.124748   slack (MET)


Startpoint: fclk_in (clock source 'fclk_in')
Endpoint: fclk_comp (output port clocked by fclk_in)
Path Group: fclk_in
Path Type: min

Fanout         Cap        Slew       Delay        Time   Description
---------------------------------------------------------------------------------------------
                      0.150000    0.000000    0.000000   clock fclk_in (rise edge)
     7    0.020109    0.036589    0.016358    0.016358 ^ fclk_in (in)
                                                         fclk_in (net)
                      0.036589    0.000000    0.016358 ^ _240_/A (sg13g2_buf_1)
     1    0.006000    0.035284    0.072053    0.088411 ^ _240_/X (sg13g2_buf_1)
                                                         fclk_comp (net)
                      0.035284    0.000000    0.088411 ^ fclk_comp (out)
                                              0.088411   data arrival time

                      0.150000    0.000000    0.000000   clock fclk_in (rise edge)
                                  0.000000    0.000000   clock network delay (ideal)
                                  0.250000    0.250000   clock uncertainty
                                  0.000000    0.250000   clock reconvergence pessimism
                                -12.500000  -12.250000   output external delay
                                            -12.250000   data required time
---------------------------------------------------------------------------------------------
                                            -12.250000   data required time
                                             -0.088411   data arrival time
---------------------------------------------------------------------------------------------
                                             12.338410   slack (MET)


Startpoint: rst (input port clocked by fclk_in)
Endpoint: _234_ (removal check against rising-edge clock fclk_in)
Path Group: asynchronous
Path Type: min

Fanout         Cap        Slew       Delay        Time   Description
---------------------------------------------------------------------------------------------
                      0.150000    0.000000    0.000000   clock fclk_in (rise edge)
                                  0.000000    0.000000   clock network delay (ideal)
                                 12.500000   12.500000 v input external delay
    32    0.090103    0.080908    0.062236   12.562235 v rst (in)
                                                         rst (net)
                      0.080908    0.000000   12.562235 v _202_/A (sg13g2_inv_1)
     1    0.005097    0.041080    0.051114   12.613349 ^ _202_/Y (sg13g2_inv_1)
                                                         _028_ (net)
                      0.041080    0.000000   12.613349 ^ _234_/RESET_B (sg13g2_dfrbpq_1)
                                             12.613349   data arrival time

                      0.150000    0.000000    0.000000   clock fclk_in (rise edge)
                                  0.000000    0.000000   clock network delay (ideal)
                                  0.250000    0.250000   clock uncertainty
                                  0.000000    0.250000   clock reconvergence pessimism
                                              0.250000 ^ _234_/CLK (sg13g2_dfrbpq_1)
                                 -0.090367    0.159633   library removal time
                                              0.159633   data required time
---------------------------------------------------------------------------------------------
                                              0.159633   data required time
                                            -12.613349   data arrival time
---------------------------------------------------------------------------------------------
                                             12.453716   slack (MET)


Startpoint: rst (input port clocked by fclk_in)
Endpoint: _235_ (removal check against rising-edge clock fclk_in)
Path Group: asynchronous
Path Type: min

Fanout         Cap        Slew       Delay        Time   Description
---------------------------------------------------------------------------------------------
                      0.150000    0.000000    0.000000   clock fclk_in (rise edge)
                                  0.000000    0.000000   clock network delay (ideal)
                                 12.500000   12.500000 v input external delay
    32    0.090103    0.080908    0.062236   12.562235 v rst (in)
                                                         rst (net)
                      0.080908    0.000000   12.562235 v _203_/A (sg13g2_inv_1)
     1    0.005097    0.041080    0.051114   12.613349 ^ _203_/Y (sg13g2_inv_1)
                                                         _029_ (net)
                      0.041080    0.000000   12.613349 ^ _235_/RESET_B (sg13g2_dfrbpq_1)
                                             12.613349   data arrival time

                      0.150000    0.000000    0.000000   clock fclk_in (rise edge)
                                  0.000000    0.000000   clock network delay (ideal)
                                  0.250000    0.250000   clock uncertainty
                                  0.000000    0.250000   clock reconvergence pessimism
                                              0.250000 ^ _235_/CLK (sg13g2_dfrbpq_1)
                                 -0.090367    0.159633   library removal time
                                              0.159633   data required time
---------------------------------------------------------------------------------------------
                                              0.159633   data required time
                                            -12.613349   data arrival time
---------------------------------------------------------------------------------------------
                                             12.453716   slack (MET)


Startpoint: rst (input port clocked by fclk_in)
Endpoint: _236_ (removal check against rising-edge clock fclk_in)
Path Group: asynchronous
Path Type: min

Fanout         Cap        Slew       Delay        Time   Description
---------------------------------------------------------------------------------------------
                      0.150000    0.000000    0.000000   clock fclk_in (rise edge)
                                  0.000000    0.000000   clock network delay (ideal)
                                 12.500000   12.500000 v input external delay
    32    0.090103    0.080908    0.062236   12.562235 v rst (in)
                                                         rst (net)
                      0.080908    0.000000   12.562235 v _204_/A (sg13g2_inv_1)
     1    0.005097    0.041080    0.051114   12.613349 ^ _204_/Y (sg13g2_inv_1)
                                                         _030_ (net)
                      0.041080    0.000000   12.613349 ^ _236_/RESET_B (sg13g2_dfrbpq_1)
                                             12.613349   data arrival time

                      0.150000    0.000000    0.000000   clock fclk_in (rise edge)
                                  0.000000    0.000000   clock network delay (ideal)
                                  0.250000    0.250000   clock uncertainty
                                  0.000000    0.250000   clock reconvergence pessimism
                                              0.250000 ^ _236_/CLK (sg13g2_dfrbpq_1)
                                 -0.090367    0.159633   library removal time
                                              0.159633   data required time
---------------------------------------------------------------------------------------------
                                              0.159633   data required time
                                            -12.613349   data arrival time
---------------------------------------------------------------------------------------------
                                             12.453716   slack (MET)


Startpoint: rst (input port clocked by fclk_in)
Endpoint: _237_ (removal check against rising-edge clock fclk_in)
Path Group: asynchronous
Path Type: min

Fanout         Cap        Slew       Delay        Time   Description
---------------------------------------------------------------------------------------------
                      0.150000    0.000000    0.000000   clock fclk_in (rise edge)
                                  0.000000    0.000000   clock network delay (ideal)
                                 12.500000   12.500000 v input external delay
    32    0.090103    0.080908    0.062236   12.562235 v rst (in)
                                                         rst (net)
                      0.080908    0.000000   12.562235 v _205_/A (sg13g2_inv_1)
     1    0.005097    0.041080    0.051114   12.613349 ^ _205_/Y (sg13g2_inv_1)
                                                         _031_ (net)
                      0.041080    0.000000   12.613349 ^ _237_/RESET_B (sg13g2_dfrbpq_1)
                                             12.613349   data arrival time

                      0.150000    0.000000    0.000000   clock fclk_in (rise edge)
                                  0.000000    0.000000   clock network delay (ideal)
                                  0.250000    0.250000   clock uncertainty
                                  0.000000    0.250000   clock reconvergence pessimism
                                              0.250000 ^ _237_/CLK (sg13g2_dfrbpq_1)
                                 -0.090367    0.159633   library removal time
                                              0.159633   data required time
---------------------------------------------------------------------------------------------
                                              0.159633   data required time
                                            -12.613349   data arrival time
---------------------------------------------------------------------------------------------
                                             12.453716   slack (MET)


Startpoint: rst (input port clocked by fclk_in)
Endpoint: _238_ (removal check against rising-edge clock fclk_in)
Path Group: asynchronous
Path Type: min

Fanout         Cap        Slew       Delay        Time   Description
---------------------------------------------------------------------------------------------
                      0.150000    0.000000    0.000000   clock fclk_in (rise edge)
                                  0.000000    0.000000   clock network delay (ideal)
                                 12.500000   12.500000 v input external delay
    32    0.090103    0.080908    0.062236   12.562235 v rst (in)
                                                         rst (net)
                      0.080908    0.000000   12.562235 v _206_/A (sg13g2_inv_1)
     1    0.005097    0.041080    0.051114   12.613349 ^ _206_/Y (sg13g2_inv_1)
                                                         _032_ (net)
                      0.041080    0.000000   12.613349 ^ _238_/RESET_B (sg13g2_dfrbpq_1)
                                             12.613349   data arrival time

                      0.150000    0.000000    0.000000   clock fclk_in (rise edge)
                                  0.000000    0.000000   clock network delay (ideal)
                                  0.250000    0.250000   clock uncertainty
                                  0.000000    0.250000   clock reconvergence pessimism
                                              0.250000 ^ _238_/CLK (sg13g2_dfrbpq_1)
                                 -0.090367    0.159633   library removal time
                                              0.159633   data required time
---------------------------------------------------------------------------------------------
                                              0.159633   data required time
                                            -12.613349   data arrival time
---------------------------------------------------------------------------------------------
                                             12.453716   slack (MET)


Startpoint: rst (input port clocked by fclk_in)
Endpoint: _239_ (removal check against rising-edge clock fclk_in)
Path Group: asynchronous
Path Type: min

Fanout         Cap        Slew       Delay        Time   Description
---------------------------------------------------------------------------------------------
                      0.150000    0.000000    0.000000   clock fclk_in (rise edge)
                                  0.000000    0.000000   clock network delay (ideal)
                                 12.500000   12.500000 v input external delay
    32    0.090103    0.080908    0.062236   12.562235 v rst (in)
                                                         rst (net)
                      0.080908    0.000000   12.562235 v _207_/A (sg13g2_inv_1)
     1    0.005097    0.041080    0.051114   12.613349 ^ _207_/Y (sg13g2_inv_1)
                                                         _033_ (net)
                      0.041080    0.000000   12.613349 ^ _239_/RESET_B (sg13g2_dfrbpq_1)
                                             12.613349   data arrival time

                      0.150000    0.000000    0.000000   clock fclk_in (rise edge)
                                  0.000000    0.000000   clock network delay (ideal)
                                  0.250000    0.250000   clock uncertainty
                                  0.000000    0.250000   clock reconvergence pessimism
                                              0.250000 ^ _239_/CLK (sg13g2_dfrbpq_1)
                                 -0.090367    0.159633   library removal time
                                              0.159633   data required time
---------------------------------------------------------------------------------------------
                                              0.159633   data required time
                                            -12.613349   data arrival time
---------------------------------------------------------------------------------------------
                                             12.453716   slack (MET)


Startpoint: _239_ (rising edge-triggered flip-flop clocked by fclk_in)
Endpoint: fdac_clk (output port clocked by fclk_in)
Path Group: fclk_in
Path Type: min

Fanout         Cap        Slew       Delay        Time   Description
---------------------------------------------------------------------------------------------
                      0.150000    0.000000    0.000000   clock fclk_in (rise edge)
                                  0.000000    0.000000   clock network delay (ideal)
                      0.150000    0.000000    0.000000 ^ _239_/CLK (sg13g2_dfrbpq_1)
     1    0.006000    0.028890    0.221600    0.221600 v _239_/Q (sg13g2_dfrbpq_1)
                                                         fdac_clk (net)
                      0.028890    0.000000    0.221600 v fdac_clk (out)
                                              0.221600   data arrival time

                      0.150000    0.000000    0.000000   clock fclk_in (rise edge)
                                  0.000000    0.000000   clock network delay (ideal)
                                  0.250000    0.250000   clock uncertainty
                                  0.000000    0.250000   clock reconvergence pessimism
                                -12.500000  -12.250000   output external delay
                                            -12.250000   data required time
---------------------------------------------------------------------------------------------
                                            -12.250000   data required time
                                             -0.221600   data arrival time
---------------------------------------------------------------------------------------------
                                             12.471601   slack (MET)


Startpoint: _234_ (rising edge-triggered flip-flop clocked by fclk_in)
Endpoint: fclk_samp (output port clocked by fclk_in)
Path Group: fclk_in
Path Type: min

Fanout         Cap        Slew       Delay        Time   Description
---------------------------------------------------------------------------------------------
                      0.150000    0.000000    0.000000   clock fclk_in (rise edge)
                                  0.000000    0.000000   clock network delay (ideal)
                      0.150000    0.000000    0.000000 ^ _234_/CLK (sg13g2_dfrbpq_1)
     2    0.005998    0.036368    0.226260    0.226260 ^ _234_/Q (sg13g2_dfrbpq_1)
                                                         _001_ (net)
                      0.036368    0.000000    0.226260 ^ _104_/A (sg13g2_inv_1)
     5    0.018291    0.063523    0.069292    0.295552 v _104_/Y (sg13g2_inv_1)
                                                         fclk_samp (net)
                      0.063523    0.000000    0.295552 v fclk_samp (out)
                                              0.295552   data arrival time

                      0.150000    0.000000    0.000000   clock fclk_in (rise edge)
                                  0.000000    0.000000   clock network delay (ideal)
                                  0.250000    0.250000   clock uncertainty
                                  0.000000    0.250000   clock reconvergence pessimism
                                -12.500000  -12.250000   output external delay
                                            -12.250000   data required time
---------------------------------------------------------------------------------------------
                                            -12.250000   data required time
                                             -0.295552   data arrival time
---------------------------------------------------------------------------------------------
                                             12.545551   slack (MET)



