
===========================================================================
 report_power
============================================================================
======================= nom_typ_1p20V_25C Corner ===================================

Group                    Internal    Switching      Leakage        Total
                            Power        Power        Power        Power (Watts)
------------------------------------------------------------------------
Sequential           1.727650e-05 3.446984e-06 1.577065e-08 2.073925e-05  70.2%
Combinational        5.590728e-06 2.870326e-06 1.159268e-08 8.472645e-06  28.7%
Clock                1.765266e-07 1.382400e-07 1.103172e-10 3.148769e-07   1.1%
Macro                0.000000e+00 0.000000e+00 0.000000e+00 0.000000e+00   0.0%
Pad                  0.000000e+00 0.000000e+00 0.000000e+00 0.000000e+00   0.0%
------------------------------------------------------------------------
Total                2.304375e-05 6.455550e-06 2.747364e-08 2.952678e-05 100.0%
                            78.0%        21.9%         0.1%

