                                                                        Cells by Master                                                                         
┏━━━━━━━━━━━━━━━━━━━━━━━━━━━━━━━━━━━━━━━━━━━━━━━━━━━━━━━━━━━━━━━━━━━━━━━━━━━━━━━━━━━━━━━━━━━━━━━━━━━━━━━━━━━━━━━━━━━━━━━━┳━━━━━━━━━━━━━━━━━━━━━━━━━━━━━━━━━━━━━┓
┃ Cell                                                                                                                   ┃ Count                               ┃
┡━━━━━━━━━━━━━━━━━━━━━━━━━━━━━━━━━━━━━━━━━━━━━━━━━━━━━━━━━━━━━━━━━━━━━━━━━━━━━━━━━━━━━━━━━━━━━━━━━━━━━━━━━━━━━━━━━━━━━━━━╇━━━━━━━━━━━━━━━━━━━━━━━━━━━━━━━━━━━━━┩
│ sg13g2_a21o_1                                                                                                          │ 3                                   │
│ sg13g2_a21oi_1                                                                                                         │ 6                                   │
│ sg13g2_a22oi_1                                                                                                         │ 1                                   │
│ sg13g2_and2_1                                                                                                          │ 2                                   │
│ sg13g2_buf_1                                                                                                           │ 44                                  │
│ sg13g2_buf_16                                                                                                          │ 6                                   │
│ sg13g2_decap_4                                                                                                         │ 29                                  │
│ sg13g2_decap_8                                                                                                         │ 283                                 │
│ sg13g2_dfrbpq_1                                                                                                        │ 32                                  │
│ sg13g2_dlygate4sd3_1                                                                                                   │ 8                                   │
│ sg13g2_fill_1                                                                                                          │ 41                                  │
│ sg13g2_fill_2                                                                                                          │ 46                                  │
│ sg13g2_inv_1                                                                                                           │ 37                                  │
│ sg13g2_mux2_1                                                                                                          │ 15                                  │
│ sg13g2_nand2_1                                                                                                         │ 3                                   │
│ sg13g2_nand2b_1                                                                                                        │ 4                                   │
│ sg13g2_nand3_1                                                                                                         │ 1                                   │
│ sg13g2_nand3b_1                                                                                                        │ 1                                   │
│ sg13g2_nand4_1                                                                                                         │ 1                                   │
│ sg13g2_nor2_1                                                                                                          │ 9                                   │
│ sg13g2_nor2b_1                                                                                                         │ 3                                   │
│ sg13g2_nor3_1                                                                                                          │ 8                                   │
│ sg13g2_o21ai_1                                                                                                         │ 7                                   │
│ sg13g2_or2_1                                                                                                           │ 1                                   │
│ sg13g2_xnor2_1                                                                                                         │ 1                                   │
│ sg13g2_xor2_1                                                                                                          │ 1                                   │
└────────────────────────────────────────────────────────────────────────────────────────────────────────────────────────┴─────────────────────────────────────┘
