
===========================================================================
report_checks -path_delay min (Hold)
============================================================================
======================= nom_typ_1p20V_25C Corner ===================================

Startpoint: _238_ (rising edge-triggered flip-flop clocked by fclk_in)
Endpoint: _238_ (rising edge-triggered flip-flop clocked by fclk_in)
Path Group: fclk_in
Path Type: min

Fanout         Cap        Slew       Delay        Time   Description
---------------------------------------------------------------------------------------------
                                  0.000000    0.000000   clock fclk_in (rise edge)
                                  0.000000    0.000000   clock source latency
     2    0.045331    0.059752    0.038735    0.038735 ^ fclk_in (in)
                                                         fclk_in (net)
                      0.060259    0.000000    0.038735 ^ clkbuf_regs_0_fclk_in/A (sg13g2_buf_16)
     1    0.018246    0.020488    0.079420    0.118155 ^ clkbuf_regs_0_fclk_in/X (sg13g2_buf_16)
                                                         fclk_in_regs (net)
                      0.020496    0.000798    0.118953 ^ clkbuf_0_fclk_in_regs/A (sg13g2_buf_16)
     2    0.037809    0.023037    0.063777    0.182731 ^ clkbuf_0_fclk_in_regs/X (sg13g2_buf_16)
                                                         clknet_0_fclk_in_regs (net)
                      0.023072    0.001591    0.184321 ^ clkbuf_1_1__f_fclk_in_regs/A (sg13g2_buf_16)
     3    0.013070    0.017503    0.060453    0.244774 ^ clkbuf_1_1__f_fclk_in_regs/X (sg13g2_buf_16)
                                                         clknet_1_1__leaf_fclk_in_regs (net)
                      0.017507    0.000702    0.245476 ^ _238_/CLK (sg13g2_dfrbpq_1)
     1    0.002809    0.019290    0.158142    0.403618 v _238_/Q (sg13g2_dfrbpq_1)
                                                         cnt[3] (net)
                      0.019290    0.000185    0.403804 v hold44/A (sg13g2_dlygate4sd3_1)
     3    0.014170    0.071634    0.404609    0.808412 v hold44/X (sg13g2_dlygate4sd3_1)
                                                         net44 (net)
                      0.071644    0.000844    0.809257 v _112_/A (sg13g2_and2_1)
     1    0.002777    0.021094    0.083683    0.892939 v _112_/X (sg13g2_and2_1)
                                                         _064_ (net)
                      0.021094    0.000159    0.893098 v _238_/D (sg13g2_dfrbpq_1)
                                              0.893098   data arrival time

                                  0.000000    0.000000   clock fclk_in (rise edge)
                                  0.000000    0.000000   clock source latency
     2    0.045331    0.059752    0.038735    0.038735 ^ fclk_in (in)
                                                         fclk_in (net)
                      0.060259    0.000000    0.038735 ^ clkbuf_regs_0_fclk_in/A (sg13g2_buf_16)
     1    0.018246    0.020488    0.079420    0.118155 ^ clkbuf_regs_0_fclk_in/X (sg13g2_buf_16)
                                                         fclk_in_regs (net)
                      0.020496    0.000798    0.118953 ^ clkbuf_0_fclk_in_regs/A (sg13g2_buf_16)
     2    0.037809    0.023037    0.063777    0.182731 ^ clkbuf_0_fclk_in_regs/X (sg13g2_buf_16)
                                                         clknet_0_fclk_in_regs (net)
                      0.023072    0.001591    0.184321 ^ clkbuf_1_1__f_fclk_in_regs/A (sg13g2_buf_16)
     3    0.013070    0.017503    0.060453    0.244774 ^ clkbuf_1_1__f_fclk_in_regs/X (sg13g2_buf_16)
                                                         clknet_1_1__leaf_fclk_in_regs (net)
                      0.017507    0.000702    0.245476 ^ _238_/CLK (sg13g2_dfrbpq_1)
                                  0.250000    0.495476   clock uncertainty
                                  0.000000    0.495476   clock reconvergence pessimism
                                 -0.035251    0.460226   library hold time
                                              0.460226   data required time
---------------------------------------------------------------------------------------------
                                              0.460226   data required time
                                             -0.893098   data arrival time
---------------------------------------------------------------------------------------------
                                              0.432873   slack (MET)


Startpoint: _235_ (rising edge-triggered flip-flop clocked by fclk_in)
Endpoint: _239_ (rising edge-triggered flip-flop clocked by fclk_in)
Path Group: fclk_in
Path Type: min

Fanout         Cap        Slew       Delay        Time   Description
---------------------------------------------------------------------------------------------
                                  0.000000    0.000000   clock fclk_in (rise edge)
                                  0.000000    0.000000   clock source latency
     2    0.045331    0.059752    0.038735    0.038735 ^ fclk_in (in)
                                                         fclk_in (net)
                      0.060259    0.000000    0.038735 ^ clkbuf_regs_0_fclk_in/A (sg13g2_buf_16)
     1    0.018246    0.020488    0.079420    0.118155 ^ clkbuf_regs_0_fclk_in/X (sg13g2_buf_16)
                                                         fclk_in_regs (net)
                      0.020496    0.000798    0.118953 ^ clkbuf_0_fclk_in_regs/A (sg13g2_buf_16)
     2    0.037809    0.023037    0.063777    0.182731 ^ clkbuf_0_fclk_in_regs/X (sg13g2_buf_16)
                                                         clknet_0_fclk_in_regs (net)
                      0.023072    0.001575    0.184305 ^ clkbuf_1_0__f_fclk_in_regs/A (sg13g2_buf_16)
     3    0.012009    0.017250    0.060252    0.244557 ^ clkbuf_1_0__f_fclk_in_regs/X (sg13g2_buf_16)
                                                         clknet_1_0__leaf_fclk_in_regs (net)
                      0.017253    0.000643    0.245200 ^ _235_/CLK (sg13g2_dfrbpq_1)
     2    0.006721    0.029804    0.167545    0.412745 v _235_/Q (sg13g2_dfrbpq_1)
                                                         cnt[0] (net)
                      0.029829    0.000308    0.413053 v _111_/D (sg13g2_nand4_1)
     2    0.007061    0.053658    0.057082    0.470135 ^ _111_/Y (sg13g2_nand4_1)
                                                         _070_ (net)
                      0.053659    0.000478    0.470613 ^ _117_/C (sg13g2_nor3_1)
     1    0.003517    0.026544    0.041104    0.511717 v _117_/Y (sg13g2_nor3_1)
                                                         _000_ (net)
                      0.026544    0.000213    0.511930 v hold45/A (sg13g2_dlygate4sd3_1)
     2    0.004860    0.041831    0.376735    0.888665 v hold45/X (sg13g2_dlygate4sd3_1)
                                                         net45 (net)
                      0.041831    0.000129    0.888795 v _239_/D (sg13g2_dfrbpq_1)
                                              0.888795   data arrival time

                                  0.000000    0.000000   clock fclk_in (rise edge)
                                  0.000000    0.000000   clock source latency
     2    0.045331    0.059752    0.038735    0.038735 ^ fclk_in (in)
                                                         fclk_in (net)
                      0.060259    0.000000    0.038735 ^ clkbuf_regs_0_fclk_in/A (sg13g2_buf_16)
     1    0.018246    0.020488    0.079420    0.118155 ^ clkbuf_regs_0_fclk_in/X (sg13g2_buf_16)
                                                         fclk_in_regs (net)
                      0.020496    0.000798    0.118953 ^ clkbuf_0_fclk_in_regs/A (sg13g2_buf_16)
     2    0.037809    0.023037    0.063777    0.182731 ^ clkbuf_0_fclk_in_regs/X (sg13g2_buf_16)
                                                         clknet_0_fclk_in_regs (net)
                      0.023072    0.001591    0.184321 ^ clkbuf_1_1__f_fclk_in_regs/A (sg13g2_buf_16)
     3    0.013070    0.017503    0.060453    0.244774 ^ clkbuf_1_1__f_fclk_in_regs/X (sg13g2_buf_16)
                                                         clknet_1_1__leaf_fclk_in_regs (net)
                      0.017508    0.000747    0.245522 ^ _239_/CLK (sg13g2_dfrbpq_1)
                                  0.250000    0.495522   clock uncertainty
                                  0.000000    0.495522   clock reconvergence pessimism
                                 -0.041820    0.453701   library hold time
                                              0.453701   data required time
---------------------------------------------------------------------------------------------
                                              0.453701   data required time
                                             -0.888795   data arrival time
---------------------------------------------------------------------------------------------
                                              0.435093   slack (MET)


Startpoint: _235_ (rising edge-triggered flip-flop clocked by fclk_in)
Endpoint: _235_ (rising edge-triggered flip-flop clocked by fclk_in)
Path Group: fclk_in
Path Type: min

Fanout         Cap        Slew       Delay        Time   Description
---------------------------------------------------------------------------------------------
                                  0.000000    0.000000   clock fclk_in (rise edge)
                                  0.000000    0.000000   clock source latency
     2    0.045331    0.059752    0.038735    0.038735 ^ fclk_in (in)
                                                         fclk_in (net)
                      0.060259    0.000000    0.038735 ^ clkbuf_regs_0_fclk_in/A (sg13g2_buf_16)
     1    0.018246    0.020488    0.079420    0.118155 ^ clkbuf_regs_0_fclk_in/X (sg13g2_buf_16)
                                                         fclk_in_regs (net)
                      0.020496    0.000798    0.118953 ^ clkbuf_0_fclk_in_regs/A (sg13g2_buf_16)
     2    0.037809    0.023037    0.063777    0.182731 ^ clkbuf_0_fclk_in_regs/X (sg13g2_buf_16)
                                                         clknet_0_fclk_in_regs (net)
                      0.023072    0.001575    0.184305 ^ clkbuf_1_0__f_fclk_in_regs/A (sg13g2_buf_16)
     3    0.012009    0.017250    0.060252    0.244557 ^ clkbuf_1_0__f_fclk_in_regs/X (sg13g2_buf_16)
                                                         clknet_1_0__leaf_fclk_in_regs (net)
                      0.017253    0.000643    0.245200 ^ _235_/CLK (sg13g2_dfrbpq_1)
     2    0.006928    0.038463    0.172830    0.418030 ^ _235_/Q (sg13g2_dfrbpq_1)
                                                         cnt[0] (net)
                      0.038463    0.000072    0.418102 ^ hold50/A (sg13g2_dlygate4sd3_1)
     3    0.015814    0.082724    0.406462    0.824564 ^ hold50/X (sg13g2_dlygate4sd3_1)
                                                         net50 (net)
                      0.082730    0.000773    0.825338 ^ _116_/B (sg13g2_xor2_1)
     1    0.002300    0.026549    0.069298    0.894635 v _116_/X (sg13g2_xor2_1)
                                                         _061_ (net)
                      0.026549    0.000087    0.894722 v _235_/D (sg13g2_dfrbpq_1)
                                              0.894722   data arrival time

                                  0.000000    0.000000   clock fclk_in (rise edge)
                                  0.000000    0.000000   clock source latency
     2    0.045331    0.059752    0.038735    0.038735 ^ fclk_in (in)
                                                         fclk_in (net)
                      0.060259    0.000000    0.038735 ^ clkbuf_regs_0_fclk_in/A (sg13g2_buf_16)
     1    0.018246    0.020488    0.079420    0.118155 ^ clkbuf_regs_0_fclk_in/X (sg13g2_buf_16)
                                                         fclk_in_regs (net)
                      0.020496    0.000798    0.118953 ^ clkbuf_0_fclk_in_regs/A (sg13g2_buf_16)
     2    0.037809    0.023037    0.063777    0.182731 ^ clkbuf_0_fclk_in_regs/X (sg13g2_buf_16)
                                                         clknet_0_fclk_in_regs (net)
                      0.023072    0.001575    0.184305 ^ clkbuf_1_0__f_fclk_in_regs/A (sg13g2_buf_16)
     3    0.012009    0.017250    0.060252    0.244557 ^ clkbuf_1_0__f_fclk_in_regs/X (sg13g2_buf_16)
                                                         clknet_1_0__leaf_fclk_in_regs (net)
                      0.017253    0.000643    0.245200 ^ _235_/CLK (sg13g2_dfrbpq_1)
                                  0.250000    0.495200   clock uncertainty
                                  0.000000    0.495200   clock reconvergence pessimism
                                 -0.037032    0.458168   library hold time
                                              0.458168   data required time
---------------------------------------------------------------------------------------------
                                              0.458168   data required time
                                             -0.894722   data arrival time
---------------------------------------------------------------------------------------------
                                              0.436554   slack (MET)


Startpoint: _238_ (rising edge-triggered flip-flop clocked by fclk_in)
Endpoint: _234_ (rising edge-triggered flip-flop clocked by fclk_in)
Path Group: fclk_in
Path Type: min

Fanout         Cap        Slew       Delay        Time   Description
---------------------------------------------------------------------------------------------
                                  0.000000    0.000000   clock fclk_in (rise edge)
                                  0.000000    0.000000   clock source latency
     2    0.045331    0.059752    0.038735    0.038735 ^ fclk_in (in)
                                                         fclk_in (net)
                      0.060259    0.000000    0.038735 ^ clkbuf_regs_0_fclk_in/A (sg13g2_buf_16)
     1    0.018246    0.020488    0.079420    0.118155 ^ clkbuf_regs_0_fclk_in/X (sg13g2_buf_16)
                                                         fclk_in_regs (net)
                      0.020496    0.000798    0.118953 ^ clkbuf_0_fclk_in_regs/A (sg13g2_buf_16)
     2    0.037809    0.023037    0.063777    0.182731 ^ clkbuf_0_fclk_in_regs/X (sg13g2_buf_16)
                                                         clknet_0_fclk_in_regs (net)
                      0.023072    0.001591    0.184321 ^ clkbuf_1_1__f_fclk_in_regs/A (sg13g2_buf_16)
     3    0.013070    0.017503    0.060453    0.244774 ^ clkbuf_1_1__f_fclk_in_regs/X (sg13g2_buf_16)
                                                         clknet_1_1__leaf_fclk_in_regs (net)
                      0.017507    0.000702    0.245476 ^ _238_/CLK (sg13g2_dfrbpq_1)
     1    0.002772    0.023493    0.160904    0.406381 ^ _238_/Q (sg13g2_dfrbpq_1)
                                                         cnt[3] (net)
                      0.023493    0.000182    0.406563 ^ hold44/A (sg13g2_dlygate4sd3_1)
     3    0.014277    0.076649    0.393209    0.799771 ^ hold44/X (sg13g2_dlygate4sd3_1)
                                                         net44 (net)
                      0.076656    0.000790    0.800562 ^ _118_/A1 (sg13g2_o21ai_1)
     1    0.004347    0.040088    0.081402    0.881964 v _118_/Y (sg13g2_o21ai_1)
                                                         _072_ (net)
                      0.040089    0.000265    0.882229 v _119_/B_N (sg13g2_nor2b_1)
     1    0.003000    0.021063    0.072957    0.955186 v _119_/Y (sg13g2_nor2b_1)
                                                         _060_ (net)
                      0.021063    0.000114    0.955300 v _234_/D (sg13g2_dfrbpq_1)
                                              0.955300   data arrival time

                                  0.000000    0.000000   clock fclk_in (rise edge)
                                  0.000000    0.000000   clock source latency
     2    0.045331    0.059752    0.038735    0.038735 ^ fclk_in (in)
                                                         fclk_in (net)
                      0.060259    0.000000    0.038735 ^ clkbuf_regs_0_fclk_in/A (sg13g2_buf_16)
     1    0.018246    0.020488    0.079420    0.118155 ^ clkbuf_regs_0_fclk_in/X (sg13g2_buf_16)
                                                         fclk_in_regs (net)
                      0.020496    0.000798    0.118953 ^ clkbuf_0_fclk_in_regs/A (sg13g2_buf_16)
     2    0.037809    0.023037    0.063777    0.182731 ^ clkbuf_0_fclk_in_regs/X (sg13g2_buf_16)
                                                         clknet_0_fclk_in_regs (net)
                      0.023072    0.001591    0.184321 ^ clkbuf_1_1__f_fclk_in_regs/A (sg13g2_buf_16)
     3    0.013070    0.017503    0.060453    0.244774 ^ clkbuf_1_1__f_fclk_in_regs/X (sg13g2_buf_16)
                                                         clknet_1_1__leaf_fclk_in_regs (net)
                      0.017508    0.000740    0.245514 ^ _234_/CLK (sg13g2_dfrbpq_1)
                                  0.250000    0.495514   clock uncertainty
                                  0.000000    0.495514   clock reconvergence pessimism
                                 -0.035241    0.460273   library hold time
                                              0.460273   data required time
---------------------------------------------------------------------------------------------
                                              0.460273   data required time
                                             -0.955300   data arrival time
---------------------------------------------------------------------------------------------
                                              0.495027   slack (MET)


Startpoint: _236_ (rising edge-triggered flip-flop clocked by fclk_in)
Endpoint: _236_ (rising edge-triggered flip-flop clocked by fclk_in)
Path Group: fclk_in
Path Type: min

Fanout         Cap        Slew       Delay        Time   Description
---------------------------------------------------------------------------------------------
                                  0.000000    0.000000   clock fclk_in (rise edge)
                                  0.000000    0.000000   clock source latency
     2    0.045331    0.059752    0.038735    0.038735 ^ fclk_in (in)
                                                         fclk_in (net)
                      0.060259    0.000000    0.038735 ^ clkbuf_regs_0_fclk_in/A (sg13g2_buf_16)
     1    0.018246    0.020488    0.079420    0.118155 ^ clkbuf_regs_0_fclk_in/X (sg13g2_buf_16)
                                                         fclk_in_regs (net)
                      0.020496    0.000798    0.118953 ^ clkbuf_0_fclk_in_regs/A (sg13g2_buf_16)
     2    0.037809    0.023037    0.063777    0.182731 ^ clkbuf_0_fclk_in_regs/X (sg13g2_buf_16)
                                                         clknet_0_fclk_in_regs (net)
                      0.023072    0.001575    0.184305 ^ clkbuf_1_0__f_fclk_in_regs/A (sg13g2_buf_16)
     3    0.012009    0.017250    0.060252    0.244557 ^ clkbuf_1_0__f_fclk_in_regs/X (sg13g2_buf_16)
                                                         clknet_1_0__leaf_fclk_in_regs (net)
                      0.017253    0.000628    0.245185 ^ _236_/CLK (sg13g2_dfrbpq_1)
     1    0.002278    0.017896    0.156736    0.401920 v _236_/Q (sg13g2_dfrbpq_1)
                                                         cnt[1] (net)
                      0.017896    0.000147    0.402067 v hold48/A (sg13g2_dlygate4sd3_1)
     3    0.013545    0.069211    0.402061    0.804128 v hold48/X (sg13g2_dlygate4sd3_1)
                                                         net48 (net)
                      0.069212    0.000367    0.804496 v _114_/B1 (sg13g2_a21o_1)
     1    0.002723    0.023237    0.091402    0.895898 v _114_/X (sg13g2_a21o_1)
                                                         _071_ (net)
                      0.023237    0.000108    0.896006 v _115_/B (sg13g2_and2_1)
     1    0.002332    0.019054    0.066929    0.962935 v _115_/X (sg13g2_and2_1)
                                                         _062_ (net)
                      0.019054    0.000083    0.963018 v _236_/D (sg13g2_dfrbpq_1)
                                              0.963018   data arrival time

                                  0.000000    0.000000   clock fclk_in (rise edge)
                                  0.000000    0.000000   clock source latency
     2    0.045331    0.059752    0.038735    0.038735 ^ fclk_in (in)
                                                         fclk_in (net)
                      0.060259    0.000000    0.038735 ^ clkbuf_regs_0_fclk_in/A (sg13g2_buf_16)
     1    0.018246    0.020488    0.079420    0.118155 ^ clkbuf_regs_0_fclk_in/X (sg13g2_buf_16)
                                                         fclk_in_regs (net)
                      0.020496    0.000798    0.118953 ^ clkbuf_0_fclk_in_regs/A (sg13g2_buf_16)
     2    0.037809    0.023037    0.063777    0.182731 ^ clkbuf_0_fclk_in_regs/X (sg13g2_buf_16)
                                                         clknet_0_fclk_in_regs (net)
                      0.023072    0.001575    0.184305 ^ clkbuf_1_0__f_fclk_in_regs/A (sg13g2_buf_16)
     3    0.012009    0.017250    0.060252    0.244557 ^ clkbuf_1_0__f_fclk_in_regs/X (sg13g2_buf_16)
                                                         clknet_1_0__leaf_fclk_in_regs (net)
                      0.017253    0.000628    0.245185 ^ _236_/CLK (sg13g2_dfrbpq_1)
                                  0.250000    0.495185   clock uncertainty
                                  0.000000    0.495185   clock reconvergence pessimism
                                 -0.034658    0.460527   library hold time
                                              0.460527   data required time
---------------------------------------------------------------------------------------------
                                              0.460527   data required time
                                             -0.963018   data arrival time
---------------------------------------------------------------------------------------------
                                              0.502491   slack (MET)


Startpoint: _237_ (rising edge-triggered flip-flop clocked by fclk_in)
Endpoint: _237_ (rising edge-triggered flip-flop clocked by fclk_in)
Path Group: fclk_in
Path Type: min

Fanout         Cap        Slew       Delay        Time   Description
---------------------------------------------------------------------------------------------
                                  0.000000    0.000000   clock fclk_in (rise edge)
                                  0.000000    0.000000   clock source latency
     2    0.045331    0.059752    0.038735    0.038735 ^ fclk_in (in)
                                                         fclk_in (net)
                      0.060259    0.000000    0.038735 ^ clkbuf_regs_0_fclk_in/A (sg13g2_buf_16)
     1    0.018246    0.020488    0.079420    0.118155 ^ clkbuf_regs_0_fclk_in/X (sg13g2_buf_16)
                                                         fclk_in_regs (net)
                      0.020496    0.000798    0.118953 ^ clkbuf_0_fclk_in_regs/A (sg13g2_buf_16)
     2    0.037809    0.023037    0.063777    0.182731 ^ clkbuf_0_fclk_in_regs/X (sg13g2_buf_16)
                                                         clknet_0_fclk_in_regs (net)
                      0.023072    0.001575    0.184305 ^ clkbuf_1_0__f_fclk_in_regs/A (sg13g2_buf_16)
     3    0.012009    0.017250    0.060252    0.244557 ^ clkbuf_1_0__f_fclk_in_regs/X (sg13g2_buf_16)
                                                         clknet_1_0__leaf_fclk_in_regs (net)
                      0.017253    0.000683    0.245240 ^ _237_/CLK (sg13g2_dfrbpq_1)
     1    0.002333    0.021930    0.159517    0.404757 ^ _237_/Q (sg13g2_dfrbpq_1)
                                                         cnt[2] (net)
                      0.021930    0.000147    0.404905 ^ hold46/A (sg13g2_dlygate4sd3_1)
     2    0.012357    0.069036    0.385784    0.790689 ^ hold46/X (sg13g2_dlygate4sd3_1)
                                                         net46 (net)
                      0.069046    0.000848    0.791537 ^ _113_/A (sg13g2_xnor2_1)
     1    0.003639    0.037210    0.078806    0.870343 v _113_/Y (sg13g2_xnor2_1)
                                                         _063_ (net)
                      0.037211    0.000213    0.870556 v hold47/A (sg13g2_dlygate4sd3_1)
     1    0.001858    0.033800    0.372209    1.242765 v hold47/X (sg13g2_dlygate4sd3_1)
                                                         net47 (net)
                      0.033800    0.000069    1.242834 v _237_/D (sg13g2_dfrbpq_1)
                                              1.242834   data arrival time

                                  0.000000    0.000000   clock fclk_in (rise edge)
                                  0.000000    0.000000   clock source latency
     2    0.045331    0.059752    0.038735    0.038735 ^ fclk_in (in)
                                                         fclk_in (net)
                      0.060259    0.000000    0.038735 ^ clkbuf_regs_0_fclk_in/A (sg13g2_buf_16)
     1    0.018246    0.020488    0.079420    0.118155 ^ clkbuf_regs_0_fclk_in/X (sg13g2_buf_16)
                                                         fclk_in_regs (net)
                      0.020496    0.000798    0.118953 ^ clkbuf_0_fclk_in_regs/A (sg13g2_buf_16)
     2    0.037809    0.023037    0.063777    0.182731 ^ clkbuf_0_fclk_in_regs/X (sg13g2_buf_16)
                                                         clknet_0_fclk_in_regs (net)
                      0.023072    0.001575    0.184305 ^ clkbuf_1_0__f_fclk_in_regs/A (sg13g2_buf_16)
     3    0.012009    0.017250    0.060252    0.244557 ^ clkbuf_1_0__f_fclk_in_regs/X (sg13g2_buf_16)
                                                         clknet_1_0__leaf_fclk_in_regs (net)
                      0.017253    0.000683    0.245240 ^ _237_/CLK (sg13g2_dfrbpq_1)
                                  0.250000    0.495240   clock uncertainty
                                  0.000000    0.495240   clock reconvergence pessimism
                                 -0.039329    0.455911   library hold time
                                              0.455911   data required time
---------------------------------------------------------------------------------------------
                                              0.455911   data required time
                                             -1.242834   data arrival time
---------------------------------------------------------------------------------------------
                                              0.786923   slack (MET)


Startpoint: rst (input port clocked by fclk_in)
Endpoint: _238_ (removal check against rising-edge clock fclk_in)
Path Group: asynchronous
Path Type: min

Fanout         Cap        Slew       Delay        Time   Description
---------------------------------------------------------------------------------------------
                                  0.000000    0.000000   clock fclk_in (rise edge)
                                  0.000000    0.000000   clock network delay (propagated)
                                 12.500000   12.500000 v input external delay
     1    0.004533    0.018275    0.003361   12.503361 v rst (in)
                                                         rst (net)
                      0.018275    0.000000   12.503361 v input5/A (sg13g2_buf_1)
     1    0.005164    0.025492    0.062711   12.566072 v input5/X (sg13g2_buf_1)
                                                         net5 (net)
                      0.025497    0.000330   12.566401 v fanout39/A (sg13g2_buf_1)
     4    0.026158    0.087374    0.115382   12.681783 v fanout39/X (sg13g2_buf_1)
                                                         net39 (net)
                      0.087418    0.001629   12.683412 v fanout36/A (sg13g2_buf_1)
     4    0.021328    0.075173    0.132009   12.815421 v fanout36/X (sg13g2_buf_1)
                                                         net36 (net)
                      0.075204    0.001424   12.816845 v _206_/A (sg13g2_inv_1)
     1    0.006875    0.044968    0.055625   12.872470 ^ _206_/Y (sg13g2_inv_1)
                                                         _032_ (net)
                      0.044977    0.000495   12.872965 ^ _238_/RESET_B (sg13g2_dfrbpq_1)
                                             12.872965   data arrival time

                                  0.000000    0.000000   clock fclk_in (rise edge)
                                  0.000000    0.000000   clock source latency
     2    0.045331    0.059752    0.038735    0.038735 ^ fclk_in (in)
                                                         fclk_in (net)
                      0.060259    0.000000    0.038735 ^ clkbuf_regs_0_fclk_in/A (sg13g2_buf_16)
     1    0.018246    0.020488    0.079420    0.118155 ^ clkbuf_regs_0_fclk_in/X (sg13g2_buf_16)
                                                         fclk_in_regs (net)
                      0.020496    0.000798    0.118953 ^ clkbuf_0_fclk_in_regs/A (sg13g2_buf_16)
     2    0.037809    0.023037    0.063777    0.182731 ^ clkbuf_0_fclk_in_regs/X (sg13g2_buf_16)
                                                         clknet_0_fclk_in_regs (net)
                      0.023072    0.001591    0.184321 ^ clkbuf_1_1__f_fclk_in_regs/A (sg13g2_buf_16)
     3    0.013070    0.017503    0.060453    0.244774 ^ clkbuf_1_1__f_fclk_in_regs/X (sg13g2_buf_16)
                                                         clknet_1_1__leaf_fclk_in_regs (net)
                      0.017507    0.000702    0.245476 ^ _238_/CLK (sg13g2_dfrbpq_1)
                                  0.250000    0.495476   clock uncertainty
                                  0.000000    0.495476   clock reconvergence pessimism
                                 -0.108291    0.387185   library removal time
                                              0.387185   data required time
---------------------------------------------------------------------------------------------
                                              0.387185   data required time
                                            -12.872965   data arrival time
---------------------------------------------------------------------------------------------
                                             12.485779   slack (MET)


Startpoint: rst (input port clocked by fclk_in)
Endpoint: _239_ (removal check against rising-edge clock fclk_in)
Path Group: asynchronous
Path Type: min

Fanout         Cap        Slew       Delay        Time   Description
---------------------------------------------------------------------------------------------
                                  0.000000    0.000000   clock fclk_in (rise edge)
                                  0.000000    0.000000   clock network delay (propagated)
                                 12.500000   12.500000 v input external delay
     1    0.004533    0.018275    0.003361   12.503361 v rst (in)
                                                         rst (net)
                      0.018275    0.000000   12.503361 v input5/A (sg13g2_buf_1)
     1    0.005164    0.025492    0.062711   12.566072 v input5/X (sg13g2_buf_1)
                                                         net5 (net)
                      0.025497    0.000330   12.566401 v fanout39/A (sg13g2_buf_1)
     4    0.026158    0.087374    0.115382   12.681783 v fanout39/X (sg13g2_buf_1)
                                                         net39 (net)
                      0.087418    0.001629   12.683412 v fanout36/A (sg13g2_buf_1)
     4    0.021328    0.075173    0.132009   12.815421 v fanout36/X (sg13g2_buf_1)
                                                         net36 (net)
                      0.075211    0.001561   12.816981 v _207_/A (sg13g2_inv_1)
     1    0.007133    0.045918    0.056557   12.873538 ^ _207_/Y (sg13g2_inv_1)
                                                         _033_ (net)
                      0.045927    0.000507   12.874045 ^ _239_/RESET_B (sg13g2_dfrbpq_1)
                                             12.874045   data arrival time

                                  0.000000    0.000000   clock fclk_in (rise edge)
                                  0.000000    0.000000   clock source latency
     2    0.045331    0.059752    0.038735    0.038735 ^ fclk_in (in)
                                                         fclk_in (net)
                      0.060259    0.000000    0.038735 ^ clkbuf_regs_0_fclk_in/A (sg13g2_buf_16)
     1    0.018246    0.020488    0.079420    0.118155 ^ clkbuf_regs_0_fclk_in/X (sg13g2_buf_16)
                                                         fclk_in_regs (net)
                      0.020496    0.000798    0.118953 ^ clkbuf_0_fclk_in_regs/A (sg13g2_buf_16)
     2    0.037809    0.023037    0.063777    0.182731 ^ clkbuf_0_fclk_in_regs/X (sg13g2_buf_16)
                                                         clknet_0_fclk_in_regs (net)
                      0.023072    0.001591    0.184321 ^ clkbuf_1_1__f_fclk_in_regs/A (sg13g2_buf_16)
     3    0.013070    0.017503    0.060453    0.244774 ^ clkbuf_1_1__f_fclk_in_regs/X (sg13g2_buf_16)
                                                         clknet_1_1__leaf_fclk_in_regs (net)
                      0.017508    0.000747    0.245522 ^ _239_/CLK (sg13g2_dfrbpq_1)
                                  0.250000    0.495522   clock uncertainty
                                  0.000000    0.495522   clock reconvergence pessimism
                                 -0.108576    0.386945   library removal time
                                              0.386945   data required time
---------------------------------------------------------------------------------------------
                                              0.386945   data required time
                                            -12.874045   data arrival time
---------------------------------------------------------------------------------------------
                                             12.487100   slack (MET)


Startpoint: rst (input port clocked by fclk_in)
Endpoint: _237_ (removal check against rising-edge clock fclk_in)
Path Group: asynchronous
Path Type: min

Fanout         Cap        Slew       Delay        Time   Description
---------------------------------------------------------------------------------------------
                                  0.000000    0.000000   clock fclk_in (rise edge)
                                  0.000000    0.000000   clock network delay (propagated)
                                 12.500000   12.500000 v input external delay
     1    0.004533    0.018275    0.003361   12.503361 v rst (in)
                                                         rst (net)
                      0.018275    0.000000   12.503361 v input5/A (sg13g2_buf_1)
     1    0.005164    0.025492    0.062711   12.566072 v input5/X (sg13g2_buf_1)
                                                         net5 (net)
                      0.025497    0.000330   12.566401 v fanout39/A (sg13g2_buf_1)
     4    0.026158    0.087374    0.115382   12.681783 v fanout39/X (sg13g2_buf_1)
                                                         net39 (net)
                      0.087418    0.001629   12.683412 v fanout36/A (sg13g2_buf_1)
     4    0.021328    0.075173    0.132009   12.815421 v fanout36/X (sg13g2_buf_1)
                                                         net36 (net)
                      0.075174    0.000294   12.815715 v _205_/A (sg13g2_inv_1)
     1    0.007459    0.047125    0.057718   12.873433 ^ _205_/Y (sg13g2_inv_1)
                                                         _031_ (net)
                      0.047134    0.000529   12.873962 ^ _237_/RESET_B (sg13g2_dfrbpq_1)
                                             12.873962   data arrival time

                                  0.000000    0.000000   clock fclk_in (rise edge)
                                  0.000000    0.000000   clock source latency
     2    0.045331    0.059752    0.038735    0.038735 ^ fclk_in (in)
                                                         fclk_in (net)
                      0.060259    0.000000    0.038735 ^ clkbuf_regs_0_fclk_in/A (sg13g2_buf_16)
     1    0.018246    0.020488    0.079420    0.118155 ^ clkbuf_regs_0_fclk_in/X (sg13g2_buf_16)
                                                         fclk_in_regs (net)
                      0.020496    0.000798    0.118953 ^ clkbuf_0_fclk_in_regs/A (sg13g2_buf_16)
     2    0.037809    0.023037    0.063777    0.182731 ^ clkbuf_0_fclk_in_regs/X (sg13g2_buf_16)
                                                         clknet_0_fclk_in_regs (net)
                      0.023072    0.001575    0.184305 ^ clkbuf_1_0__f_fclk_in_regs/A (sg13g2_buf_16)
     3    0.012009    0.017250    0.060252    0.244557 ^ clkbuf_1_0__f_fclk_in_regs/X (sg13g2_buf_16)
                                                         clknet_1_0__leaf_fclk_in_regs (net)
                      0.017253    0.000683    0.245240 ^ _237_/CLK (sg13g2_dfrbpq_1)
                                  0.250000    0.495240   clock uncertainty
                                  0.000000    0.495240   clock reconvergence pessimism
                                 -0.108970    0.386270   library removal time
                                              0.386270   data required time
---------------------------------------------------------------------------------------------
                                              0.386270   data required time
                                            -12.873962   data arrival time
---------------------------------------------------------------------------------------------
                                             12.487692   slack (MET)


Startpoint: rst (input port clocked by fclk_in)
Endpoint: _234_ (removal check against rising-edge clock fclk_in)
Path Group: asynchronous
Path Type: min

Fanout         Cap        Slew       Delay        Time   Description
---------------------------------------------------------------------------------------------
                                  0.000000    0.000000   clock fclk_in (rise edge)
                                  0.000000    0.000000   clock network delay (propagated)
                                 12.500000   12.500000 v input external delay
     1    0.004533    0.018275    0.003361   12.503361 v rst (in)
                                                         rst (net)
                      0.018275    0.000000   12.503361 v input5/A (sg13g2_buf_1)
     1    0.005164    0.025492    0.062711   12.566072 v input5/X (sg13g2_buf_1)
                                                         net5 (net)
                      0.025497    0.000330   12.566401 v fanout39/A (sg13g2_buf_1)
     4    0.026158    0.087374    0.115382   12.681783 v fanout39/X (sg13g2_buf_1)
                                                         net39 (net)
                      0.087418    0.001629   12.683412 v fanout36/A (sg13g2_buf_1)
     4    0.021328    0.075173    0.132009   12.815421 v fanout36/X (sg13g2_buf_1)
                                                         net36 (net)
                      0.075192    0.001138   12.816559 v _202_/A (sg13g2_inv_1)
     1    0.008110    0.049657    0.060043   12.876601 ^ _202_/Y (sg13g2_inv_1)
                                                         _028_ (net)
                      0.049666    0.000558   12.877159 ^ _234_/RESET_B (sg13g2_dfrbpq_1)
                                             12.877159   data arrival time

                                  0.000000    0.000000   clock fclk_in (rise edge)
                                  0.000000    0.000000   clock source latency
     2    0.045331    0.059752    0.038735    0.038735 ^ fclk_in (in)
                                                         fclk_in (net)
                      0.060259    0.000000    0.038735 ^ clkbuf_regs_0_fclk_in/A (sg13g2_buf_16)
     1    0.018246    0.020488    0.079420    0.118155 ^ clkbuf_regs_0_fclk_in/X (sg13g2_buf_16)
                                                         fclk_in_regs (net)
                      0.020496    0.000798    0.118953 ^ clkbuf_0_fclk_in_regs/A (sg13g2_buf_16)
     2    0.037809    0.023037    0.063777    0.182731 ^ clkbuf_0_fclk_in_regs/X (sg13g2_buf_16)
                                                         clknet_0_fclk_in_regs (net)
                      0.023072    0.001591    0.184321 ^ clkbuf_1_1__f_fclk_in_regs/A (sg13g2_buf_16)
     3    0.013070    0.017503    0.060453    0.244774 ^ clkbuf_1_1__f_fclk_in_regs/X (sg13g2_buf_16)
                                                         clknet_1_1__leaf_fclk_in_regs (net)
                      0.017508    0.000740    0.245514 ^ _234_/CLK (sg13g2_dfrbpq_1)
                                  0.250000    0.495514   clock uncertainty
                                  0.000000    0.495514   clock reconvergence pessimism
                                 -0.109696    0.385818   library removal time
                                              0.385818   data required time
---------------------------------------------------------------------------------------------
                                              0.385818   data required time
                                            -12.877159   data arrival time
---------------------------------------------------------------------------------------------
                                             12.491342   slack (MET)


Startpoint: fclk_in (clock source 'fclk_in')
Endpoint: fclk_comp (output port clocked by fclk_in)
Path Group: fclk_in
Path Type: min

Fanout         Cap        Slew       Delay        Time   Description
---------------------------------------------------------------------------------------------
                                  0.000000    0.000000   clock fclk_in (rise edge)
                                  0.000000    0.000000   clock source latency
     2    0.045331    0.059752    0.038904    0.038904 ^ fclk_in (in)
                                                         fclk_in (net)
                      0.060300    0.000000    0.038904 ^ clkbuf_0_fclk_in/A (sg13g2_buf_16)
     1    0.018586    0.020568    0.079503    0.118407 ^ clkbuf_0_fclk_in/X (sg13g2_buf_16)
                                                         clknet_0_fclk_in (net)
                      0.020577    0.000832    0.119238 ^ clkbuf_1_0__f_fclk_in/A (sg13g2_buf_16)
     1    0.004083    0.015238    0.057528    0.176767 ^ clkbuf_1_0__f_fclk_in/X (sg13g2_buf_16)
                                                         clknet_1_0__leaf_fclk_in (net)
                      0.015238    0.000259    0.177026 ^ _240_/A (sg13g2_buf_1)
     1    0.003446    0.023695    0.055361    0.232386 ^ _240_/X (sg13g2_buf_1)
                                                         net28 (net)
                      0.023696    0.000228    0.232615 ^ output28/A (sg13g2_buf_1)
     1    0.007704    0.040171    0.071424    0.304039 ^ output28/X (sg13g2_buf_1)
                                                         fclk_comp (net)
                      0.040171    0.000206    0.304245 ^ fclk_comp (out)
                                              0.304245   data arrival time

                                  0.000000    0.000000   clock fclk_in (rise edge)
                                  0.000000    0.000000   clock network delay (propagated)
                                  0.250000    0.250000   clock uncertainty
                                  0.000000    0.250000   clock reconvergence pessimism
                                -12.500000  -12.250000   output external delay
                                            -12.250000   data required time
---------------------------------------------------------------------------------------------
                                            -12.250000   data required time
                                             -0.304245   data arrival time
---------------------------------------------------------------------------------------------
                                             12.554244   slack (MET)


Startpoint: rst (input port clocked by fclk_in)
Endpoint: _235_ (removal check against rising-edge clock fclk_in)
Path Group: asynchronous
Path Type: min

Fanout         Cap        Slew       Delay        Time   Description
---------------------------------------------------------------------------------------------
                                  0.000000    0.000000   clock fclk_in (rise edge)
                                  0.000000    0.000000   clock network delay (propagated)
                                 12.500000   12.500000 v input external delay
     1    0.004533    0.018275    0.003361   12.503361 v rst (in)
                                                         rst (net)
                      0.018275    0.000000   12.503361 v input5/A (sg13g2_buf_1)
     1    0.005164    0.025492    0.062711   12.566072 v input5/X (sg13g2_buf_1)
                                                         net5 (net)
                      0.025497    0.000330   12.566401 v fanout39/A (sg13g2_buf_1)
     4    0.026158    0.087374    0.115382   12.681783 v fanout39/X (sg13g2_buf_1)
                                                         net39 (net)
                      0.087454    0.002181   12.683965 v fanout35/A (sg13g2_buf_1)
     8    0.040377    0.129793    0.174436   12.858401 v fanout35/X (sg13g2_buf_1)
                                                         net35 (net)
                      0.129867    0.001816   12.860217 v fanout34/A (sg13g2_buf_1)
     8    0.035712    0.116337    0.177249   13.037467 v fanout34/X (sg13g2_buf_1)
                                                         net34 (net)
                      0.116381    0.002128   13.039595 v _203_/A (sg13g2_inv_1)
     1    0.005511    0.047192    0.061067   13.100661 ^ _203_/Y (sg13g2_inv_1)
                                                         _029_ (net)
                      0.047192    0.000223   13.100884 ^ _235_/RESET_B (sg13g2_dfrbpq_1)
                                             13.100884   data arrival time

                                  0.000000    0.000000   clock fclk_in (rise edge)
                                  0.000000    0.000000   clock source latency
     2    0.045331    0.059752    0.038735    0.038735 ^ fclk_in (in)
                                                         fclk_in (net)
                      0.060259    0.000000    0.038735 ^ clkbuf_regs_0_fclk_in/A (sg13g2_buf_16)
     1    0.018246    0.020488    0.079420    0.118155 ^ clkbuf_regs_0_fclk_in/X (sg13g2_buf_16)
                                                         fclk_in_regs (net)
                      0.020496    0.000798    0.118953 ^ clkbuf_0_fclk_in_regs/A (sg13g2_buf_16)
     2    0.037809    0.023037    0.063777    0.182731 ^ clkbuf_0_fclk_in_regs/X (sg13g2_buf_16)
                                                         clknet_0_fclk_in_regs (net)
                      0.023072    0.001575    0.184305 ^ clkbuf_1_0__f_fclk_in_regs/A (sg13g2_buf_16)
     3    0.012009    0.017250    0.060252    0.244557 ^ clkbuf_1_0__f_fclk_in_regs/X (sg13g2_buf_16)
                                                         clknet_1_0__leaf_fclk_in_regs (net)
                      0.017253    0.000643    0.245200 ^ _235_/CLK (sg13g2_dfrbpq_1)
                                  0.250000    0.495200   clock uncertainty
                                  0.000000    0.495200   clock reconvergence pessimism
                                 -0.108987    0.386213   library removal time
                                              0.386213   data required time
---------------------------------------------------------------------------------------------
                                              0.386213   data required time
                                            -13.100884   data arrival time
---------------------------------------------------------------------------------------------
                                             12.714671   slack (MET)


Startpoint: rst (input port clocked by fclk_in)
Endpoint: _236_ (removal check against rising-edge clock fclk_in)
Path Group: asynchronous
Path Type: min

Fanout         Cap        Slew       Delay        Time   Description
---------------------------------------------------------------------------------------------
                                  0.000000    0.000000   clock fclk_in (rise edge)
                                  0.000000    0.000000   clock network delay (propagated)
                                 12.500000   12.500000 v input external delay
     1    0.004533    0.018275    0.003361   12.503361 v rst (in)
                                                         rst (net)
                      0.018275    0.000000   12.503361 v input5/A (sg13g2_buf_1)
     1    0.005164    0.025492    0.062711   12.566072 v input5/X (sg13g2_buf_1)
                                                         net5 (net)
                      0.025497    0.000330   12.566401 v fanout39/A (sg13g2_buf_1)
     4    0.026158    0.087374    0.115382   12.681783 v fanout39/X (sg13g2_buf_1)
                                                         net39 (net)
                      0.087454    0.002181   12.683965 v fanout35/A (sg13g2_buf_1)
     8    0.040377    0.129793    0.174436   12.858401 v fanout35/X (sg13g2_buf_1)
                                                         net35 (net)
                      0.129867    0.001816   12.860217 v fanout34/A (sg13g2_buf_1)
     8    0.035712    0.116337    0.177249   13.037467 v fanout34/X (sg13g2_buf_1)
                                                         net34 (net)
                      0.116384    0.002185   13.039652 v _204_/A (sg13g2_inv_1)
     1    0.005902    0.048568    0.062609   13.102260 ^ _204_/Y (sg13g2_inv_1)
                                                         _030_ (net)
                      0.048572    0.000448   13.102708 ^ _236_/RESET_B (sg13g2_dfrbpq_1)
                                             13.102708   data arrival time

                                  0.000000    0.000000   clock fclk_in (rise edge)
                                  0.000000    0.000000   clock source latency
     2    0.045331    0.059752    0.038735    0.038735 ^ fclk_in (in)
                                                         fclk_in (net)
                      0.060259    0.000000    0.038735 ^ clkbuf_regs_0_fclk_in/A (sg13g2_buf_16)
     1    0.018246    0.020488    0.079420    0.118155 ^ clkbuf_regs_0_fclk_in/X (sg13g2_buf_16)
                                                         fclk_in_regs (net)
                      0.020496    0.000798    0.118953 ^ clkbuf_0_fclk_in_regs/A (sg13g2_buf_16)
     2    0.037809    0.023037    0.063777    0.182731 ^ clkbuf_0_fclk_in_regs/X (sg13g2_buf_16)
                                                         clknet_0_fclk_in_regs (net)
                      0.023072    0.001575    0.184305 ^ clkbuf_1_0__f_fclk_in_regs/A (sg13g2_buf_16)
     3    0.012009    0.017250    0.060252    0.244557 ^ clkbuf_1_0__f_fclk_in_regs/X (sg13g2_buf_16)
                                                         clknet_1_0__leaf_fclk_in_regs (net)
                      0.017253    0.000628    0.245185 ^ _236_/CLK (sg13g2_dfrbpq_1)
                                  0.250000    0.495185   clock uncertainty
                                  0.000000    0.495185   clock reconvergence pessimism
                                 -0.109401    0.385784   library removal time
                                              0.385784   data required time
---------------------------------------------------------------------------------------------
                                              0.385784   data required time
                                            -13.102708   data arrival time
---------------------------------------------------------------------------------------------
                                             12.716924   slack (MET)


Startpoint: _239_ (rising edge-triggered flip-flop clocked by fclk_in)
Endpoint: fdac_clk (output port clocked by fclk_in)
Path Group: fclk_in
Path Type: min

Fanout         Cap        Slew       Delay        Time   Description
---------------------------------------------------------------------------------------------
                                  0.000000    0.000000   clock fclk_in (rise edge)
                                  0.000000    0.000000   clock source latency
     2    0.045331    0.059752    0.038735    0.038735 ^ fclk_in (in)
                                                         fclk_in (net)
                      0.060259    0.000000    0.038735 ^ clkbuf_regs_0_fclk_in/A (sg13g2_buf_16)
     1    0.018246    0.020488    0.079420    0.118155 ^ clkbuf_regs_0_fclk_in/X (sg13g2_buf_16)
                                                         fclk_in_regs (net)
                      0.020496    0.000798    0.118953 ^ clkbuf_0_fclk_in_regs/A (sg13g2_buf_16)
     2    0.037809    0.023037    0.063777    0.182731 ^ clkbuf_0_fclk_in_regs/X (sg13g2_buf_16)
                                                         clknet_0_fclk_in_regs (net)
                      0.023072    0.001591    0.184321 ^ clkbuf_1_1__f_fclk_in_regs/A (sg13g2_buf_16)
     3    0.013070    0.017503    0.060453    0.244774 ^ clkbuf_1_1__f_fclk_in_regs/X (sg13g2_buf_16)
                                                         clknet_1_1__leaf_fclk_in_regs (net)
                      0.017508    0.000747    0.245522 ^ _239_/CLK (sg13g2_dfrbpq_1)
     1    0.004801    0.024503    0.162956    0.408477 v _239_/Q (sg13g2_dfrbpq_1)
                                                         net30 (net)
                      0.024514    0.000324    0.408801 v output30/A (sg13g2_buf_1)
     1    0.009547    0.038397    0.076130    0.484931 v output30/X (sg13g2_buf_1)
                                                         fdac_clk (net)
                      0.038398    0.000300    0.485232 v fdac_clk (out)
                                              0.485232   data arrival time

                                  0.000000    0.000000   clock fclk_in (rise edge)
                                  0.000000    0.000000   clock network delay (propagated)
                                  0.250000    0.250000   clock uncertainty
                                  0.000000    0.250000   clock reconvergence pessimism
                                -12.500000  -12.250000   output external delay
                                            -12.250000   data required time
---------------------------------------------------------------------------------------------
                                            -12.250000   data required time
                                             -0.485232   data arrival time
---------------------------------------------------------------------------------------------
                                             12.735231   slack (MET)


Startpoint: _234_ (rising edge-triggered flip-flop clocked by fclk_in)
Endpoint: fclk_samp (output port clocked by fclk_in)
Path Group: fclk_in
Path Type: min

Fanout         Cap        Slew       Delay        Time   Description
---------------------------------------------------------------------------------------------
                                  0.000000    0.000000   clock fclk_in (rise edge)
                                  0.000000    0.000000   clock source latency
     2    0.045331    0.059752    0.038735    0.038735 ^ fclk_in (in)
                                                         fclk_in (net)
                      0.060259    0.000000    0.038735 ^ clkbuf_regs_0_fclk_in/A (sg13g2_buf_16)
     1    0.018246    0.020488    0.079420    0.118155 ^ clkbuf_regs_0_fclk_in/X (sg13g2_buf_16)
                                                         fclk_in_regs (net)
                      0.020496    0.000798    0.118953 ^ clkbuf_0_fclk_in_regs/A (sg13g2_buf_16)
     2    0.037809    0.023037    0.063777    0.182731 ^ clkbuf_0_fclk_in_regs/X (sg13g2_buf_16)
                                                         clknet_0_fclk_in_regs (net)
                      0.023072    0.001591    0.184321 ^ clkbuf_1_1__f_fclk_in_regs/A (sg13g2_buf_16)
     3    0.013070    0.017503    0.060453    0.244774 ^ clkbuf_1_1__f_fclk_in_regs/X (sg13g2_buf_16)
                                                         clknet_1_1__leaf_fclk_in_regs (net)
                      0.017508    0.000740    0.245514 ^ _234_/CLK (sg13g2_dfrbpq_1)
     2    0.007605    0.040964    0.174792    0.420305 ^ _234_/Q (sg13g2_dfrbpq_1)
                                                         _001_ (net)
                      0.040966    0.000380    0.420686 ^ hold51/A (sg13g2_dlygate4sd3_1)
     1    0.003019    0.034637    0.363693    0.784378 ^ hold51/X (sg13g2_dlygate4sd3_1)
                                                         net51 (net)
                      0.034637    0.000121    0.784499 ^ _104_/A (sg13g2_inv_1)
     5    0.028218    0.091832    0.091528    0.876027 v _104_/Y (sg13g2_inv_1)
                                                         net29 (net)
                      0.091862    0.001380    0.877407 v output29/A (sg13g2_buf_1)
     1    0.007379    0.033785    0.099508    0.976915 v output29/X (sg13g2_buf_1)
                                                         fclk_samp (net)
                      0.033785    0.000191    0.977105 v fclk_samp (out)
                                              0.977105   data arrival time

                                  0.000000    0.000000   clock fclk_in (rise edge)
                                  0.000000    0.000000   clock network delay (propagated)
                                  0.250000    0.250000   clock uncertainty
                                  0.000000    0.250000   clock reconvergence pessimism
                                -12.500000  -12.250000   output external delay
                                            -12.250000   data required time
---------------------------------------------------------------------------------------------
                                            -12.250000   data required time
                                             -0.977105   data arrival time
---------------------------------------------------------------------------------------------
                                             13.227105   slack (MET)



