
===========================================================================
 report_power
============================================================================
======================= nom_typ_1p20V_25C Corner ===================================

Group                    Internal    Switching      Leakage        Total
                            Power        Power        Power        Power (Watts)
------------------------------------------------------------------------
Sequential           1.739216e-05 3.919217e-06 1.577065e-08 2.132715e-05  38.4%
Combinational        1.005190e-05 7.072676e-06 1.946560e-08 1.714404e-05  30.8%
Clock                1.421446e-05 2.648510e-06 2.439147e-07 1.710689e-05  30.8%
Macro                0.000000e+00 0.000000e+00 0.000000e+00 0.000000e+00   0.0%
Pad                  0.000000e+00 0.000000e+00 0.000000e+00 0.000000e+00   0.0%
------------------------------------------------------------------------
Total                4.165852e-05 1.364041e-05 2.791514e-07 5.557808e-05 100.0%
                            75.0%        24.5%         0.5%

