
===========================================================================
 report_power
============================================================================
======================= nom_typ_1p20V_25C Corner ===================================

Group                    Internal    Switching      Leakage        Total
                            Power        Power        Power        Power (Watts)
------------------------------------------------------------------------
Sequential           1.734959e-05 3.745093e-06 1.577065e-08 2.111046e-05  69.3%
Combinational        5.595210e-06 3.406052e-06 1.159268e-08 9.012854e-06  29.6%
Clock                1.819359e-07 1.382400e-07 1.103172e-10 3.202862e-07   1.1%
Macro                0.000000e+00 0.000000e+00 0.000000e+00 0.000000e+00   0.0%
Pad                  0.000000e+00 0.000000e+00 0.000000e+00 0.000000e+00   0.0%
------------------------------------------------------------------------
Total                2.312674e-05 7.289383e-06 2.747364e-08 3.044360e-05 100.0%
                            76.0%        23.9%         0.1%
Writing metric power__internal__total: 2.3126742235035636e-5
Writing metric power__switching__total: 7.289383120223647e-6
Writing metric power__leakage__total: 2.7473642916220342e-8
Writing metric power__total: 3.044359982595779e-5

