
===========================================================================
 report_power
============================================================================
======================= nom_fast_1p32V_m40C Corner ===================================

Group                    Internal    Switching      Leakage        Total
                            Power        Power        Power        Power (Watts)
------------------------------------------------------------------------
Sequential           2.159679e-05 4.348573e-06 3.326512e-08 2.597863e-05  70.0%
Combinational        6.979124e-06 3.725095e-06 2.693366e-08 1.073115e-05  28.9%
Clock                2.357652e-07 1.672704e-07 2.034050e-10 4.032391e-07   1.1%
Macro                0.000000e+00 0.000000e+00 0.000000e+00 0.000000e+00   0.0%
Pad                  0.000000e+00 0.000000e+00 0.000000e+00 0.000000e+00   0.0%
------------------------------------------------------------------------
Total                2.881169e-05 8.240939e-06 6.040220e-08 3.711303e-05 100.0%
                            77.6%        22.2%         0.2%

