
===========================================================================
report_checks -path_delay min (Hold)
============================================================================
======================= nom_typ_1p20V_25C Corner ===================================

Startpoint: _237_ (rising edge-triggered flip-flop clocked by fclk_in)
Endpoint: _237_ (rising edge-triggered flip-flop clocked by fclk_in)
Path Group: fclk_in
Path Type: min

Fanout         Cap        Slew       Delay        Time   Description
---------------------------------------------------------------------------------------------
                                  0.000000    0.000000   clock fclk_in (rise edge)
                                  0.000000    0.000000   clock source latency
     2    0.043222    0.057443    0.035906    0.035906 ^ fclk_in (in)
                                                         fclk_in (net)
                      0.057534    0.000000    0.035906 ^ clkbuf_regs_0_fclk_in/A (sg13g2_buf_16)
     1    0.018526    0.020428    0.078225    0.114131 ^ clkbuf_regs_0_fclk_in/X (sg13g2_buf_16)
                                                         fclk_in_regs (net)
                      0.020429    0.000266    0.114398 ^ clkbuf_0_fclk_in_regs/A (sg13g2_buf_16)
     2    0.037495    0.022974    0.064003    0.178401 ^ clkbuf_0_fclk_in_regs/X (sg13g2_buf_16)
                                                         clknet_0_fclk_in_regs (net)
                      0.022975    0.000350    0.178751 ^ clkbuf_1_0__f_fclk_in_regs/A (sg13g2_buf_16)
     3    0.011067    0.017050    0.060067    0.238818 ^ clkbuf_1_0__f_fclk_in_regs/X (sg13g2_buf_16)
                                                         clknet_1_0__leaf_fclk_in_regs (net)
                      0.017050    0.000134    0.238952 ^ _237_/CLK (sg13g2_dfrbpq_1)
     2    0.010103    0.039593    0.175735    0.414687 v _237_/Q (sg13g2_dfrbpq_1)
                                                         cnt[2] (net)
                      0.039593    0.000148    0.414835 v _113_/A (sg13g2_xnor2_1)
     1    0.001989    0.028548    0.060473    0.475308 v _113_/Y (sg13g2_xnor2_1)
                                                         _063_ (net)
                      0.028548    0.000016    0.475324 v _237_/D (sg13g2_dfrbpq_1)
                                              0.475324   data arrival time

                                  0.000000    0.000000   clock fclk_in (rise edge)
                                  0.000000    0.000000   clock source latency
     2    0.043222    0.057443    0.035906    0.035906 ^ fclk_in (in)
                                                         fclk_in (net)
                      0.057534    0.000000    0.035906 ^ clkbuf_regs_0_fclk_in/A (sg13g2_buf_16)
     1    0.018526    0.020428    0.078225    0.114131 ^ clkbuf_regs_0_fclk_in/X (sg13g2_buf_16)
                                                         fclk_in_regs (net)
                      0.020429    0.000266    0.114398 ^ clkbuf_0_fclk_in_regs/A (sg13g2_buf_16)
     2    0.037495    0.022974    0.064003    0.178401 ^ clkbuf_0_fclk_in_regs/X (sg13g2_buf_16)
                                                         clknet_0_fclk_in_regs (net)
                      0.022975    0.000350    0.178751 ^ clkbuf_1_0__f_fclk_in_regs/A (sg13g2_buf_16)
     3    0.011067    0.017050    0.060067    0.238818 ^ clkbuf_1_0__f_fclk_in_regs/X (sg13g2_buf_16)
                                                         clknet_1_0__leaf_fclk_in_regs (net)
                      0.017050    0.000134    0.238952 ^ _237_/CLK (sg13g2_dfrbpq_1)
                                  0.250000    0.488952   clock uncertainty
                                  0.000000    0.488952   clock reconvergence pessimism
                                 -0.037707    0.451245   library hold time
                                              0.451245   data required time
---------------------------------------------------------------------------------------------
                                              0.451245   data required time
                                             -0.475324   data arrival time
---------------------------------------------------------------------------------------------
                                              0.024079   slack (MET)


Startpoint: _238_ (rising edge-triggered flip-flop clocked by fclk_in)
Endpoint: _239_ (rising edge-triggered flip-flop clocked by fclk_in)
Path Group: fclk_in
Path Type: min

Fanout         Cap        Slew       Delay        Time   Description
---------------------------------------------------------------------------------------------
                                  0.000000    0.000000   clock fclk_in (rise edge)
                                  0.000000    0.000000   clock source latency
     2    0.043222    0.057443    0.035906    0.035906 ^ fclk_in (in)
                                                         fclk_in (net)
                      0.057534    0.000000    0.035906 ^ clkbuf_regs_0_fclk_in/A (sg13g2_buf_16)
     1    0.018526    0.020428    0.078225    0.114131 ^ clkbuf_regs_0_fclk_in/X (sg13g2_buf_16)
                                                         fclk_in_regs (net)
                      0.020429    0.000266    0.114398 ^ clkbuf_0_fclk_in_regs/A (sg13g2_buf_16)
     2    0.037495    0.022974    0.064003    0.178401 ^ clkbuf_0_fclk_in_regs/X (sg13g2_buf_16)
                                                         clknet_0_fclk_in_regs (net)
                      0.022975    0.000301    0.178702 ^ clkbuf_1_1__f_fclk_in_regs/A (sg13g2_buf_16)
     3    0.011427    0.017121    0.060137    0.238839 ^ clkbuf_1_1__f_fclk_in_regs/X (sg13g2_buf_16)
                                                         clknet_1_1__leaf_fclk_in_regs (net)
                      0.017121    0.000125    0.238964 ^ _238_/CLK (sg13g2_dfrbpq_1)
     3    0.011281    0.054934    0.185437    0.424401 ^ _238_/Q (sg13g2_dfrbpq_1)
                                                         cnt[3] (net)
                      0.054934    0.000198    0.424600 ^ _117_/A (sg13g2_nor3_1)
     2    0.005254    0.032497    0.053386    0.477986 v _117_/Y (sg13g2_nor3_1)
                                                         _000_ (net)
                      0.032497    0.000030    0.478016 v _239_/D (sg13g2_dfrbpq_1)
                                              0.478016   data arrival time

                                  0.000000    0.000000   clock fclk_in (rise edge)
                                  0.000000    0.000000   clock source latency
     2    0.043222    0.057443    0.035906    0.035906 ^ fclk_in (in)
                                                         fclk_in (net)
                      0.057534    0.000000    0.035906 ^ clkbuf_regs_0_fclk_in/A (sg13g2_buf_16)
     1    0.018526    0.020428    0.078225    0.114131 ^ clkbuf_regs_0_fclk_in/X (sg13g2_buf_16)
                                                         fclk_in_regs (net)
                      0.020429    0.000266    0.114398 ^ clkbuf_0_fclk_in_regs/A (sg13g2_buf_16)
     2    0.037495    0.022974    0.064003    0.178401 ^ clkbuf_0_fclk_in_regs/X (sg13g2_buf_16)
                                                         clknet_0_fclk_in_regs (net)
                      0.022975    0.000301    0.178702 ^ clkbuf_1_1__f_fclk_in_regs/A (sg13g2_buf_16)
     3    0.011427    0.017121    0.060137    0.238839 ^ clkbuf_1_1__f_fclk_in_regs/X (sg13g2_buf_16)
                                                         clknet_1_1__leaf_fclk_in_regs (net)
                      0.017121    0.000149    0.238988 ^ _239_/CLK (sg13g2_dfrbpq_1)
                                  0.250000    0.488988   clock uncertainty
                                  0.000000    0.488988   clock reconvergence pessimism
                                 -0.038943    0.450044   library hold time
                                              0.450044   data required time
---------------------------------------------------------------------------------------------
                                              0.450044   data required time
                                             -0.478016   data arrival time
---------------------------------------------------------------------------------------------
                                              0.027972   slack (MET)


Startpoint: _238_ (rising edge-triggered flip-flop clocked by fclk_in)
Endpoint: _238_ (rising edge-triggered flip-flop clocked by fclk_in)
Path Group: fclk_in
Path Type: min

Fanout         Cap        Slew       Delay        Time   Description
---------------------------------------------------------------------------------------------
                                  0.000000    0.000000   clock fclk_in (rise edge)
                                  0.000000    0.000000   clock source latency
     2    0.043222    0.057443    0.035906    0.035906 ^ fclk_in (in)
                                                         fclk_in (net)
                      0.057534    0.000000    0.035906 ^ clkbuf_regs_0_fclk_in/A (sg13g2_buf_16)
     1    0.018526    0.020428    0.078225    0.114131 ^ clkbuf_regs_0_fclk_in/X (sg13g2_buf_16)
                                                         fclk_in_regs (net)
                      0.020429    0.000266    0.114398 ^ clkbuf_0_fclk_in_regs/A (sg13g2_buf_16)
     2    0.037495    0.022974    0.064003    0.178401 ^ clkbuf_0_fclk_in_regs/X (sg13g2_buf_16)
                                                         clknet_0_fclk_in_regs (net)
                      0.022975    0.000301    0.178702 ^ clkbuf_1_1__f_fclk_in_regs/A (sg13g2_buf_16)
     3    0.011427    0.017121    0.060137    0.238839 ^ clkbuf_1_1__f_fclk_in_regs/X (sg13g2_buf_16)
                                                         clknet_1_1__leaf_fclk_in_regs (net)
                      0.017121    0.000125    0.238964 ^ _238_/CLK (sg13g2_dfrbpq_1)
     3    0.011174    0.042749    0.178362    0.417326 v _238_/Q (sg13g2_dfrbpq_1)
                                                         cnt[3] (net)
                      0.042749    0.000169    0.417495 v _112_/A (sg13g2_and2_1)
     1    0.001885    0.017938    0.068994    0.486489 v _112_/X (sg13g2_and2_1)
                                                         _064_ (net)
                      0.017938    0.000013    0.486502 v _238_/D (sg13g2_dfrbpq_1)
                                              0.486502   data arrival time

                                  0.000000    0.000000   clock fclk_in (rise edge)
                                  0.000000    0.000000   clock source latency
     2    0.043222    0.057443    0.035906    0.035906 ^ fclk_in (in)
                                                         fclk_in (net)
                      0.057534    0.000000    0.035906 ^ clkbuf_regs_0_fclk_in/A (sg13g2_buf_16)
     1    0.018526    0.020428    0.078225    0.114131 ^ clkbuf_regs_0_fclk_in/X (sg13g2_buf_16)
                                                         fclk_in_regs (net)
                      0.020429    0.000266    0.114398 ^ clkbuf_0_fclk_in_regs/A (sg13g2_buf_16)
     2    0.037495    0.022974    0.064003    0.178401 ^ clkbuf_0_fclk_in_regs/X (sg13g2_buf_16)
                                                         clknet_0_fclk_in_regs (net)
                      0.022975    0.000301    0.178702 ^ clkbuf_1_1__f_fclk_in_regs/A (sg13g2_buf_16)
     3    0.011427    0.017121    0.060137    0.238839 ^ clkbuf_1_1__f_fclk_in_regs/X (sg13g2_buf_16)
                                                         clknet_1_1__leaf_fclk_in_regs (net)
                      0.017121    0.000125    0.238964 ^ _238_/CLK (sg13g2_dfrbpq_1)
                                  0.250000    0.488964   clock uncertainty
                                  0.000000    0.488964   clock reconvergence pessimism
                                 -0.034332    0.454633   library hold time
                                              0.454633   data required time
---------------------------------------------------------------------------------------------
                                              0.454633   data required time
                                             -0.486502   data arrival time
---------------------------------------------------------------------------------------------
                                              0.031869   slack (MET)


Startpoint: _235_ (rising edge-triggered flip-flop clocked by fclk_in)
Endpoint: _235_ (rising edge-triggered flip-flop clocked by fclk_in)
Path Group: fclk_in
Path Type: min

Fanout         Cap        Slew       Delay        Time   Description
---------------------------------------------------------------------------------------------
                                  0.000000    0.000000   clock fclk_in (rise edge)
                                  0.000000    0.000000   clock source latency
     2    0.043222    0.057443    0.035906    0.035906 ^ fclk_in (in)
                                                         fclk_in (net)
                      0.057534    0.000000    0.035906 ^ clkbuf_regs_0_fclk_in/A (sg13g2_buf_16)
     1    0.018526    0.020428    0.078225    0.114131 ^ clkbuf_regs_0_fclk_in/X (sg13g2_buf_16)
                                                         fclk_in_regs (net)
                      0.020429    0.000266    0.114398 ^ clkbuf_0_fclk_in_regs/A (sg13g2_buf_16)
     2    0.037495    0.022974    0.064003    0.178401 ^ clkbuf_0_fclk_in_regs/X (sg13g2_buf_16)
                                                         clknet_0_fclk_in_regs (net)
                      0.022975    0.000350    0.178751 ^ clkbuf_1_0__f_fclk_in_regs/A (sg13g2_buf_16)
     3    0.011067    0.017050    0.060067    0.238818 ^ clkbuf_1_0__f_fclk_in_regs/X (sg13g2_buf_16)
                                                         clknet_1_0__leaf_fclk_in_regs (net)
                      0.017050    0.000128    0.238946 ^ _235_/CLK (sg13g2_dfrbpq_1)
     4    0.016399    0.058234    0.191152    0.430098 v _235_/Q (sg13g2_dfrbpq_1)
                                                         cnt[0] (net)
                      0.058234    0.000140    0.430238 v _116_/B (sg13g2_xor2_1)
     1    0.002005    0.025540    0.058518    0.488756 v _116_/X (sg13g2_xor2_1)
                                                         _061_ (net)
                      0.025540    0.000016    0.488772 v _235_/D (sg13g2_dfrbpq_1)
                                              0.488772   data arrival time

                                  0.000000    0.000000   clock fclk_in (rise edge)
                                  0.000000    0.000000   clock source latency
     2    0.043222    0.057443    0.035906    0.035906 ^ fclk_in (in)
                                                         fclk_in (net)
                      0.057534    0.000000    0.035906 ^ clkbuf_regs_0_fclk_in/A (sg13g2_buf_16)
     1    0.018526    0.020428    0.078225    0.114131 ^ clkbuf_regs_0_fclk_in/X (sg13g2_buf_16)
                                                         fclk_in_regs (net)
                      0.020429    0.000266    0.114398 ^ clkbuf_0_fclk_in_regs/A (sg13g2_buf_16)
     2    0.037495    0.022974    0.064003    0.178401 ^ clkbuf_0_fclk_in_regs/X (sg13g2_buf_16)
                                                         clknet_0_fclk_in_regs (net)
                      0.022975    0.000350    0.178751 ^ clkbuf_1_0__f_fclk_in_regs/A (sg13g2_buf_16)
     3    0.011067    0.017050    0.060067    0.238818 ^ clkbuf_1_0__f_fclk_in_regs/X (sg13g2_buf_16)
                                                         clknet_1_0__leaf_fclk_in_regs (net)
                      0.017050    0.000128    0.238946 ^ _235_/CLK (sg13g2_dfrbpq_1)
                                  0.250000    0.488946   clock uncertainty
                                  0.000000    0.488946   clock reconvergence pessimism
                                 -0.036755    0.452191   library hold time
                                              0.452191   data required time
---------------------------------------------------------------------------------------------
                                              0.452191   data required time
                                             -0.488772   data arrival time
---------------------------------------------------------------------------------------------
                                              0.036581   slack (MET)


Startpoint: _238_ (rising edge-triggered flip-flop clocked by fclk_in)
Endpoint: _234_ (rising edge-triggered flip-flop clocked by fclk_in)
Path Group: fclk_in
Path Type: min

Fanout         Cap        Slew       Delay        Time   Description
---------------------------------------------------------------------------------------------
                                  0.000000    0.000000   clock fclk_in (rise edge)
                                  0.000000    0.000000   clock source latency
     2    0.043222    0.057443    0.035906    0.035906 ^ fclk_in (in)
                                                         fclk_in (net)
                      0.057534    0.000000    0.035906 ^ clkbuf_regs_0_fclk_in/A (sg13g2_buf_16)
     1    0.018526    0.020428    0.078225    0.114131 ^ clkbuf_regs_0_fclk_in/X (sg13g2_buf_16)
                                                         fclk_in_regs (net)
                      0.020429    0.000266    0.114398 ^ clkbuf_0_fclk_in_regs/A (sg13g2_buf_16)
     2    0.037495    0.022974    0.064003    0.178401 ^ clkbuf_0_fclk_in_regs/X (sg13g2_buf_16)
                                                         clknet_0_fclk_in_regs (net)
                      0.022975    0.000301    0.178702 ^ clkbuf_1_1__f_fclk_in_regs/A (sg13g2_buf_16)
     3    0.011427    0.017121    0.060137    0.238839 ^ clkbuf_1_1__f_fclk_in_regs/X (sg13g2_buf_16)
                                                         clknet_1_1__leaf_fclk_in_regs (net)
                      0.017121    0.000125    0.238964 ^ _238_/CLK (sg13g2_dfrbpq_1)
     3    0.011281    0.054934    0.185437    0.424401 ^ _238_/Q (sg13g2_dfrbpq_1)
                                                         cnt[3] (net)
                      0.054934    0.000198    0.424600 ^ _117_/A (sg13g2_nor3_1)
     2    0.005254    0.032497    0.053386    0.477986 v _117_/Y (sg13g2_nor3_1)
                                                         _000_ (net)
                      0.032497    0.000049    0.478035 v _119_/A (sg13g2_nor2b_1)
     1    0.002406    0.038510    0.047876    0.525911 ^ _119_/Y (sg13g2_nor2b_1)
                                                         _060_ (net)
                      0.038510    0.000025    0.525936 ^ _234_/D (sg13g2_dfrbpq_1)
                                              0.525936   data arrival time

                                  0.000000    0.000000   clock fclk_in (rise edge)
                                  0.000000    0.000000   clock source latency
     2    0.043222    0.057443    0.035906    0.035906 ^ fclk_in (in)
                                                         fclk_in (net)
                      0.057534    0.000000    0.035906 ^ clkbuf_regs_0_fclk_in/A (sg13g2_buf_16)
     1    0.018526    0.020428    0.078225    0.114131 ^ clkbuf_regs_0_fclk_in/X (sg13g2_buf_16)
                                                         fclk_in_regs (net)
                      0.020429    0.000266    0.114398 ^ clkbuf_0_fclk_in_regs/A (sg13g2_buf_16)
     2    0.037495    0.022974    0.064003    0.178401 ^ clkbuf_0_fclk_in_regs/X (sg13g2_buf_16)
                                                         clknet_0_fclk_in_regs (net)
                      0.022975    0.000301    0.178702 ^ clkbuf_1_1__f_fclk_in_regs/A (sg13g2_buf_16)
     3    0.011427    0.017121    0.060137    0.238839 ^ clkbuf_1_1__f_fclk_in_regs/X (sg13g2_buf_16)
                                                         clknet_1_1__leaf_fclk_in_regs (net)
                      0.017121    0.000117    0.238956 ^ _234_/CLK (sg13g2_dfrbpq_1)
                                  0.250000    0.488956   clock uncertainty
                                  0.000000    0.488956   clock reconvergence pessimism
                                 -0.064273    0.424683   library hold time
                                              0.424683   data required time
---------------------------------------------------------------------------------------------
                                              0.424683   data required time
                                             -0.525936   data arrival time
---------------------------------------------------------------------------------------------
                                              0.101253   slack (MET)


Startpoint: _236_ (rising edge-triggered flip-flop clocked by fclk_in)
Endpoint: _236_ (rising edge-triggered flip-flop clocked by fclk_in)
Path Group: fclk_in
Path Type: min

Fanout         Cap        Slew       Delay        Time   Description
---------------------------------------------------------------------------------------------
                                  0.000000    0.000000   clock fclk_in (rise edge)
                                  0.000000    0.000000   clock source latency
     2    0.043222    0.057443    0.035906    0.035906 ^ fclk_in (in)
                                                         fclk_in (net)
                      0.057534    0.000000    0.035906 ^ clkbuf_regs_0_fclk_in/A (sg13g2_buf_16)
     1    0.018526    0.020428    0.078225    0.114131 ^ clkbuf_regs_0_fclk_in/X (sg13g2_buf_16)
                                                         fclk_in_regs (net)
                      0.020429    0.000266    0.114398 ^ clkbuf_0_fclk_in_regs/A (sg13g2_buf_16)
     2    0.037495    0.022974    0.064003    0.178401 ^ clkbuf_0_fclk_in_regs/X (sg13g2_buf_16)
                                                         clknet_0_fclk_in_regs (net)
                      0.022975    0.000350    0.178751 ^ clkbuf_1_0__f_fclk_in_regs/A (sg13g2_buf_16)
     3    0.011067    0.017050    0.060067    0.238818 ^ clkbuf_1_0__f_fclk_in_regs/X (sg13g2_buf_16)
                                                         clknet_1_0__leaf_fclk_in_regs (net)
                      0.017050    0.000089    0.238908 ^ _236_/CLK (sg13g2_dfrbpq_1)
     3    0.011310    0.043124    0.178719    0.417626 v _236_/Q (sg13g2_dfrbpq_1)
                                                         cnt[1] (net)
                      0.043124    0.000076    0.417702 v _114_/B1 (sg13g2_a21o_1)
     1    0.002639    0.022267    0.080453    0.498155 v _114_/X (sg13g2_a21o_1)
                                                         _071_ (net)
                      0.022267    0.000014    0.498168 v _115_/B (sg13g2_and2_1)
     1    0.002439    0.019312    0.066763    0.564931 v _115_/X (sg13g2_and2_1)
                                                         _062_ (net)
                      0.019312    0.000026    0.564957 v _236_/D (sg13g2_dfrbpq_1)
                                              0.564957   data arrival time

                                  0.000000    0.000000   clock fclk_in (rise edge)
                                  0.000000    0.000000   clock source latency
     2    0.043222    0.057443    0.035906    0.035906 ^ fclk_in (in)
                                                         fclk_in (net)
                      0.057534    0.000000    0.035906 ^ clkbuf_regs_0_fclk_in/A (sg13g2_buf_16)
     1    0.018526    0.020428    0.078225    0.114131 ^ clkbuf_regs_0_fclk_in/X (sg13g2_buf_16)
                                                         fclk_in_regs (net)
                      0.020429    0.000266    0.114398 ^ clkbuf_0_fclk_in_regs/A (sg13g2_buf_16)
     2    0.037495    0.022974    0.064003    0.178401 ^ clkbuf_0_fclk_in_regs/X (sg13g2_buf_16)
                                                         clknet_0_fclk_in_regs (net)
                      0.022975    0.000350    0.178751 ^ clkbuf_1_0__f_fclk_in_regs/A (sg13g2_buf_16)
     3    0.011067    0.017050    0.060067    0.238818 ^ clkbuf_1_0__f_fclk_in_regs/X (sg13g2_buf_16)
                                                         clknet_1_0__leaf_fclk_in_regs (net)
                      0.017050    0.000089    0.238908 ^ _236_/CLK (sg13g2_dfrbpq_1)
                                  0.250000    0.488907   clock uncertainty
                                  0.000000    0.488907   clock reconvergence pessimism
                                 -0.034782    0.454126   library hold time
                                              0.454126   data required time
---------------------------------------------------------------------------------------------
                                              0.454126   data required time
                                             -0.564957   data arrival time
---------------------------------------------------------------------------------------------
                                              0.110832   slack (MET)


Startpoint: rst (input port clocked by fclk_in)
Endpoint: _234_ (removal check against rising-edge clock fclk_in)
Path Group: asynchronous
Path Type: min

Fanout         Cap        Slew       Delay        Time   Description
---------------------------------------------------------------------------------------------
                                  0.000000    0.000000   clock fclk_in (rise edge)
                                  0.000000    0.000000   clock network delay (propagated)
                                 12.500000   12.500000 v input external delay
     1    0.004481    0.018240    0.003163   12.503162 v rst (in)
                                                         rst (net)
                      0.018240    0.000000   12.503162 v input5/A (sg13g2_buf_1)
     1    0.003153    0.020056    0.057843   12.561005 v input5/X (sg13g2_buf_1)
                                                         net5 (net)
                      0.020056    0.000034   12.561039 v fanout39/A (sg13g2_buf_1)
     4    0.019109    0.067192    0.097741   12.658780 v fanout39/X (sg13g2_buf_1)
                                                         net39 (net)
                      0.067192    0.000075   12.658854 v fanout36/A (sg13g2_buf_1)
     4    0.014687    0.054553    0.107309   12.766164 v fanout36/X (sg13g2_buf_1)
                                                         net36 (net)
                      0.054553    0.000128   12.766292 v _202_/A (sg13g2_inv_1)
     1    0.005375    0.035626    0.044087   12.810378 ^ _202_/Y (sg13g2_inv_1)
                                                         _028_ (net)
                      0.035626    0.000033   12.810410 ^ _234_/RESET_B (sg13g2_dfrbpq_1)
                                             12.810410   data arrival time

                                  0.000000    0.000000   clock fclk_in (rise edge)
                                  0.000000    0.000000   clock source latency
     2    0.043222    0.057443    0.035906    0.035906 ^ fclk_in (in)
                                                         fclk_in (net)
                      0.057534    0.000000    0.035906 ^ clkbuf_regs_0_fclk_in/A (sg13g2_buf_16)
     1    0.018526    0.020428    0.078225    0.114131 ^ clkbuf_regs_0_fclk_in/X (sg13g2_buf_16)
                                                         fclk_in_regs (net)
                      0.020429    0.000266    0.114398 ^ clkbuf_0_fclk_in_regs/A (sg13g2_buf_16)
     2    0.037495    0.022974    0.064003    0.178401 ^ clkbuf_0_fclk_in_regs/X (sg13g2_buf_16)
                                                         clknet_0_fclk_in_regs (net)
                      0.022975    0.000301    0.178702 ^ clkbuf_1_1__f_fclk_in_regs/A (sg13g2_buf_16)
     3    0.011427    0.017121    0.060137    0.238839 ^ clkbuf_1_1__f_fclk_in_regs/X (sg13g2_buf_16)
                                                         clknet_1_1__leaf_fclk_in_regs (net)
                      0.017121    0.000117    0.238956 ^ _234_/CLK (sg13g2_dfrbpq_1)
                                  0.250000    0.488956   clock uncertainty
                                  0.000000    0.488956   clock reconvergence pessimism
                                 -0.105539    0.383417   library removal time
                                              0.383417   data required time
---------------------------------------------------------------------------------------------
                                              0.383417   data required time
                                            -12.810410   data arrival time
---------------------------------------------------------------------------------------------
                                             12.426994   slack (MET)


Startpoint: rst (input port clocked by fclk_in)
Endpoint: _239_ (removal check against rising-edge clock fclk_in)
Path Group: asynchronous
Path Type: min

Fanout         Cap        Slew       Delay        Time   Description
---------------------------------------------------------------------------------------------
                                  0.000000    0.000000   clock fclk_in (rise edge)
                                  0.000000    0.000000   clock network delay (propagated)
                                 12.500000   12.500000 v input external delay
     1    0.004481    0.018240    0.003163   12.503162 v rst (in)
                                                         rst (net)
                      0.018240    0.000000   12.503162 v input5/A (sg13g2_buf_1)
     1    0.003153    0.020056    0.057843   12.561005 v input5/X (sg13g2_buf_1)
                                                         net5 (net)
                      0.020056    0.000034   12.561039 v fanout39/A (sg13g2_buf_1)
     4    0.019109    0.067192    0.097741   12.658780 v fanout39/X (sg13g2_buf_1)
                                                         net39 (net)
                      0.067192    0.000075   12.658854 v fanout36/A (sg13g2_buf_1)
     4    0.014687    0.054553    0.107309   12.766164 v fanout36/X (sg13g2_buf_1)
                                                         net36 (net)
                      0.054553    0.000178   12.766341 v _207_/A (sg13g2_inv_1)
     1    0.005541    0.036228    0.044638   12.810979 ^ _207_/Y (sg13g2_inv_1)
                                                         _033_ (net)
                      0.036228    0.000044   12.811023 ^ _239_/RESET_B (sg13g2_dfrbpq_1)
                                             12.811023   data arrival time

                                  0.000000    0.000000   clock fclk_in (rise edge)
                                  0.000000    0.000000   clock source latency
     2    0.043222    0.057443    0.035906    0.035906 ^ fclk_in (in)
                                                         fclk_in (net)
                      0.057534    0.000000    0.035906 ^ clkbuf_regs_0_fclk_in/A (sg13g2_buf_16)
     1    0.018526    0.020428    0.078225    0.114131 ^ clkbuf_regs_0_fclk_in/X (sg13g2_buf_16)
                                                         fclk_in_regs (net)
                      0.020429    0.000266    0.114398 ^ clkbuf_0_fclk_in_regs/A (sg13g2_buf_16)
     2    0.037495    0.022974    0.064003    0.178401 ^ clkbuf_0_fclk_in_regs/X (sg13g2_buf_16)
                                                         clknet_0_fclk_in_regs (net)
                      0.022975    0.000301    0.178702 ^ clkbuf_1_1__f_fclk_in_regs/A (sg13g2_buf_16)
     3    0.011427    0.017121    0.060137    0.238839 ^ clkbuf_1_1__f_fclk_in_regs/X (sg13g2_buf_16)
                                                         clknet_1_1__leaf_fclk_in_regs (net)
                      0.017121    0.000149    0.238988 ^ _239_/CLK (sg13g2_dfrbpq_1)
                                  0.250000    0.488988   clock uncertainty
                                  0.000000    0.488988   clock reconvergence pessimism
                                 -0.105719    0.383268   library removal time
                                              0.383268   data required time
---------------------------------------------------------------------------------------------
                                              0.383268   data required time
                                            -12.811023   data arrival time
---------------------------------------------------------------------------------------------
                                             12.427754   slack (MET)


Startpoint: rst (input port clocked by fclk_in)
Endpoint: _238_ (removal check against rising-edge clock fclk_in)
Path Group: asynchronous
Path Type: min

Fanout         Cap        Slew       Delay        Time   Description
---------------------------------------------------------------------------------------------
                                  0.000000    0.000000   clock fclk_in (rise edge)
                                  0.000000    0.000000   clock network delay (propagated)
                                 12.500000   12.500000 v input external delay
     1    0.004481    0.018240    0.003163   12.503162 v rst (in)
                                                         rst (net)
                      0.018240    0.000000   12.503162 v input5/A (sg13g2_buf_1)
     1    0.003153    0.020056    0.057843   12.561005 v input5/X (sg13g2_buf_1)
                                                         net5 (net)
                      0.020056    0.000034   12.561039 v fanout39/A (sg13g2_buf_1)
     4    0.019109    0.067192    0.097741   12.658780 v fanout39/X (sg13g2_buf_1)
                                                         net39 (net)
                      0.067192    0.000075   12.658854 v fanout36/A (sg13g2_buf_1)
     4    0.014687    0.054553    0.107309   12.766164 v fanout36/X (sg13g2_buf_1)
                                                         net36 (net)
                      0.054553    0.000179   12.766342 v _206_/A (sg13g2_inv_1)
     1    0.005757    0.037014    0.045357   12.811699 ^ _206_/Y (sg13g2_inv_1)
                                                         _032_ (net)
                      0.037014    0.000054   12.811753 ^ _238_/RESET_B (sg13g2_dfrbpq_1)
                                             12.811753   data arrival time

                                  0.000000    0.000000   clock fclk_in (rise edge)
                                  0.000000    0.000000   clock source latency
     2    0.043222    0.057443    0.035906    0.035906 ^ fclk_in (in)
                                                         fclk_in (net)
                      0.057534    0.000000    0.035906 ^ clkbuf_regs_0_fclk_in/A (sg13g2_buf_16)
     1    0.018526    0.020428    0.078225    0.114131 ^ clkbuf_regs_0_fclk_in/X (sg13g2_buf_16)
                                                         fclk_in_regs (net)
                      0.020429    0.000266    0.114398 ^ clkbuf_0_fclk_in_regs/A (sg13g2_buf_16)
     2    0.037495    0.022974    0.064003    0.178401 ^ clkbuf_0_fclk_in_regs/X (sg13g2_buf_16)
                                                         clknet_0_fclk_in_regs (net)
                      0.022975    0.000301    0.178702 ^ clkbuf_1_1__f_fclk_in_regs/A (sg13g2_buf_16)
     3    0.011427    0.017121    0.060137    0.238839 ^ clkbuf_1_1__f_fclk_in_regs/X (sg13g2_buf_16)
                                                         clknet_1_1__leaf_fclk_in_regs (net)
                      0.017121    0.000125    0.238964 ^ _238_/CLK (sg13g2_dfrbpq_1)
                                  0.250000    0.488964   clock uncertainty
                                  0.000000    0.488964   clock reconvergence pessimism
                                 -0.105955    0.383009   library removal time
                                              0.383009   data required time
---------------------------------------------------------------------------------------------
                                              0.383009   data required time
                                            -12.811753   data arrival time
---------------------------------------------------------------------------------------------
                                             12.428743   slack (MET)


Startpoint: rst (input port clocked by fclk_in)
Endpoint: _237_ (removal check against rising-edge clock fclk_in)
Path Group: asynchronous
Path Type: min

Fanout         Cap        Slew       Delay        Time   Description
---------------------------------------------------------------------------------------------
                                  0.000000    0.000000   clock fclk_in (rise edge)
                                  0.000000    0.000000   clock network delay (propagated)
                                 12.500000   12.500000 v input external delay
     1    0.004481    0.018240    0.003163   12.503162 v rst (in)
                                                         rst (net)
                      0.018240    0.000000   12.503162 v input5/A (sg13g2_buf_1)
     1    0.003153    0.020056    0.057843   12.561005 v input5/X (sg13g2_buf_1)
                                                         net5 (net)
                      0.020056    0.000034   12.561039 v fanout39/A (sg13g2_buf_1)
     4    0.019109    0.067192    0.097741   12.658780 v fanout39/X (sg13g2_buf_1)
                                                         net39 (net)
                      0.067192    0.000075   12.658854 v fanout36/A (sg13g2_buf_1)
     4    0.014687    0.054553    0.107309   12.766164 v fanout36/X (sg13g2_buf_1)
                                                         net36 (net)
                      0.054553    0.000060   12.766223 v _205_/A (sg13g2_inv_1)
     1    0.006568    0.040011    0.048050   12.814273 ^ _205_/Y (sg13g2_inv_1)
                                                         _031_ (net)
                      0.040011    0.000103   12.814376 ^ _237_/RESET_B (sg13g2_dfrbpq_1)
                                             12.814376   data arrival time

                                  0.000000    0.000000   clock fclk_in (rise edge)
                                  0.000000    0.000000   clock source latency
     2    0.043222    0.057443    0.035906    0.035906 ^ fclk_in (in)
                                                         fclk_in (net)
                      0.057534    0.000000    0.035906 ^ clkbuf_regs_0_fclk_in/A (sg13g2_buf_16)
     1    0.018526    0.020428    0.078225    0.114131 ^ clkbuf_regs_0_fclk_in/X (sg13g2_buf_16)
                                                         fclk_in_regs (net)
                      0.020429    0.000266    0.114398 ^ clkbuf_0_fclk_in_regs/A (sg13g2_buf_16)
     2    0.037495    0.022974    0.064003    0.178401 ^ clkbuf_0_fclk_in_regs/X (sg13g2_buf_16)
                                                         clknet_0_fclk_in_regs (net)
                      0.022975    0.000350    0.178751 ^ clkbuf_1_0__f_fclk_in_regs/A (sg13g2_buf_16)
     3    0.011067    0.017050    0.060067    0.238818 ^ clkbuf_1_0__f_fclk_in_regs/X (sg13g2_buf_16)
                                                         clknet_1_0__leaf_fclk_in_regs (net)
                      0.017050    0.000134    0.238952 ^ _237_/CLK (sg13g2_dfrbpq_1)
                                  0.250000    0.488952   clock uncertainty
                                  0.000000    0.488952   clock reconvergence pessimism
                                 -0.106862    0.382090   library removal time
                                              0.382090   data required time
---------------------------------------------------------------------------------------------
                                              0.382090   data required time
                                            -12.814376   data arrival time
---------------------------------------------------------------------------------------------
                                             12.432285   slack (MET)


Startpoint: fclk_in (clock source 'fclk_in')
Endpoint: fclk_comp (output port clocked by fclk_in)
Path Group: fclk_in
Path Type: min

Fanout         Cap        Slew       Delay        Time   Description
---------------------------------------------------------------------------------------------
                                  0.000000    0.000000   clock fclk_in (rise edge)
                                  0.000000    0.000000   clock source latency
     2    0.043222    0.057443    0.036026    0.036026 ^ fclk_in (in)
                                                         fclk_in (net)
                      0.057547    0.000000    0.036026 ^ clkbuf_0_fclk_in/A (sg13g2_buf_16)
     1    0.018958    0.020527    0.078307    0.114334 ^ clkbuf_0_fclk_in/X (sg13g2_buf_16)
                                                         clknet_0_fclk_in (net)
                      0.020528    0.000344    0.114677 ^ clkbuf_1_0__f_fclk_in/A (sg13g2_buf_16)
     1    0.003811    0.015169    0.057456    0.172133 ^ clkbuf_1_0__f_fclk_in/X (sg13g2_buf_16)
                                                         clknet_1_0__leaf_fclk_in (net)
                      0.015169    0.000054    0.172187 ^ _240_/A (sg13g2_buf_1)
     1    0.003173    0.022707    0.054590    0.226777 ^ _240_/X (sg13g2_buf_1)
                                                         net28 (net)
                      0.022707    0.000032    0.226809 ^ output28/A (sg13g2_buf_1)
     1    0.006000    0.034805    0.066106    0.292916 ^ output28/X (sg13g2_buf_1)
                                                         fclk_comp (net)
                      0.034805    0.000000    0.292916 ^ fclk_comp (out)
                                              0.292916   data arrival time

                                  0.000000    0.000000   clock fclk_in (rise edge)
                                  0.000000    0.000000   clock network delay (propagated)
                                  0.250000    0.250000   clock uncertainty
                                  0.000000    0.250000   clock reconvergence pessimism
                                -12.500000  -12.250000   output external delay
                                            -12.250000   data required time
---------------------------------------------------------------------------------------------
                                            -12.250000   data required time
                                             -0.292916   data arrival time
---------------------------------------------------------------------------------------------
                                             12.542915   slack (MET)


Startpoint: rst (input port clocked by fclk_in)
Endpoint: _235_ (removal check against rising-edge clock fclk_in)
Path Group: asynchronous
Path Type: min

Fanout         Cap        Slew       Delay        Time   Description
---------------------------------------------------------------------------------------------
                                  0.000000    0.000000   clock fclk_in (rise edge)
                                  0.000000    0.000000   clock network delay (propagated)
                                 12.500000   12.500000 v input external delay
     1    0.004481    0.018240    0.003163   12.503162 v rst (in)
                                                         rst (net)
                      0.018240    0.000000   12.503162 v input5/A (sg13g2_buf_1)
     1    0.003153    0.020056    0.057843   12.561005 v input5/X (sg13g2_buf_1)
                                                         net5 (net)
                      0.020056    0.000034   12.561039 v fanout39/A (sg13g2_buf_1)
     4    0.019109    0.067192    0.097741   12.658780 v fanout39/X (sg13g2_buf_1)
                                                         net39 (net)
                      0.067192    0.000108   12.658889 v fanout35/A (sg13g2_buf_1)
     8    0.034524    0.112389    0.153876   12.812764 v fanout35/X (sg13g2_buf_1)
                                                         net35 (net)
                      0.112389    0.000201   12.812965 v fanout34/A (sg13g2_buf_1)
     8    0.032895    0.107804    0.167568   12.980534 v fanout34/X (sg13g2_buf_1)
                                                         net34 (net)
                      0.107804    0.000147   12.980680 v _203_/A (sg13g2_inv_1)
     1    0.005549    0.045973    0.059694   13.040375 ^ _203_/Y (sg13g2_inv_1)
                                                         _029_ (net)
                      0.045973    0.000044   13.040418 ^ _235_/RESET_B (sg13g2_dfrbpq_1)
                                             13.040418   data arrival time

                                  0.000000    0.000000   clock fclk_in (rise edge)
                                  0.000000    0.000000   clock source latency
     2    0.043222    0.057443    0.035906    0.035906 ^ fclk_in (in)
                                                         fclk_in (net)
                      0.057534    0.000000    0.035906 ^ clkbuf_regs_0_fclk_in/A (sg13g2_buf_16)
     1    0.018526    0.020428    0.078225    0.114131 ^ clkbuf_regs_0_fclk_in/X (sg13g2_buf_16)
                                                         fclk_in_regs (net)
                      0.020429    0.000266    0.114398 ^ clkbuf_0_fclk_in_regs/A (sg13g2_buf_16)
     2    0.037495    0.022974    0.064003    0.178401 ^ clkbuf_0_fclk_in_regs/X (sg13g2_buf_16)
                                                         clknet_0_fclk_in_regs (net)
                      0.022975    0.000350    0.178751 ^ clkbuf_1_0__f_fclk_in_regs/A (sg13g2_buf_16)
     3    0.011067    0.017050    0.060067    0.238818 ^ clkbuf_1_0__f_fclk_in_regs/X (sg13g2_buf_16)
                                                         clknet_1_0__leaf_fclk_in_regs (net)
                      0.017050    0.000128    0.238946 ^ _235_/CLK (sg13g2_dfrbpq_1)
                                  0.250000    0.488946   clock uncertainty
                                  0.000000    0.488946   clock reconvergence pessimism
                                 -0.108648    0.380298   library removal time
                                              0.380298   data required time
---------------------------------------------------------------------------------------------
                                              0.380298   data required time
                                            -13.040418   data arrival time
---------------------------------------------------------------------------------------------
                                             12.660119   slack (MET)


Startpoint: rst (input port clocked by fclk_in)
Endpoint: _236_ (removal check against rising-edge clock fclk_in)
Path Group: asynchronous
Path Type: min

Fanout         Cap        Slew       Delay        Time   Description
---------------------------------------------------------------------------------------------
                                  0.000000    0.000000   clock fclk_in (rise edge)
                                  0.000000    0.000000   clock network delay (propagated)
                                 12.500000   12.500000 v input external delay
     1    0.004481    0.018240    0.003163   12.503162 v rst (in)
                                                         rst (net)
                      0.018240    0.000000   12.503162 v input5/A (sg13g2_buf_1)
     1    0.003153    0.020056    0.057843   12.561005 v input5/X (sg13g2_buf_1)
                                                         net5 (net)
                      0.020056    0.000034   12.561039 v fanout39/A (sg13g2_buf_1)
     4    0.019109    0.067192    0.097741   12.658780 v fanout39/X (sg13g2_buf_1)
                                                         net39 (net)
                      0.067192    0.000108   12.658889 v fanout35/A (sg13g2_buf_1)
     8    0.034524    0.112389    0.153876   12.812764 v fanout35/X (sg13g2_buf_1)
                                                         net35 (net)
                      0.112389    0.000201   12.812965 v fanout34/A (sg13g2_buf_1)
     8    0.032895    0.107804    0.167568   12.980534 v fanout34/X (sg13g2_buf_1)
                                                         net34 (net)
                      0.107804    0.000208   12.980742 v _204_/A (sg13g2_inv_1)
     1    0.005797    0.046822    0.060697   13.041438 ^ _204_/Y (sg13g2_inv_1)
                                                         _030_ (net)
                      0.046822    0.000056   13.041494 ^ _236_/RESET_B (sg13g2_dfrbpq_1)
                                             13.041494   data arrival time

                                  0.000000    0.000000   clock fclk_in (rise edge)
                                  0.000000    0.000000   clock source latency
     2    0.043222    0.057443    0.035906    0.035906 ^ fclk_in (in)
                                                         fclk_in (net)
                      0.057534    0.000000    0.035906 ^ clkbuf_regs_0_fclk_in/A (sg13g2_buf_16)
     1    0.018526    0.020428    0.078225    0.114131 ^ clkbuf_regs_0_fclk_in/X (sg13g2_buf_16)
                                                         fclk_in_regs (net)
                      0.020429    0.000266    0.114398 ^ clkbuf_0_fclk_in_regs/A (sg13g2_buf_16)
     2    0.037495    0.022974    0.064003    0.178401 ^ clkbuf_0_fclk_in_regs/X (sg13g2_buf_16)
                                                         clknet_0_fclk_in_regs (net)
                      0.022975    0.000350    0.178751 ^ clkbuf_1_0__f_fclk_in_regs/A (sg13g2_buf_16)
     3    0.011067    0.017050    0.060067    0.238818 ^ clkbuf_1_0__f_fclk_in_regs/X (sg13g2_buf_16)
                                                         clknet_1_0__leaf_fclk_in_regs (net)
                      0.017050    0.000089    0.238908 ^ _236_/CLK (sg13g2_dfrbpq_1)
                                  0.250000    0.488907   clock uncertainty
                                  0.000000    0.488907   clock reconvergence pessimism
                                 -0.108902    0.380005   library removal time
                                              0.380005   data required time
---------------------------------------------------------------------------------------------
                                              0.380005   data required time
                                            -13.041494   data arrival time
---------------------------------------------------------------------------------------------
                                             12.661489   slack (MET)


Startpoint: _239_ (rising edge-triggered flip-flop clocked by fclk_in)
Endpoint: fdac_clk (output port clocked by fclk_in)
Path Group: fclk_in
Path Type: min

Fanout         Cap        Slew       Delay        Time   Description
---------------------------------------------------------------------------------------------
                                  0.000000    0.000000   clock fclk_in (rise edge)
                                  0.000000    0.000000   clock source latency
     2    0.043222    0.057443    0.035906    0.035906 ^ fclk_in (in)
                                                         fclk_in (net)
                      0.057534    0.000000    0.035906 ^ clkbuf_regs_0_fclk_in/A (sg13g2_buf_16)
     1    0.018526    0.020428    0.078225    0.114131 ^ clkbuf_regs_0_fclk_in/X (sg13g2_buf_16)
                                                         fclk_in_regs (net)
                      0.020429    0.000266    0.114398 ^ clkbuf_0_fclk_in_regs/A (sg13g2_buf_16)
     2    0.037495    0.022974    0.064003    0.178401 ^ clkbuf_0_fclk_in_regs/X (sg13g2_buf_16)
                                                         clknet_0_fclk_in_regs (net)
                      0.022975    0.000301    0.178702 ^ clkbuf_1_1__f_fclk_in_regs/A (sg13g2_buf_16)
     3    0.011427    0.017121    0.060137    0.238839 ^ clkbuf_1_1__f_fclk_in_regs/X (sg13g2_buf_16)
                                                         clknet_1_1__leaf_fclk_in_regs (net)
                      0.017121    0.000149    0.238988 ^ _239_/CLK (sg13g2_dfrbpq_1)
     1    0.003591    0.021239    0.159901    0.398888 v _239_/Q (sg13g2_dfrbpq_1)
                                                         net30 (net)
                      0.021239    0.000047    0.398936 v output30/A (sg13g2_buf_1)
     1    0.006000    0.028975    0.066138    0.465074 v output30/X (sg13g2_buf_1)
                                                         fdac_clk (net)
                      0.028975    0.000000    0.465074 v fdac_clk (out)
                                              0.465074   data arrival time

                                  0.000000    0.000000   clock fclk_in (rise edge)
                                  0.000000    0.000000   clock network delay (propagated)
                                  0.250000    0.250000   clock uncertainty
                                  0.000000    0.250000   clock reconvergence pessimism
                                -12.500000  -12.250000   output external delay
                                            -12.250000   data required time
---------------------------------------------------------------------------------------------
                                            -12.250000   data required time
                                             -0.465074   data arrival time
---------------------------------------------------------------------------------------------
                                             12.715074   slack (MET)


Startpoint: _234_ (rising edge-triggered flip-flop clocked by fclk_in)
Endpoint: fclk_samp (output port clocked by fclk_in)
Path Group: fclk_in
Path Type: min

Fanout         Cap        Slew       Delay        Time   Description
---------------------------------------------------------------------------------------------
                                  0.000000    0.000000   clock fclk_in (rise edge)
                                  0.000000    0.000000   clock source latency
     2    0.043222    0.057443    0.035906    0.035906 ^ fclk_in (in)
                                                         fclk_in (net)
                      0.057534    0.000000    0.035906 ^ clkbuf_regs_0_fclk_in/A (sg13g2_buf_16)
     1    0.018526    0.020428    0.078225    0.114131 ^ clkbuf_regs_0_fclk_in/X (sg13g2_buf_16)
                                                         fclk_in_regs (net)
                      0.020429    0.000266    0.114398 ^ clkbuf_0_fclk_in_regs/A (sg13g2_buf_16)
     2    0.037495    0.022974    0.064003    0.178401 ^ clkbuf_0_fclk_in_regs/X (sg13g2_buf_16)
                                                         clknet_0_fclk_in_regs (net)
                      0.022975    0.000301    0.178702 ^ clkbuf_1_1__f_fclk_in_regs/A (sg13g2_buf_16)
     3    0.011427    0.017121    0.060137    0.238839 ^ clkbuf_1_1__f_fclk_in_regs/X (sg13g2_buf_16)
                                                         clknet_1_1__leaf_fclk_in_regs (net)
                      0.017121    0.000117    0.238956 ^ _234_/CLK (sg13g2_dfrbpq_1)
     2    0.007979    0.042414    0.175892    0.414848 ^ _234_/Q (sg13g2_dfrbpq_1)
                                                         _001_ (net)
                      0.042414    0.000054    0.414902 ^ _104_/A (sg13g2_inv_1)
     5    0.024072    0.080474    0.087421    0.502323 v _104_/Y (sg13g2_inv_1)
                                                         net29 (net)
                      0.080476    0.000315    0.502637 v output29/A (sg13g2_buf_1)
     1    0.006000    0.030733    0.091283    0.593920 v output29/X (sg13g2_buf_1)
                                                         fclk_samp (net)
                      0.030733    0.000000    0.593920 v fclk_samp (out)
                                              0.593920   data arrival time

                                  0.000000    0.000000   clock fclk_in (rise edge)
                                  0.000000    0.000000   clock network delay (propagated)
                                  0.250000    0.250000   clock uncertainty
                                  0.000000    0.250000   clock reconvergence pessimism
                                -12.500000  -12.250000   output external delay
                                            -12.250000   data required time
---------------------------------------------------------------------------------------------
                                            -12.250000   data required time
                                             -0.593920   data arrival time
---------------------------------------------------------------------------------------------
                                             12.843920   slack (MET)



