
===========================================================================
 report_power
============================================================================
======================= nom_typ_1p20V_25C Corner ===================================

Group                    Internal    Switching      Leakage        Total
                            Power        Power        Power        Power (Watts)
------------------------------------------------------------------------
Sequential           1.739638e-05 3.781263e-06 1.577065e-08 2.119342e-05  41.1%
Combinational        7.927816e-06 5.628277e-06 1.626019e-08 1.357235e-05  26.3%
Clock                1.421402e-05 2.544942e-06 8.532961e-09 1.676750e-05  32.5%
Macro                0.000000e+00 0.000000e+00 0.000000e+00 0.000000e+00   0.0%
Pad                  0.000000e+00 0.000000e+00 0.000000e+00 0.000000e+00   0.0%
------------------------------------------------------------------------
Total                3.953823e-05 1.195448e-05 4.056380e-08 5.153328e-05 100.0%
                            76.7%        23.2%         0.1%
Writing metric power__internal__total: 3.953823397750966e-5
Writing metric power__switching__total: 1.1954479305131827e-5
Writing metric power__leakage__total: 4.0563797654158407e-8
Writing metric power__total: 5.153327583684586e-5

